webdav-1  | 2026/09/19 17:32:05 dav_request id=150 method=OPTIONS path_sha256=8a5edab282632443219e051e4ade2d1d5bbc671c781051bf1437897cbdfea0f1 content_length=0 has_if=false
webdav-1  | 2026/09/19 17:32:05 dav_response id=150 status=200 request_bytes=0 response_bytes=0
webdav-1  | 2026/09/19 17:32:10 dav_request id=151 method=OPTIONS path_sha256=8a5edab282632443219e051e4ade2d1d5bbc671c781051bf1437897cbdfea0f1 content_length=0 has_if=false
webdav-1  | 2026/09/19 17:32:10 dav_response id=151 status=200 request_bytes=0 response_bytes=0
webdav-1  | 2026/09/19 17:32:15 dav_request id=152 method=OPTIONS path_sha256=8a5edab282632443219e051e4ade2d1d5bbc671c781051bf1437897cbdfea0f1 content_length=0 has_if=false
webdav-1  | 2026/09/19 17:32:15 dav_response id=152 status=200 request_bytes=0 response_bytes=0
webdav-1  | 2026/09/19 17:32:20 dav_request id=153 method=OPTIONS path_sha256=8a5edab282632443219e051e4ade2d1d5bbc671c781051bf1437897cbdfea0f1 content_length=0 has_if=false
webdav-1  | 2026/09/19 17:32:20 dav_response id=153 status=200 request_bytes=0 response_bytes=0
webdav-1  | 2026/09/19 17:32:25 dav_request id=154 method=OPTIONS path_sha256=8a5edab282632443219e051e4ade2d1d5bbc671c781051bf1437897cbdfea0f1 content_length=0 has_if=false
webdav-1  | 2026/09/19 17:32:25 dav_response id=154 status=200 request_bytes=0 response_bytes=0
webdav-1  | 2026/09/19 17:32:30 dav_request id=155 method=OPTIONS path_sha256=8a5edab282632443219e051e4ade2d1d5bbc671c781051bf1437897cbdfea0f1 content_length=0 has_if=false
webdav-1  | 2026/09/19 17:32:30 dav_response id=155 status=200 request_bytes=0 response_bytes=0
webdav-1  | 2026/09/19 17:32:35 dav_request id=156 method=OPTIONS path_sha256=8a5edab282632443219e051e4ade2d1d5bbc671c781051bf1437897cbdfea0f1 content_length=0 has_if=false
webdav-1  | 2026/09/19 17:32:35 dav_response id=156 status=200 request_bytes=0 response_bytes=0
webdav-1  | 2026/09/19 17:32:40 dav_request id=157 method=OPTIONS path_sha256=8a5edab282632443219e051e4ade2d1d5bbc671c781051bf1437897cbdfea0f1 content_length=0 has_if=false
webdav-1  | 2026/09/19 17:32:40 dav_response id=157 status=200 request_bytes=0 response_bytes=0
webdav-1  | 2026/09/19 17:32:45 dav_request id=158 method=OPTIONS path_sha256=8a5edab282632443219e051e4ade2d1d5bbc671c781051bf1437897cbdfea0f1 content_length=0 has_if=false
webdav-1  | 2026/09/19 17:32:45 dav_response id=158 status=200 request_bytes=0 response_bytes=0
webdav-1  | 2026/09/19 17:32:50 dav_request id=159 method=OPTIONS path_sha256=8a5edab282632443219e051e4ade2d1d5bbc671c781051bf1437897cbdfea0f1 content_length=0 has_if=false
webdav-1  | 2026/09/19 17:32:50 dav_response id=159 status=200 request_bytes=0 response_bytes=0
webdav-1  | 2026/09/19 17:32:56 dav_request id=160 method=OPTIONS path_sha256=8a5edab282632443219e051e4ade2d1d5bbc671c781051bf1437897cbdfea0f1 content_length=0 has_if=false
webdav-1  | 2026/09/19 17:32:56 dav_response id=160 status=200 request_bytes=0 response_bytes=0
webdav-1  | 2026/09/19 17:32:58 dav_request id=161 method=PROPFIND path_sha256=8a5edab282632443219e051e4ade2d1d5bbc671c781051bf1437897cbdfea0f1 content_length=179 has_if=false
webdav-1  | 2026/09/19 17:32:58 dav_response id=161 status=207 request_bytes=179 response_bytes=495
webdav-1  | 2026/09/19 17:33:01 dav_request id=162 method=OPTIONS path_sha256=8a5edab282632443219e051e4ade2d1d5bbc671c781051bf1437897cbdfea0f1 content_length=0 has_if=false
webdav-1  | 2026/09/19 17:33:01 dav_response id=162 status=200 request_bytes=0 response_bytes=0
webdav-1  | 2026/09/19 17:33:06 dav_request id=163 method=OPTIONS path_sha256=8a5edab282632443219e051e4ade2d1d5bbc671c781051bf1437897cbdfea0f1 content_length=0 has_if=false
webdav-1  | 2026/09/19 17:33:06 dav_response id=163 status=200 request_bytes=0 response_bytes=0
webdav-1  | 2026/09/19 17:33:11 dav_request id=164 method=OPTIONS path_sha256=8a5edab282632443219e051e4ade2d1d5bbc671c781051bf1437897cbdfea0f1 content_length=0 has_if=false
webdav-1  | 2026/09/19 17:33:11 dav_response id=164 status=200 request_bytes=0 response_bytes=0
webdav-1  | 2026/09/19 17:33:12 dav_request id=165 method=MKCOL path_sha256=e11f7615d5d0b70d117b49986dd8613f2802d72fb6ac07432495bd8665fea3fe content_length=0 has_if=false
webdav-1  | 2026/09/19 17:33:15 dav_response id=165 status=201 request_bytes=0 response_bytes=7
webdav-1  | 2026/09/19 17:33:15 dav_request id=166 method=PROPFIND path_sha256=e11f7615d5d0b70d117b49986dd8613f2802d72fb6ac07432495bd8665fea3fe content_length=179 has_if=false
webdav-1  | 2026/09/19 17:33:15 dav_response id=166 status=207 request_bytes=179 response_bytes=533
webdav-1  | 2026/09/19 17:33:15 dav_request id=167 method=PROPFIND path_sha256=dc062bbb72cd95778fac897574dca492e8b1dff3da6cb3776909696652c07b8d content_length=179 has_if=false
webdav-1  | 2026/09/19 17:33:15 dav_response id=167 status=207 request_bytes=179 response_bytes=533
webdav-1  | 2026/09/19 17:33:15 dav_request id=168 method=PROPFIND path_sha256=ba39c6167f4074abf638956d436cc7682e0ebc9a759a88bed9d49af0b481a5c3 content_length=179 has_if=false
webdav-1  | 2026/09/19 17:33:15 dav_response id=168 status=404 request_bytes=179 response_bytes=9
webdav-1  | 2026/09/19 17:33:16 dav_request id=169 method=OPTIONS path_sha256=8a5edab282632443219e051e4ade2d1d5bbc671c781051bf1437897cbdfea0f1 content_length=0 has_if=false
webdav-1  | 2026/09/19 17:33:16 dav_response id=169 status=200 request_bytes=0 response_bytes=0
webdav-1  | 2026/09/19 17:33:21 dav_request id=170 method=OPTIONS path_sha256=8a5edab282632443219e051e4ade2d1d5bbc671c781051bf1437897cbdfea0f1 content_length=0 has_if=false
webdav-1  | 2026/09/19 17:33:21 dav_response id=170 status=200 request_bytes=0 response_bytes=0
webdav-1  | 2026/09/19 17:33:22 dav_request id=171 method=PROPFIND path_sha256=4b0e82e7e60f78c24f3b95a6f54913d39aa75c7f5b0bb147be53cbb65719f9b6 content_length=179 has_if=false
webdav-1  | 2026/09/19 17:33:22 dav_response id=171 status=404 request_bytes=179 response_bytes=9
webdav-1  | 2026/09/19 17:33:26 dav_request id=172 method=OPTIONS path_sha256=8a5edab282632443219e051e4ade2d1d5bbc671c781051bf1437897cbdfea0f1 content_length=0 has_if=false
webdav-1  | 2026/09/19 17:33:26 dav_response id=172 status=200 request_bytes=0 response_bytes=0
webdav-1  | 2026/09/19 17:33:27 dav_request id=173 method=PROPFIND path_sha256=b0f72d8e03f4e2415c124c3d09a23c73db322ef23cf0a2b9291cc30038ac2928 content_length=179 has_if=false
webdav-1  | 2026/09/19 17:33:27 dav_response id=173 status=207 request_bytes=179 response_bytes=510
webdav-1  | 2026/09/19 17:33:27 dav_request id=174 method=LOCK path_sha256=b0f72d8e03f4e2415c124c3d09a23c73db322ef23cf0a2b9291cc30038ac2928 content_length=229 has_if=false
webdav-1  | 2026/09/19 17:33:27 dav_response id=174 status=423 request_bytes=229 response_bytes=38
webdav-1  | 2026/09/19 17:33:27 dav_request id=175 method=PROPFIND path_sha256=dc062bbb72cd95778fac897574dca492e8b1dff3da6cb3776909696652c07b8d content_length=179 has_if=false
webdav-1  | 2026/09/19 17:33:27 dav_response id=175 status=207 request_bytes=179 response_bytes=533
webdav-1  | 2026/09/19 17:33:27 dav_request id=176 method=PROPFIND path_sha256=484a38d68383eeb49442b9193cefe0dd594b4202ca35f91e00b4060342a5a47f content_length=179 has_if=false
webdav-1  | 2026/09/19 17:33:27 dav_response id=176 status=404 request_bytes=179 response_bytes=9
webdav-1  | 2026/09/19 17:33:27 dav_request id=177 method=PROPFIND path_sha256=dc062bbb72cd95778fac897574dca492e8b1dff3da6cb3776909696652c07b8d content_length=179 has_if=false
webdav-1  | 2026/09/19 17:33:27 dav_response id=177 status=207 request_bytes=179 response_bytes=533
webdav-1  | 2026/09/19 17:33:28 dav_request id=178 method=PROPFIND path_sha256=dc062bbb72cd95778fac897574dca492e8b1dff3da6cb3776909696652c07b8d content_length=179 has_if=false
webdav-1  | 2026/09/19 17:33:28 dav_response id=178 status=207 request_bytes=179 response_bytes=533
webdav-1  | 2026/09/19 17:33:31 dav_request id=179 method=OPTIONS path_sha256=8a5edab282632443219e051e4ade2d1d5bbc671c781051bf1437897cbdfea0f1 content_length=0 has_if=false
webdav-1  | 2026/09/19 17:33:31 dav_response id=179 status=200 request_bytes=0 response_bytes=0
webdav-1  | 2026/09/19 17:33:36 dav_request id=180 method=PROPFIND path_sha256=8a5edab282632443219e051e4ade2d1d5bbc671c781051bf1437897cbdfea0f1 content_length=179 has_if=false
webdav-1  | 2026/09/19 17:33:36 dav_response id=180 status=207 request_bytes=179 response_bytes=495
webdav-1  | 2026/09/19 17:33:36 dav_request id=181 method=PROPFIND path_sha256=dc062bbb72cd95778fac897574dca492e8b1dff3da6cb3776909696652c07b8d content_length=179 has_if=false
webdav-1  | 2026/09/19 17:33:36 dav_response id=181 status=207 request_bytes=179 response_bytes=533
webdav-1  | 2026/09/19 17:33:36 dav_request id=182 method=PROPFIND path_sha256=4b0e82e7e60f78c24f3b95a6f54913d39aa75c7f5b0bb147be53cbb65719f9b6 content_length=179 has_if=false
webdav-1  | 2026/09/19 17:33:36 dav_response id=182 status=404 request_bytes=179 response_bytes=9
webdav-1  | 2026/09/19 17:33:36 dav_request id=183 method=PROPFIND path_sha256=ba39c6167f4074abf638956d436cc7682e0ebc9a759a88bed9d49af0b481a5c3 content_length=179 has_if=false
webdav-1  | 2026/09/19 17:33:36 dav_response id=183 status=404 request_bytes=179 response_bytes=9
webdav-1  | 2026/09/19 17:33:36 dav_request id=184 method=PUT path_sha256=ba39c6167f4074abf638956d436cc7682e0ebc9a759a88bed9d49af0b481a5c3 content_length=0 has_if=false
webdav-1  | 2026/09/19 17:33:36 dav_response id=184 status=201 request_bytes=0 response_bytes=0
webdav-1  | 2026/09/19 17:33:36 dav_request id=185 method=PROPFIND path_sha256=1845eef8ee780afa0ea3c920f6636df8712a76c943943ed330684847e2ceb7f6 content_length=179 has_if=false
webdav-1  | 2026/09/19 17:33:36 dav_response id=185 status=404 request_bytes=179 response_bytes=9
webdav-1  | 2026/09/19 17:33:36 dav_request id=186 method=LOCK path_sha256=ba39c6167f4074abf638956d436cc7682e0ebc9a759a88bed9d49af0b481a5c3 content_length=229 has_if=false
webdav-1  | 2026/09/19 17:33:36 dav_response id=186 status=200 request_bytes=229 response_bytes=502
webdav-1  | 2026/09/19 17:33:36 dav_request id=187 method=UNLOCK path_sha256=ba39c6167f4074abf638956d436cc7682e0ebc9a759a88bed9d49af0b481a5c3 content_length=0 has_if=false
webdav-1  | 2026/09/19 17:33:36 dav_response id=187 status=204 request_bytes=0 response_bytes=0
webdav-1  | 2026/09/19 17:33:36 dav_request id=188 method=PROPFIND path_sha256=ba39c6167f4074abf638956d436cc7682e0ebc9a759a88bed9d49af0b481a5c3 content_length=179 has_if=false
webdav-1  | 2026/09/19 17:33:36 dav_response id=188 status=207 request_bytes=179 response_bytes=573
webdav-1  | 2026/09/19 17:33:36 dav_request id=189 method=LOCK path_sha256=ba39c6167f4074abf638956d436cc7682e0ebc9a759a88bed9d49af0b481a5c3 content_length=229 has_if=false
webdav-1  | 2026/09/19 17:33:36 dav_response id=189 status=200 request_bytes=229 response_bytes=502
webdav-1  | 2026/09/19 17:33:36 dav_request id=190 method=UNLOCK path_sha256=ba39c6167f4074abf638956d436cc7682e0ebc9a759a88bed9d49af0b481a5c3 content_length=0 has_if=false
webdav-1  | 2026/09/19 17:33:36 dav_response id=190 status=204 request_bytes=0 response_bytes=0
webdav-1  | 2026/09/19 17:33:36 dav_request id=191 method=PROPFIND path_sha256=1845eef8ee780afa0ea3c920f6636df8712a76c943943ed330684847e2ceb7f6 content_length=179 has_if=false
webdav-1  | 2026/09/19 17:33:36 dav_response id=191 status=404 request_bytes=179 response_bytes=9
webdav-1  | 2026/09/19 17:33:36 dav_request id=192 method=PUT path_sha256=1845eef8ee780afa0ea3c920f6636df8712a76c943943ed330684847e2ceb7f6 content_length=0 has_if=false
webdav-1  | 2026/09/19 17:33:36 dav_response id=192 status=201 request_bytes=0 response_bytes=0
webdav-1  | 2026/09/19 17:33:36 dav_request id=193 method=LOCK path_sha256=1845eef8ee780afa0ea3c920f6636df8712a76c943943ed330684847e2ceb7f6 content_length=229 has_if=false
webdav-1  | 2026/09/19 17:33:36 dav_response id=193 status=200 request_bytes=229 response_bytes=504
webdav-1  | 2026/09/19 17:33:36 dav_request id=194 method=PUT path_sha256=1845eef8ee780afa0ea3c920f6636df8712a76c943943ed330684847e2ceb7f6 content_length=4096 has_if=true
webdav-1  | 2026/09/19 17:33:36 dav_request id=195 method=OPTIONS path_sha256=8a5edab282632443219e051e4ade2d1d5bbc671c781051bf1437897cbdfea0f1 content_length=0 has_if=false
webdav-1  | 2026/09/19 17:33:36 dav_response id=195 status=200 request_bytes=0 response_bytes=0
webdav-1  | 2026/09/19 17:33:40 dav_response id=194 status=201 request_bytes=4096 response_bytes=7
webdav-1  | 2026/09/19 17:33:40 dav_request id=196 method=UNLOCK path_sha256=1845eef8ee780afa0ea3c920f6636df8712a76c943943ed330684847e2ceb7f6 content_length=0 has_if=false
webdav-1  | 2026/09/19 17:33:40 dav_response id=196 status=204 request_bytes=0 response_bytes=0
webdav-1  | 2026/09/19 17:33:40 dav_request id=197 method=LOCK path_sha256=ba39c6167f4074abf638956d436cc7682e0ebc9a759a88bed9d49af0b481a5c3 content_length=229 has_if=false
webdav-1  | 2026/09/19 17:33:40 dav_response id=197 status=200 request_bytes=229 response_bytes=502
webdav-1  | 2026/09/19 17:33:40 dav_request id=198 method=GET path_sha256=ba39c6167f4074abf638956d436cc7682e0ebc9a759a88bed9d49af0b481a5c3 content_length=0 has_if=false
webdav-1  | 2026/09/19 17:33:40 dav_response id=198 status=200 request_bytes=0 response_bytes=0
webdav-1  | 2026/09/19 17:33:40 dav_request id=199 method=UNLOCK path_sha256=ba39c6167f4074abf638956d436cc7682e0ebc9a759a88bed9d49af0b481a5c3 content_length=0 has_if=false
webdav-1  | 2026/09/19 17:33:40 dav_response id=199 status=204 request_bytes=0 response_bytes=0
webdav-1  | 2026/09/19 17:33:40 dav_request id=200 method=PROPFIND path_sha256=dc062bbb72cd95778fac897574dca492e8b1dff3da6cb3776909696652c07b8d content_length=179 has_if=false
webdav-1  | 2026/09/19 17:33:40 dav_response id=200 status=207 request_bytes=179 response_bytes=992
webdav-1  | 2026/09/19 17:33:40 dav_request id=201 method=PROPFIND path_sha256=ba39c6167f4074abf638956d436cc7682e0ebc9a759a88bed9d49af0b481a5c3 content_length=179 has_if=false
webdav-1  | 2026/09/19 17:33:40 dav_response id=201 status=207 request_bytes=179 response_bytes=573
webdav-1  | 2026/09/19 17:33:40 dav_request id=202 method=LOCK path_sha256=ba39c6167f4074abf638956d436cc7682e0ebc9a759a88bed9d49af0b481a5c3 content_length=229 has_if=false
webdav-1  | 2026/09/19 17:33:40 dav_response id=202 status=200 request_bytes=229 response_bytes=502
webdav-1  | 2026/09/19 17:33:40 dav_request id=203 method=GET path_sha256=ba39c6167f4074abf638956d436cc7682e0ebc9a759a88bed9d49af0b481a5c3 content_length=0 has_if=false
webdav-1  | 2026/09/19 17:33:40 dav_response id=203 status=200 request_bytes=0 response_bytes=0
webdav-1  | 2026/09/19 17:33:40 dav_request id=204 method=PUT path_sha256=ba39c6167f4074abf638956d436cc7682e0ebc9a759a88bed9d49af0b481a5c3 content_length=-1 has_if=true
webdav-1  | 2026/09/19 17:33:40 dav_request id=205 method=LOCK path_sha256=1845eef8ee780afa0ea3c920f6636df8712a76c943943ed330684847e2ceb7f6 content_length=229 has_if=false
webdav-1  | 2026/09/19 17:33:40 dav_response id=205 status=200 request_bytes=229 response_bytes=519
webdav-1  | 2026/09/19 17:33:40 dav_request id=206 method=GET path_sha256=1845eef8ee780afa0ea3c920f6636df8712a76c943943ed330684847e2ceb7f6 content_length=0 has_if=false
webdav-1  | 2026/09/19 17:33:40 dav_response id=206 status=200 request_bytes=0 response_bytes=4096
webdav-1  | 2026/09/19 17:33:40 dav_request id=207 method=PUT path_sha256=1845eef8ee780afa0ea3c920f6636df8712a76c943943ed330684847e2ceb7f6 content_length=4096 has_if=true
webdav-1  | 2026/09/19 17:33:40 dav_request id=208 method=PROPFIND path_sha256=dc062bbb72cd95778fac897574dca492e8b1dff3da6cb3776909696652c07b8d content_length=179 has_if=false
webdav-1  | 2026/09/19 17:33:41 dav_request id=209 method=OPTIONS path_sha256=8a5edab282632443219e051e4ade2d1d5bbc671c781051bf1437897cbdfea0f1 content_length=0 has_if=false
webdav-1  | 2026/09/19 17:33:41 dav_response id=209 status=200 request_bytes=0 response_bytes=0
webdav-1  | 2026/09/19 17:33:42 dav_response id=207 status=201 request_bytes=4096 response_bytes=7
webdav-1  | 2026/09/19 17:33:42 dav_request id=210 method=UNLOCK path_sha256=1845eef8ee780afa0ea3c920f6636df8712a76c943943ed330684847e2ceb7f6 content_length=0 has_if=false
webdav-1  | 2026/09/19 17:33:42 dav_response id=210 status=204 request_bytes=0 response_bytes=0
webdav-1  | 2026/09/19 17:33:45 dav_response id=208 status=207 request_bytes=179 response_bytes=1013
webdav-1  | 2026/09/19 17:33:45 dav_request id=211 method=PROPFIND path_sha256=1845eef8ee780afa0ea3c920f6636df8712a76c943943ed330684847e2ceb7f6 content_length=179 has_if=false
webdav-1  | 2026/09/19 17:33:45 dav_request id=212 method=PROPFIND path_sha256=dc062bbb72cd95778fac897574dca492e8b1dff3da6cb3776909696652c07b8d content_length=179 has_if=false
webdav-1  | 2026/09/19 17:33:45 dav_response id=211 status=207 request_bytes=179 response_bytes=543
webdav-1  | 2026/09/19 17:33:46 dav_request id=213 method=OPTIONS path_sha256=8a5edab282632443219e051e4ade2d1d5bbc671c781051bf1437897cbdfea0f1 content_length=0 has_if=false
webdav-1  | 2026/09/19 17:33:46 dav_response id=213 status=200 request_bytes=0 response_bytes=0
webdav-1  | 2026/09/19 17:33:51 dav_response id=212 status=207 request_bytes=179 response_bytes=1013
webdav-1  | 2026/09/19 17:33:51 dav_request id=214 method=PROPFIND path_sha256=dc062bbb72cd95778fac897574dca492e8b1dff3da6cb3776909696652c07b8d content_length=179 has_if=false
webdav-1  | 2026/09/19 17:33:51 dav_request id=215 method=OPTIONS path_sha256=8a5edab282632443219e051e4ade2d1d5bbc671c781051bf1437897cbdfea0f1 content_length=0 has_if=false
webdav-1  | 2026/09/19 17:33:51 dav_response id=215 status=200 request_bytes=0 response_bytes=0
webdav-1  | 2026/09/19 17:33:56 dav_response id=214 status=207 request_bytes=179 response_bytes=1013
webdav-1  | 2026/09/19 17:33:56 dav_request id=216 method=DELETE path_sha256=1845eef8ee780afa0ea3c920f6636df8712a76c943943ed330684847e2ceb7f6 content_length=0 has_if=false
webdav-1  | 2026/09/19 17:33:56 dav_response id=216 status=405 request_bytes=0 response_bytes=18
webdav-1  | 2026/09/19 17:33:56 dav_request id=217 method=LOCK path_sha256=1845eef8ee780afa0ea3c920f6636df8712a76c943943ed330684847e2ceb7f6 content_length=229 has_if=false
webdav-1  | 2026/09/19 17:33:56 dav_response id=217 status=200 request_bytes=229 response_bytes=519
webdav-1  | 2026/09/19 17:33:56 dav_request id=218 method=GET path_sha256=1845eef8ee780afa0ea3c920f6636df8712a76c943943ed330684847e2ceb7f6 content_length=0 has_if=false
webdav-1  | 2026/09/19 17:33:56 dav_request id=219 method=PROPFIND path_sha256=dc062bbb72cd95778fac897574dca492e8b1dff3da6cb3776909696652c07b8d content_length=179 has_if=false
webdav-1  | 2026/09/19 17:33:56 dav_request id=220 method=OPTIONS path_sha256=8a5edab282632443219e051e4ade2d1d5bbc671c781051bf1437897cbdfea0f1 content_length=0 has_if=false
webdav-1  | 2026/09/19 17:33:56 dav_response id=220 status=200 request_bytes=0 response_bytes=0
webdav-1  | 2026/09/19 17:33:57 dav_response id=218 status=200 request_bytes=0 response_bytes=4096
webdav-1  | 2026/09/19 17:33:57 dav_request id=221 method=PUT path_sha256=1845eef8ee780afa0ea3c920f6636df8712a76c943943ed330684847e2ceb7f6 content_length=4096 has_if=true
webdav-1  | 2026/09/19 17:33:59 dav_response id=221 status=201 request_bytes=4096 response_bytes=7
webdav-1  | 2026/09/19 17:33:59 dav_request id=222 method=UNLOCK path_sha256=1845eef8ee780afa0ea3c920f6636df8712a76c943943ed330684847e2ceb7f6 content_length=0 has_if=false
webdav-1  | 2026/09/19 17:33:59 dav_response id=222 status=204 request_bytes=0 response_bytes=0
webdav-1  | 2026/09/19 17:34:01 dav_response id=219 status=207 request_bytes=179 response_bytes=1013
webdav-1  | 2026/09/19 17:34:01 dav_request id=223 method=PROPFIND path_sha256=1845eef8ee780afa0ea3c920f6636df8712a76c943943ed330684847e2ceb7f6 content_length=179 has_if=false
webdav-1  | 2026/09/19 17:34:01 dav_request id=224 method=PROPFIND path_sha256=dc062bbb72cd95778fac897574dca492e8b1dff3da6cb3776909696652c07b8d content_length=179 has_if=false
webdav-1  | 2026/09/19 17:34:01 dav_response id=223 status=207 request_bytes=179 response_bytes=543
webdav-1  | 2026/09/19 17:34:01 dav_request id=225 method=OPTIONS path_sha256=8a5edab282632443219e051e4ade2d1d5bbc671c781051bf1437897cbdfea0f1 content_length=0 has_if=false
webdav-1  | 2026/09/19 17:34:01 dav_response id=225 status=200 request_bytes=0 response_bytes=0
webdav-1  | 2026/09/19 17:34:02 dav_response id=204 status=201 request_bytes=65536 response_bytes=7
webdav-1  | 2026/09/19 17:34:02 dav_request id=226 method=UNLOCK path_sha256=ba39c6167f4074abf638956d436cc7682e0ebc9a759a88bed9d49af0b481a5c3 content_length=0 has_if=false
webdav-1  | 2026/09/19 17:34:02 dav_response id=226 status=204 request_bytes=0 response_bytes=0
webdav-1  | 2026/09/19 17:34:02 dav_request id=227 method=PROPFIND path_sha256=ba39c6167f4074abf638956d436cc7682e0ebc9a759a88bed9d49af0b481a5c3 content_length=179 has_if=false
webdav-1  | 2026/09/19 17:34:02 dav_response id=227 status=207 request_bytes=179 response_bytes=542
webdav-1  | 2026/09/19 17:34:02 dav_response id=224 status=207 request_bytes=179 response_bytes=1450
webdav-1  | 2026/09/19 17:34:02 dav_request id=228 method=PROPFIND path_sha256=ba39c6167f4074abf638956d436cc7682e0ebc9a759a88bed9d49af0b481a5c3 content_length=179 has_if=false
webdav-1  | 2026/09/19 17:34:02 dav_response id=228 status=207 request_bytes=179 response_bytes=542
webdav-1  | 2026/09/19 17:34:02 dav_request id=229 method=LOCK path_sha256=ba39c6167f4074abf638956d436cc7682e0ebc9a759a88bed9d49af0b481a5c3 content_length=229 has_if=false
webdav-1  | 2026/09/19 17:34:02 dav_response id=229 status=200 request_bytes=229 response_bytes=517
webdav-1  | 2026/09/19 17:34:02 dav_request id=230 method=GET path_sha256=ba39c6167f4074abf638956d436cc7682e0ebc9a759a88bed9d49af0b481a5c3 content_length=0 has_if=false
webdav-1  | 2026/09/19 17:34:02 dav_response id=230 status=200 request_bytes=0 response_bytes=65536
webdav-1  | 2026/09/19 17:34:02 dav_request id=231 method=UNLOCK path_sha256=ba39c6167f4074abf638956d436cc7682e0ebc9a759a88bed9d49af0b481a5c3 content_length=0 has_if=false
webdav-1  | 2026/09/19 17:34:02 dav_response id=231 status=204 request_bytes=0 response_bytes=0
webdav-1  | 2026/09/19 17:34:02 dav_request id=232 method=PROPFIND path_sha256=dc062bbb72cd95778fac897574dca492e8b1dff3da6cb3776909696652c07b8d content_length=179 has_if=false
webdav-1  | 2026/09/19 17:34:02 dav_response id=232 status=207 request_bytes=179 response_bytes=1450
webdav-1  | 2026/09/19 17:34:02 dav_request id=233 method=PROPFIND path_sha256=ba39c6167f4074abf638956d436cc7682e0ebc9a759a88bed9d49af0b481a5c3 content_length=179 has_if=false
webdav-1  | 2026/09/19 17:34:02 dav_response id=233 status=207 request_bytes=179 response_bytes=542
webdav-1  | 2026/09/19 17:34:02 dav_request id=234 method=PROPFIND path_sha256=2ef920d5534b2e331e860955689f01c924ca9c14c6a87368413bbacb3d9f559a content_length=179 has_if=false
webdav-1  | 2026/09/19 17:34:02 dav_response id=234 status=404 request_bytes=179 response_bytes=9
webdav-1  | 2026/09/19 17:34:02 dav_request id=235 method=LOCK path_sha256=b0f72d8e03f4e2415c124c3d09a23c73db322ef23cf0a2b9291cc30038ac2928 content_length=229 has_if=false
webdav-1  | 2026/09/19 17:34:02 dav_response id=235 status=423 request_bytes=229 response_bytes=38
webdav-1  | 2026/09/19 17:34:02 dav_request id=236 method=PROPFIND path_sha256=5a7820ca348b3b11c4ba250b8024e7bc049e871feaec983074a4dc6d49671d46 content_length=179 has_if=false
webdav-1  | 2026/09/19 17:34:02 dav_response id=236 status=404 request_bytes=179 response_bytes=9
