webdav-1  | 2026/09/19 17:14:57 dav_request id=1 method=OPTIONS path_sha256=8a5edab282632443219e051e4ade2d1d5bbc671c781051bf1437897cbdfea0f1 content_length=0 has_if=false
webdav-1  | 2026/09/19 17:14:57 dav_response id=1 status=200 request_bytes=0 response_bytes=0
webdav-1  | 2026/09/19 17:15:02 dav_request id=2 method=OPTIONS path_sha256=8a5edab282632443219e051e4ade2d1d5bbc671c781051bf1437897cbdfea0f1 content_length=0 has_if=false
webdav-1  | 2026/09/19 17:15:02 dav_response id=2 status=200 request_bytes=0 response_bytes=0
webdav-1  | 2026/09/19 17:15:07 dav_request id=3 method=OPTIONS path_sha256=8a5edab282632443219e051e4ade2d1d5bbc671c781051bf1437897cbdfea0f1 content_length=0 has_if=false
webdav-1  | 2026/09/19 17:15:07 dav_response id=3 status=200 request_bytes=0 response_bytes=0
webdav-1  | 2026/09/19 17:15:12 dav_request id=4 method=OPTIONS path_sha256=8a5edab282632443219e051e4ade2d1d5bbc671c781051bf1437897cbdfea0f1 content_length=0 has_if=false
webdav-1  | 2026/09/19 17:15:12 dav_response id=4 status=200 request_bytes=0 response_bytes=0
webdav-1  | 2026/09/19 17:15:17 dav_request id=5 method=OPTIONS path_sha256=8a5edab282632443219e051e4ade2d1d5bbc671c781051bf1437897cbdfea0f1 content_length=0 has_if=false
webdav-1  | 2026/09/19 17:15:17 dav_response id=5 status=200 request_bytes=0 response_bytes=0
webdav-1  | 2026/09/19 17:15:22 dav_request id=6 method=OPTIONS path_sha256=8a5edab282632443219e051e4ade2d1d5bbc671c781051bf1437897cbdfea0f1 content_length=0 has_if=false
webdav-1  | 2026/09/19 17:15:22 dav_response id=6 status=200 request_bytes=0 response_bytes=0
webdav-1  | 2026/09/19 17:15:27 dav_request id=7 method=OPTIONS path_sha256=8a5edab282632443219e051e4ade2d1d5bbc671c781051bf1437897cbdfea0f1 content_length=0 has_if=false
webdav-1  | 2026/09/19 17:15:27 dav_response id=7 status=200 request_bytes=0 response_bytes=0
webdav-1  | 2026/09/19 17:15:32 dav_request id=8 method=OPTIONS path_sha256=8a5edab282632443219e051e4ade2d1d5bbc671c781051bf1437897cbdfea0f1 content_length=0 has_if=false
webdav-1  | 2026/09/19 17:15:32 dav_response id=8 status=200 request_bytes=0 response_bytes=0
webdav-1  | 2026/09/19 17:15:38 dav_request id=9 method=OPTIONS path_sha256=8a5edab282632443219e051e4ade2d1d5bbc671c781051bf1437897cbdfea0f1 content_length=0 has_if=false
webdav-1  | 2026/09/19 17:15:38 dav_response id=9 status=200 request_bytes=0 response_bytes=0
webdav-1  | 2026/09/19 17:15:43 dav_request id=10 method=OPTIONS path_sha256=8a5edab282632443219e051e4ade2d1d5bbc671c781051bf1437897cbdfea0f1 content_length=0 has_if=false
webdav-1  | 2026/09/19 17:15:43 dav_response id=10 status=200 request_bytes=0 response_bytes=0
webdav-1  | 2026/09/19 17:15:48 dav_request id=11 method=OPTIONS path_sha256=8a5edab282632443219e051e4ade2d1d5bbc671c781051bf1437897cbdfea0f1 content_length=0 has_if=false
webdav-1  | 2026/09/19 17:15:48 dav_response id=11 status=200 request_bytes=0 response_bytes=0
webdav-1  | 2026/09/19 17:15:49 dav_request id=12 method=OPTIONS path_sha256=8a5edab282632443219e051e4ade2d1d5bbc671c781051bf1437897cbdfea0f1 content_length=0 has_if=false
webdav-1  | 2026/09/19 17:15:49 dav_response id=12 status=200 request_bytes=0 response_bytes=0
webdav-1  | 2026/09/19 17:15:49 dav_request id=13 method=PROPFIND path_sha256=8a5edab282632443219e051e4ade2d1d5bbc671c781051bf1437897cbdfea0f1 content_length=179 has_if=false
webdav-1  | 2026/09/19 17:15:49 dav_response id=13 status=207 request_bytes=179 response_bytes=495
webdav-1  | 2026/09/19 17:15:49 dav_request id=14 method=PROPFIND path_sha256=8a5edab282632443219e051e4ade2d1d5bbc671c781051bf1437897cbdfea0f1 content_length=179 has_if=false
webdav-1  | 2026/09/19 17:15:49 dav_request id=15 method=PROPFIND path_sha256=8a5edab282632443219e051e4ade2d1d5bbc671c781051bf1437897cbdfea0f1 content_length=179 has_if=false
webdav-1  | 2026/09/19 17:15:49 dav_response id=14 status=207 request_bytes=179 response_bytes=495
webdav-1  | 2026/09/19 17:15:49 dav_request id=16 method=PROPFIND path_sha256=8a5edab282632443219e051e4ade2d1d5bbc671c781051bf1437897cbdfea0f1 content_length=179 has_if=false
webdav-1  | 2026/09/19 17:15:49 dav_response id=15 status=207 request_bytes=179 response_bytes=495
webdav-1  | 2026/09/19 17:15:49 dav_request id=17 method=PROPFIND path_sha256=8a5edab282632443219e051e4ade2d1d5bbc671c781051bf1437897cbdfea0f1 content_length=179 has_if=false
webdav-1  | 2026/09/19 17:15:49 dav_request id=18 method=PROPFIND path_sha256=8a5edab282632443219e051e4ade2d1d5bbc671c781051bf1437897cbdfea0f1 content_length=179 has_if=false
webdav-1  | 2026/09/19 17:15:49 dav_response id=16 status=207 request_bytes=179 response_bytes=495
webdav-1  | 2026/09/19 17:15:49 dav_response id=17 status=207 request_bytes=179 response_bytes=495
webdav-1  | 2026/09/19 17:15:49 dav_response id=18 status=207 request_bytes=179 response_bytes=495
webdav-1  | 2026/09/19 17:15:49 dav_request id=19 method=PROPFIND path_sha256=50268925779664c69316d17407f569c14b141a5bc72b5871c7ffc5218c5217f2 content_length=179 has_if=false
webdav-1  | 2026/09/19 17:15:50 dav_response id=19 status=404 request_bytes=179 response_bytes=9
webdav-1  | 2026/09/19 17:15:50 dav_request id=20 method=PROPFIND path_sha256=50268925779664c69316d17407f569c14b141a5bc72b5871c7ffc5218c5217f2 content_length=179 has_if=false
webdav-1  | 2026/09/19 17:15:50 dav_response id=20 status=404 request_bytes=179 response_bytes=9
webdav-1  | 2026/09/19 17:15:50 dav_request id=21 method=PROPFIND path_sha256=50268925779664c69316d17407f569c14b141a5bc72b5871c7ffc5218c5217f2 content_length=179 has_if=false
webdav-1  | 2026/09/19 17:15:50 dav_response id=21 status=404 request_bytes=179 response_bytes=9
webdav-1  | 2026/09/19 17:15:50 dav_request id=22 method=PROPFIND path_sha256=8a5edab282632443219e051e4ade2d1d5bbc671c781051bf1437897cbdfea0f1 content_length=179 has_if=false
webdav-1  | 2026/09/19 17:15:50 dav_response id=22 status=207 request_bytes=179 response_bytes=495
webdav-1  | 2026/09/19 17:15:50 dav_request id=23 method=PROPFIND path_sha256=15e9cacd6c10143ca9a9d4a95477a948a3888b8e3a5c3503b6ef02f01fc3a624 content_length=179 has_if=false
webdav-1  | 2026/09/19 17:15:50 dav_response id=23 status=404 request_bytes=179 response_bytes=9
webdav-1  | 2026/09/19 17:15:50 dav_request id=24 method=PROPFIND path_sha256=b0f72d8e03f4e2415c124c3d09a23c73db322ef23cf0a2b9291cc30038ac2928 content_length=179 has_if=false
webdav-1  | 2026/09/19 17:15:50 dav_response id=24 status=404 request_bytes=0 response_bytes=19
webdav-1  | 2026/09/19 17:15:50 dav_request id=25 method=PROPFIND path_sha256=05c9d354092988df3e15ddab23d86bd1e5faf395292bad0775f576608a80aa1d content_length=179 has_if=false
webdav-1  | 2026/09/19 17:15:50 dav_response id=25 status=404 request_bytes=179 response_bytes=9
webdav-1  | 2026/09/19 17:15:50 dav_request id=26 method=PROPFIND path_sha256=54036edd4d95e69d868274f49ce0bc0182845d6fe423c0489d81947211cd7689 content_length=179 has_if=false
webdav-1  | 2026/09/19 17:15:50 dav_response id=26 status=404 request_bytes=179 response_bytes=9
webdav-1  | 2026/09/19 17:15:50 dav_request id=27 method=PROPFIND path_sha256=67eb5bdd71bc89b598981f4464f303ba1c69ddac920faef36f0747abff4541e6 content_length=179 has_if=false
webdav-1  | 2026/09/19 17:15:50 dav_response id=27 status=404 request_bytes=179 response_bytes=9
webdav-1  | 2026/09/19 17:15:50 dav_request id=28 method=PROPFIND path_sha256=9bca109affcc5044e821e9f01878128750507eed15908ab4232d538413a4ce76 content_length=179 has_if=false
webdav-1  | 2026/09/19 17:15:50 dav_response id=28 status=404 request_bytes=179 response_bytes=9
webdav-1  | 2026/09/19 17:15:50 dav_request id=29 method=PROPFIND path_sha256=5ebb86560e8364edec7de3705e925c59615b2acaa6cff121d08cc29a632c8c78 content_length=179 has_if=false
webdav-1  | 2026/09/19 17:15:50 dav_response id=29 status=404 request_bytes=179 response_bytes=9
webdav-1  | 2026/09/19 17:15:53 dav_request id=30 method=OPTIONS path_sha256=8a5edab282632443219e051e4ade2d1d5bbc671c781051bf1437897cbdfea0f1 content_length=0 has_if=false
webdav-1  | 2026/09/19 17:15:53 dav_response id=30 status=200 request_bytes=0 response_bytes=0
webdav-1  | 2026/09/19 17:15:58 dav_request id=31 method=OPTIONS path_sha256=8a5edab282632443219e051e4ade2d1d5bbc671c781051bf1437897cbdfea0f1 content_length=0 has_if=false
webdav-1  | 2026/09/19 17:15:58 dav_response id=31 status=200 request_bytes=0 response_bytes=0
webdav-1  | 2026/09/19 17:16:03 dav_request id=32 method=OPTIONS path_sha256=8a5edab282632443219e051e4ade2d1d5bbc671c781051bf1437897cbdfea0f1 content_length=0 has_if=false
webdav-1  | 2026/09/19 17:16:03 dav_response id=32 status=200 request_bytes=0 response_bytes=0
webdav-1  | 2026/09/19 17:16:03 dav_request id=33 method=PROPFIND path_sha256=1ca06ef69e0e05c2aeef18d46706f16dadeefe8ec1b3e7a65b121f0fdf6bc8d4 content_length=179 has_if=false
webdav-1  | 2026/09/19 17:16:03 dav_response id=33 status=207 request_bytes=179 response_bytes=537
webdav-1  | 2026/09/19 17:16:03 dav_request id=34 method=PROPFIND path_sha256=d0310926e2aaf1305de1f8c7d94d55432fcbb13f8c61583af18f4ab815812063 content_length=179 has_if=false
webdav-1  | 2026/09/19 17:16:03 dav_response id=34 status=404 request_bytes=179 response_bytes=9
webdav-1  | 2026/09/19 17:16:08 dav_request id=35 method=OPTIONS path_sha256=8a5edab282632443219e051e4ade2d1d5bbc671c781051bf1437897cbdfea0f1 content_length=0 has_if=false
webdav-1  | 2026/09/19 17:16:08 dav_response id=35 status=200 request_bytes=0 response_bytes=0
webdav-1  | 2026/09/19 17:16:12 dav_request id=36 method=PROPFIND path_sha256=fc29a6cec75de6629201759510a19c9bcd460147867973782e3cb4d9dc4639e4 content_length=179 has_if=false
webdav-1  | 2026/09/19 17:16:12 dav_response id=36 status=404 request_bytes=0 response_bytes=19
webdav-1  | 2026/09/19 17:16:13 dav_request id=37 method=OPTIONS path_sha256=8a5edab282632443219e051e4ade2d1d5bbc671c781051bf1437897cbdfea0f1 content_length=0 has_if=false
webdav-1  | 2026/09/19 17:16:13 dav_response id=37 status=200 request_bytes=0 response_bytes=0
webdav-1  | 2026/09/19 17:16:15 dav_request id=38 method=PROPFIND path_sha256=b0f72d8e03f4e2415c124c3d09a23c73db322ef23cf0a2b9291cc30038ac2928 content_length=179 has_if=false
webdav-1  | 2026/09/19 17:16:15 dav_response id=38 status=404 request_bytes=0 response_bytes=19
webdav-1  | 2026/09/19 17:16:15 dav_request id=39 method=PUT path_sha256=b0f72d8e03f4e2415c124c3d09a23c73db322ef23cf0a2b9291cc30038ac2928 content_length=0 has_if=false
webdav-1  | 2026/09/19 17:16:15 dav_response id=39 status=423 request_bytes=0 response_bytes=7
webdav-1  | 2026/09/19 17:16:15 dav_request id=40 method=PROPFIND path_sha256=b0f72d8e03f4e2415c124c3d09a23c73db322ef23cf0a2b9291cc30038ac2928 content_length=179 has_if=false
webdav-1  | 2026/09/19 17:16:15 dav_response id=40 status=404 request_bytes=0 response_bytes=19
webdav-1  | 2026/09/19 17:16:15 dav_request id=41 method=PROPFIND path_sha256=4b613ffb6c7894c48a58d2bc04c1d33c0c365b231cffd13b237bf7db4e1f44c4 content_length=179 has_if=false
webdav-1  | 2026/09/19 17:16:15 dav_response id=41 status=207 request_bytes=179 response_bytes=1452
webdav-1  | 2026/09/19 17:16:15 dav_request id=42 method=PROPFIND path_sha256=4b613ffb6c7894c48a58d2bc04c1d33c0c365b231cffd13b237bf7db4e1f44c4 content_length=179 has_if=false
webdav-1  | 2026/09/19 17:16:15 dav_request id=43 method=GET path_sha256=59d22c724c9e55d913727e7a3add2f15cbe3153ac3519b7d7b2c2b9c3c014891 content_length=0 has_if=false
webdav-1  | 2026/09/19 17:16:15 dav_response id=42 status=207 request_bytes=179 response_bytes=1452
webdav-1  | 2026/09/19 17:16:15 httputil: ReverseProxy read error during body copy: unexpected EOF
webdav-1  | 2026/09/19 17:16:15 dav_request id=44 method=GET path_sha256=59d22c724c9e55d913727e7a3add2f15cbe3153ac3519b7d7b2c2b9c3c014891 content_length=0 has_if=false
webdav-1  | 2026/09/19 17:16:15 httputil: ReverseProxy read error during body copy: unexpected EOF
webdav-1  | 2026/09/19 17:16:15 dav_request id=45 method=GET path_sha256=59d22c724c9e55d913727e7a3add2f15cbe3153ac3519b7d7b2c2b9c3c014891 content_length=0 has_if=false
webdav-1  | 2026/09/19 17:16:15 httputil: ReverseProxy read error during body copy: unexpected EOF
webdav-1  | 2026/09/19 17:16:15 dav_request id=46 method=GET path_sha256=59d22c724c9e55d913727e7a3add2f15cbe3153ac3519b7d7b2c2b9c3c014891 content_length=0 has_if=false
webdav-1  | 2026/09/19 17:16:15 httputil: ReverseProxy read error during body copy: unexpected EOF
webdav-1  | 2026/09/19 17:16:15 dav_request id=47 method=GET path_sha256=59d22c724c9e55d913727e7a3add2f15cbe3153ac3519b7d7b2c2b9c3c014891 content_length=0 has_if=false
webdav-1  | 2026/09/19 17:16:16 httputil: ReverseProxy read error during body copy: unexpected EOF
webdav-1  | 2026/09/19 17:16:16 dav_request id=48 method=GET path_sha256=59d22c724c9e55d913727e7a3add2f15cbe3153ac3519b7d7b2c2b9c3c014891 content_length=0 has_if=false
webdav-1  | 2026/09/19 17:16:16 httputil: ReverseProxy read error during body copy: unexpected EOF
webdav-1  | 2026/09/19 17:16:16 dav_request id=49 method=GET path_sha256=59d22c724c9e55d913727e7a3add2f15cbe3153ac3519b7d7b2c2b9c3c014891 content_length=0 has_if=false
webdav-1  | 2026/09/19 17:16:16 httputil: ReverseProxy read error during body copy: unexpected EOF
webdav-1  | 2026/09/19 17:16:16 dav_request id=50 method=GET path_sha256=59d22c724c9e55d913727e7a3add2f15cbe3153ac3519b7d7b2c2b9c3c014891 content_length=0 has_if=false
webdav-1  | 2026/09/19 17:16:16 httputil: ReverseProxy read error during body copy: unexpected EOF
webdav-1  | 2026/09/19 17:16:16 dav_request id=51 method=GET path_sha256=59d22c724c9e55d913727e7a3add2f15cbe3153ac3519b7d7b2c2b9c3c014891 content_length=0 has_if=false
webdav-1  | 2026/09/19 17:16:16 httputil: ReverseProxy read error during body copy: unexpected EOF
webdav-1  | 2026/09/19 17:16:16 dav_request id=52 method=GET path_sha256=59d22c724c9e55d913727e7a3add2f15cbe3153ac3519b7d7b2c2b9c3c014891 content_length=0 has_if=false
webdav-1  | 2026/09/19 17:16:16 httputil: ReverseProxy read error during body copy: unexpected EOF
webdav-1  | 2026/09/19 17:16:16 dav_request id=53 method=GET path_sha256=59d22c724c9e55d913727e7a3add2f15cbe3153ac3519b7d7b2c2b9c3c014891 content_length=0 has_if=false
webdav-1  | 2026/09/19 17:16:16 httputil: ReverseProxy read error during body copy: unexpected EOF
webdav-1  | 2026/09/19 17:16:16 dav_request id=54 method=GET path_sha256=59d22c724c9e55d913727e7a3add2f15cbe3153ac3519b7d7b2c2b9c3c014891 content_length=0 has_if=false
webdav-1  | 2026/09/19 17:16:16 httputil: ReverseProxy read error during body copy: unexpected EOF
webdav-1  | 2026/09/19 17:16:16 dav_request id=55 method=GET path_sha256=59d22c724c9e55d913727e7a3add2f15cbe3153ac3519b7d7b2c2b9c3c014891 content_length=0 has_if=false
webdav-1  | 2026/09/19 17:16:16 httputil: ReverseProxy read error during body copy: unexpected EOF
webdav-1  | 2026/09/19 17:16:16 dav_request id=56 method=GET path_sha256=59d22c724c9e55d913727e7a3add2f15cbe3153ac3519b7d7b2c2b9c3c014891 content_length=0 has_if=false
webdav-1  | 2026/09/19 17:16:17 httputil: ReverseProxy read error during body copy: unexpected EOF
webdav-1  | 2026/09/19 17:16:17 dav_request id=57 method=GET path_sha256=59d22c724c9e55d913727e7a3add2f15cbe3153ac3519b7d7b2c2b9c3c014891 content_length=0 has_if=false
webdav-1  | 2026/09/19 17:16:17 httputil: ReverseProxy read error during body copy: unexpected EOF
webdav-1  | 2026/09/19 17:16:17 dav_request id=58 method=GET path_sha256=59d22c724c9e55d913727e7a3add2f15cbe3153ac3519b7d7b2c2b9c3c014891 content_length=0 has_if=false
webdav-1  | 2026/09/19 17:16:17 httputil: ReverseProxy read error during body copy: unexpected EOF
webdav-1  | 2026/09/19 17:16:17 dav_request id=59 method=GET path_sha256=59d22c724c9e55d913727e7a3add2f15cbe3153ac3519b7d7b2c2b9c3c014891 content_length=0 has_if=false
webdav-1  | 2026/09/19 17:16:17 httputil: ReverseProxy read error during body copy: unexpected EOF
webdav-1  | 2026/09/19 17:16:17 dav_request id=60 method=GET path_sha256=59d22c724c9e55d913727e7a3add2f15cbe3153ac3519b7d7b2c2b9c3c014891 content_length=0 has_if=false
webdav-1  | 2026/09/19 17:16:17 httputil: ReverseProxy read error during body copy: unexpected EOF
webdav-1  | 2026/09/19 17:16:17 dav_request id=61 method=GET path_sha256=59d22c724c9e55d913727e7a3add2f15cbe3153ac3519b7d7b2c2b9c3c014891 content_length=0 has_if=false
webdav-1  | 2026/09/19 17:16:17 httputil: ReverseProxy read error during body copy: unexpected EOF
webdav-1  | 2026/09/19 17:16:17 dav_request id=62 method=GET path_sha256=59d22c724c9e55d913727e7a3add2f15cbe3153ac3519b7d7b2c2b9c3c014891 content_length=0 has_if=false
webdav-1  | 2026/09/19 17:16:17 httputil: ReverseProxy read error during body copy: unexpected EOF
webdav-1  | 2026/09/19 17:16:17 dav_request id=63 method=GET path_sha256=59d22c724c9e55d913727e7a3add2f15cbe3153ac3519b7d7b2c2b9c3c014891 content_length=0 has_if=false
webdav-1  | 2026/09/19 17:16:17 httputil: ReverseProxy read error during body copy: unexpected EOF
webdav-1  | 2026/09/19 17:16:17 dav_request id=64 method=GET path_sha256=59d22c724c9e55d913727e7a3add2f15cbe3153ac3519b7d7b2c2b9c3c014891 content_length=0 has_if=false
webdav-1  | 2026/09/19 17:16:17 httputil: ReverseProxy read error during body copy: unexpected EOF
webdav-1  | 2026/09/19 17:16:17 dav_request id=65 method=GET path_sha256=59d22c724c9e55d913727e7a3add2f15cbe3153ac3519b7d7b2c2b9c3c014891 content_length=0 has_if=false
webdav-1  | 2026/09/19 17:16:17 httputil: ReverseProxy read error during body copy: unexpected EOF
webdav-1  | 2026/09/19 17:16:17 dav_request id=66 method=GET path_sha256=59d22c724c9e55d913727e7a3add2f15cbe3153ac3519b7d7b2c2b9c3c014891 content_length=0 has_if=false
webdav-1  | 2026/09/19 17:16:18 httputil: ReverseProxy read error during body copy: unexpected EOF
webdav-1  | 2026/09/19 17:16:18 dav_request id=67 method=GET path_sha256=59d22c724c9e55d913727e7a3add2f15cbe3153ac3519b7d7b2c2b9c3c014891 content_length=0 has_if=false
webdav-1  | 2026/09/19 17:16:18 httputil: ReverseProxy read error during body copy: unexpected EOF
webdav-1  | 2026/09/19 17:16:18 dav_request id=68 method=GET path_sha256=59d22c724c9e55d913727e7a3add2f15cbe3153ac3519b7d7b2c2b9c3c014891 content_length=0 has_if=false
webdav-1  | 2026/09/19 17:16:18 httputil: ReverseProxy read error during body copy: unexpected EOF
webdav-1  | 2026/09/19 17:16:18 dav_request id=69 method=GET path_sha256=59d22c724c9e55d913727e7a3add2f15cbe3153ac3519b7d7b2c2b9c3c014891 content_length=0 has_if=false
webdav-1  | 2026/09/19 17:16:18 httputil: ReverseProxy read error during body copy: unexpected EOF
webdav-1  | 2026/09/19 17:16:18 dav_request id=70 method=GET path_sha256=59d22c724c9e55d913727e7a3add2f15cbe3153ac3519b7d7b2c2b9c3c014891 content_length=0 has_if=false
webdav-1  | 2026/09/19 17:16:18 dav_request id=71 method=OPTIONS path_sha256=8a5edab282632443219e051e4ade2d1d5bbc671c781051bf1437897cbdfea0f1 content_length=0 has_if=false
webdav-1  | 2026/09/19 17:16:18 dav_response id=71 status=200 request_bytes=0 response_bytes=0
webdav-1  | 2026/09/19 17:16:18 httputil: ReverseProxy read error during body copy: unexpected EOF
webdav-1  | 2026/09/19 17:16:18 dav_request id=72 method=GET path_sha256=59d22c724c9e55d913727e7a3add2f15cbe3153ac3519b7d7b2c2b9c3c014891 content_length=0 has_if=false
webdav-1  | 2026/09/19 17:16:18 httputil: ReverseProxy read error during body copy: unexpected EOF
webdav-1  | 2026/09/19 17:16:18 dav_request id=73 method=GET path_sha256=59d22c724c9e55d913727e7a3add2f15cbe3153ac3519b7d7b2c2b9c3c014891 content_length=0 has_if=false
webdav-1  | 2026/09/19 17:16:18 httputil: ReverseProxy read error during body copy: unexpected EOF
webdav-1  | 2026/09/19 17:16:18 dav_request id=74 method=GET path_sha256=59d22c724c9e55d913727e7a3add2f15cbe3153ac3519b7d7b2c2b9c3c014891 content_length=0 has_if=false
webdav-1  | 2026/09/19 17:16:18 httputil: ReverseProxy read error during body copy: unexpected EOF
webdav-1  | 2026/09/19 17:16:18 dav_request id=75 method=GET path_sha256=59d22c724c9e55d913727e7a3add2f15cbe3153ac3519b7d7b2c2b9c3c014891 content_length=0 has_if=false
webdav-1  | 2026/09/19 17:16:18 httputil: ReverseProxy read error during body copy: unexpected EOF
webdav-1  | 2026/09/19 17:16:18 dav_request id=76 method=GET path_sha256=59d22c724c9e55d913727e7a3add2f15cbe3153ac3519b7d7b2c2b9c3c014891 content_length=0 has_if=false
webdav-1  | 2026/09/19 17:16:19 httputil: ReverseProxy read error during body copy: unexpected EOF
webdav-1  | 2026/09/19 17:16:19 dav_request id=77 method=GET path_sha256=59d22c724c9e55d913727e7a3add2f15cbe3153ac3519b7d7b2c2b9c3c014891 content_length=0 has_if=false
webdav-1  | 2026/09/19 17:16:19 httputil: ReverseProxy read error during body copy: unexpected EOF
webdav-1  | 2026/09/19 17:16:19 dav_request id=78 method=GET path_sha256=59d22c724c9e55d913727e7a3add2f15cbe3153ac3519b7d7b2c2b9c3c014891 content_length=0 has_if=false
webdav-1  | 2026/09/19 17:16:19 httputil: ReverseProxy read error during body copy: unexpected EOF
webdav-1  | 2026/09/19 17:16:19 dav_request id=79 method=GET path_sha256=59d22c724c9e55d913727e7a3add2f15cbe3153ac3519b7d7b2c2b9c3c014891 content_length=0 has_if=false
webdav-1  | 2026/09/19 17:16:19 httputil: ReverseProxy read error during body copy: unexpected EOF
webdav-1  | 2026/09/19 17:16:19 dav_request id=80 method=GET path_sha256=59d22c724c9e55d913727e7a3add2f15cbe3153ac3519b7d7b2c2b9c3c014891 content_length=0 has_if=false
webdav-1  | 2026/09/19 17:16:19 httputil: ReverseProxy read error during body copy: unexpected EOF
webdav-1  | 2026/09/19 17:16:19 dav_request id=81 method=GET path_sha256=59d22c724c9e55d913727e7a3add2f15cbe3153ac3519b7d7b2c2b9c3c014891 content_length=0 has_if=false
webdav-1  | 2026/09/19 17:16:19 dav_request id=82 method=PROPFIND path_sha256=4b613ffb6c7894c48a58d2bc04c1d33c0c365b231cffd13b237bf7db4e1f44c4 content_length=179 has_if=false
webdav-1  | 2026/09/19 17:16:19 dav_response id=82 status=207 request_bytes=179 response_bytes=537
webdav-1  | 2026/09/19 17:16:19 dav_request id=83 method=PROPFIND path_sha256=d0310926e2aaf1305de1f8c7d94d55432fcbb13f8c61583af18f4ab815812063 content_length=179 has_if=false
webdav-1  | 2026/09/19 17:16:19 dav_response id=83 status=404 request_bytes=179 response_bytes=9
webdav-1  | 2026/09/19 17:16:19 dav_request id=84 method=PUT path_sha256=d0310926e2aaf1305de1f8c7d94d55432fcbb13f8c61583af18f4ab815812063 content_length=0 has_if=false
webdav-1  | 2026/09/19 17:16:19 dav_response id=84 status=201 request_bytes=0 response_bytes=0
webdav-1  | 2026/09/19 17:16:19 dav_request id=85 method=PROPFIND path_sha256=5c213594a32898df436eed29b07f5445a50d8130e3c344b7e32be29463167260 content_length=179 has_if=false
webdav-1  | 2026/09/19 17:16:19 dav_response id=85 status=404 request_bytes=179 response_bytes=9
webdav-1  | 2026/09/19 17:16:19 dav_request id=86 method=LOCK path_sha256=d0310926e2aaf1305de1f8c7d94d55432fcbb13f8c61583af18f4ab815812063 content_length=229 has_if=false
webdav-1  | 2026/09/19 17:16:19 dav_response id=86 status=200 request_bytes=229 response_bytes=501
webdav-1  | 2026/09/19 17:16:19 dav_request id=87 method=UNLOCK path_sha256=d0310926e2aaf1305de1f8c7d94d55432fcbb13f8c61583af18f4ab815812063 content_length=0 has_if=false
webdav-1  | 2026/09/19 17:16:19 dav_response id=87 status=204 request_bytes=0 response_bytes=0
webdav-1  | 2026/09/19 17:16:19 dav_request id=88 method=PROPFIND path_sha256=d0310926e2aaf1305de1f8c7d94d55432fcbb13f8c61583af18f4ab815812063 content_length=179 has_if=false
webdav-1  | 2026/09/19 17:16:19 dav_response id=88 status=404 request_bytes=0 response_bytes=19
webdav-1  | 2026/09/19 17:16:19 dav_request id=89 method=LOCK path_sha256=d0310926e2aaf1305de1f8c7d94d55432fcbb13f8c61583af18f4ab815812063 content_length=229 has_if=false
webdav-1  | 2026/09/19 17:16:19 dav_response id=89 status=200 request_bytes=229 response_bytes=501
webdav-1  | 2026/09/19 17:16:19 dav_request id=90 method=UNLOCK path_sha256=d0310926e2aaf1305de1f8c7d94d55432fcbb13f8c61583af18f4ab815812063 content_length=0 has_if=false
webdav-1  | 2026/09/19 17:16:19 httputil: ReverseProxy read error during body copy: unexpected EOF
webdav-1  | 2026/09/19 17:16:19 dav_request id=91 method=GET path_sha256=59d22c724c9e55d913727e7a3add2f15cbe3153ac3519b7d7b2c2b9c3c014891 content_length=0 has_if=false
webdav-1  | 2026/09/19 17:16:19 httputil: ReverseProxy read error during body copy: unexpected EOF
webdav-1  | 2026/09/19 17:16:19 dav_request id=92 method=GET path_sha256=59d22c724c9e55d913727e7a3add2f15cbe3153ac3519b7d7b2c2b9c3c014891 content_length=0 has_if=false
webdav-1  | 2026/09/19 17:16:20 httputil: ReverseProxy read error during body copy: unexpected EOF
webdav-1  | 2026/09/19 17:16:20 dav_request id=93 method=GET path_sha256=59d22c724c9e55d913727e7a3add2f15cbe3153ac3519b7d7b2c2b9c3c014891 content_length=0 has_if=false
webdav-1  | 2026/09/19 17:16:20 httputil: ReverseProxy read error during body copy: unexpected EOF
webdav-1  | 2026/09/19 17:16:20 dav_request id=94 method=GET path_sha256=59d22c724c9e55d913727e7a3add2f15cbe3153ac3519b7d7b2c2b9c3c014891 content_length=0 has_if=false
webdav-1  | 2026/09/19 17:16:20 httputil: ReverseProxy read error during body copy: unexpected EOF
webdav-1  | 2026/09/19 17:16:20 dav_request id=95 method=GET path_sha256=59d22c724c9e55d913727e7a3add2f15cbe3153ac3519b7d7b2c2b9c3c014891 content_length=0 has_if=false
webdav-1  | 2026/09/19 17:16:20 httputil: ReverseProxy read error during body copy: unexpected EOF
webdav-1  | 2026/09/19 17:16:20 dav_request id=96 method=GET path_sha256=59d22c724c9e55d913727e7a3add2f15cbe3153ac3519b7d7b2c2b9c3c014891 content_length=0 has_if=false
webdav-1  | 2026/09/19 17:16:20 httputil: ReverseProxy read error during body copy: unexpected EOF
webdav-1  | 2026/09/19 17:16:20 dav_request id=97 method=GET path_sha256=59d22c724c9e55d913727e7a3add2f15cbe3153ac3519b7d7b2c2b9c3c014891 content_length=0 has_if=false
webdav-1  | 2026/09/19 17:16:20 httputil: ReverseProxy read error during body copy: unexpected EOF
webdav-1  | 2026/09/19 17:16:20 dav_request id=98 method=GET path_sha256=59d22c724c9e55d913727e7a3add2f15cbe3153ac3519b7d7b2c2b9c3c014891 content_length=0 has_if=false
webdav-1  | 2026/09/19 17:16:20 httputil: ReverseProxy read error during body copy: unexpected EOF
webdav-1  | 2026/09/19 17:16:20 dav_request id=99 method=GET path_sha256=59d22c724c9e55d913727e7a3add2f15cbe3153ac3519b7d7b2c2b9c3c014891 content_length=0 has_if=false
webdav-1  | 2026/09/19 17:16:20 httputil: ReverseProxy read error during body copy: unexpected EOF
webdav-1  | 2026/09/19 17:16:20 dav_request id=100 method=GET path_sha256=59d22c724c9e55d913727e7a3add2f15cbe3153ac3519b7d7b2c2b9c3c014891 content_length=0 has_if=false
webdav-1  | 2026/09/19 17:16:20 httputil: ReverseProxy read error during body copy: unexpected EOF
webdav-1  | 2026/09/19 17:16:20 dav_request id=101 method=GET path_sha256=59d22c724c9e55d913727e7a3add2f15cbe3153ac3519b7d7b2c2b9c3c014891 content_length=0 has_if=false
webdav-1  | 2026/09/19 17:16:20 httputil: ReverseProxy read error during body copy: unexpected EOF
webdav-1  | 2026/09/19 17:16:20 dav_request id=102 method=GET path_sha256=59d22c724c9e55d913727e7a3add2f15cbe3153ac3519b7d7b2c2b9c3c014891 content_length=0 has_if=false
webdav-1  | 2026/09/19 17:16:21 httputil: ReverseProxy read error during body copy: unexpected EOF
webdav-1  | 2026/09/19 17:16:21 dav_request id=103 method=GET path_sha256=59d22c724c9e55d913727e7a3add2f15cbe3153ac3519b7d7b2c2b9c3c014891 content_length=0 has_if=false
webdav-1  | 2026/09/19 17:16:21 httputil: ReverseProxy read error during body copy: unexpected EOF
webdav-1  | 2026/09/19 17:16:21 dav_request id=104 method=GET path_sha256=59d22c724c9e55d913727e7a3add2f15cbe3153ac3519b7d7b2c2b9c3c014891 content_length=0 has_if=false
webdav-1  | 2026/09/19 17:16:21 httputil: ReverseProxy read error during body copy: unexpected EOF
webdav-1  | 2026/09/19 17:16:21 dav_request id=105 method=GET path_sha256=59d22c724c9e55d913727e7a3add2f15cbe3153ac3519b7d7b2c2b9c3c014891 content_length=0 has_if=false
webdav-1  | 2026/09/19 17:16:21 httputil: ReverseProxy read error during body copy: unexpected EOF
webdav-1  | 2026/09/19 17:16:21 dav_request id=106 method=GET path_sha256=59d22c724c9e55d913727e7a3add2f15cbe3153ac3519b7d7b2c2b9c3c014891 content_length=0 has_if=false
webdav-1  | 2026/09/19 17:16:21 httputil: ReverseProxy read error during body copy: unexpected EOF
webdav-1  | 2026/09/19 17:16:21 dav_request id=107 method=GET path_sha256=59d22c724c9e55d913727e7a3add2f15cbe3153ac3519b7d7b2c2b9c3c014891 content_length=0 has_if=false
webdav-1  | 2026/09/19 17:16:21 httputil: ReverseProxy read error during body copy: unexpected EOF
webdav-1  | 2026/09/19 17:16:21 dav_request id=108 method=GET path_sha256=59d22c724c9e55d913727e7a3add2f15cbe3153ac3519b7d7b2c2b9c3c014891 content_length=0 has_if=false
webdav-1  | 2026/09/19 17:16:21 httputil: ReverseProxy read error during body copy: unexpected EOF
webdav-1  | 2026/09/19 17:16:21 dav_request id=109 method=GET path_sha256=59d22c724c9e55d913727e7a3add2f15cbe3153ac3519b7d7b2c2b9c3c014891 content_length=0 has_if=false
webdav-1  | 2026/09/19 17:16:21 httputil: ReverseProxy read error during body copy: unexpected EOF
webdav-1  | 2026/09/19 17:16:21 dav_request id=110 method=GET path_sha256=59d22c724c9e55d913727e7a3add2f15cbe3153ac3519b7d7b2c2b9c3c014891 content_length=0 has_if=false
webdav-1  | 2026/09/19 17:16:22 httputil: ReverseProxy read error during body copy: unexpected EOF
webdav-1  | 2026/09/19 17:16:22 dav_request id=111 method=GET path_sha256=59d22c724c9e55d913727e7a3add2f15cbe3153ac3519b7d7b2c2b9c3c014891 content_length=0 has_if=false
webdav-1  | 2026/09/19 17:16:22 httputil: ReverseProxy read error during body copy: unexpected EOF
webdav-1  | 2026/09/19 17:16:22 dav_request id=112 method=GET path_sha256=59d22c724c9e55d913727e7a3add2f15cbe3153ac3519b7d7b2c2b9c3c014891 content_length=0 has_if=false
webdav-1  | 2026/09/19 17:16:22 httputil: ReverseProxy read error during body copy: unexpected EOF
webdav-1  | 2026/09/19 17:16:22 dav_request id=113 method=GET path_sha256=59d22c724c9e55d913727e7a3add2f15cbe3153ac3519b7d7b2c2b9c3c014891 content_length=0 has_if=false
webdav-1  | 2026/09/19 17:16:22 httputil: ReverseProxy read error during body copy: unexpected EOF
webdav-1  | 2026/09/19 17:16:22 dav_request id=114 method=GET path_sha256=59d22c724c9e55d913727e7a3add2f15cbe3153ac3519b7d7b2c2b9c3c014891 content_length=0 has_if=false
webdav-1  | 2026/09/19 17:16:22 httputil: ReverseProxy read error during body copy: unexpected EOF
webdav-1  | 2026/09/19 17:16:22 dav_request id=115 method=GET path_sha256=59d22c724c9e55d913727e7a3add2f15cbe3153ac3519b7d7b2c2b9c3c014891 content_length=0 has_if=false
webdav-1  | 2026/09/19 17:16:22 httputil: ReverseProxy read error during body copy: unexpected EOF
webdav-1  | 2026/09/19 17:16:22 dav_request id=116 method=GET path_sha256=59d22c724c9e55d913727e7a3add2f15cbe3153ac3519b7d7b2c2b9c3c014891 content_length=0 has_if=false
webdav-1  | 2026/09/19 17:16:22 httputil: ReverseProxy read error during body copy: unexpected EOF
webdav-1  | 2026/09/19 17:16:23 dav_request id=117 method=OPTIONS path_sha256=8a5edab282632443219e051e4ade2d1d5bbc671c781051bf1437897cbdfea0f1 content_length=0 has_if=false
webdav-1  | 2026/09/19 17:16:23 dav_response id=117 status=200 request_bytes=0 response_bytes=0
webdav-1  | 2026/09/19 17:16:24 dav_response id=90 status=204 request_bytes=0 response_bytes=0
webdav-1  | 2026/09/19 17:16:28 dav_request id=118 method=OPTIONS path_sha256=8a5edab282632443219e051e4ade2d1d5bbc671c781051bf1437897cbdfea0f1 content_length=0 has_if=false
webdav-1  | 2026/09/19 17:16:28 dav_response id=118 status=200 request_bytes=0 response_bytes=0
