webdav-1  | 2026/09/19 17:25:13 dav_request id=520 method=OPTIONS path_sha256=8a5edab282632443219e051e4ade2d1d5bbc671c781051bf1437897cbdfea0f1 content_length=0 has_if=false
webdav-1  | 2026/09/19 17:25:13 dav_response id=520 status=200 request_bytes=0 response_bytes=0
webdav-1  | 2026/09/19 17:25:18 dav_request id=521 method=OPTIONS path_sha256=8a5edab282632443219e051e4ade2d1d5bbc671c781051bf1437897cbdfea0f1 content_length=0 has_if=false
webdav-1  | 2026/09/19 17:25:18 dav_response id=521 status=200 request_bytes=0 response_bytes=0
webdav-1  | 2026/09/19 17:25:23 dav_request id=522 method=OPTIONS path_sha256=8a5edab282632443219e051e4ade2d1d5bbc671c781051bf1437897cbdfea0f1 content_length=0 has_if=false
webdav-1  | 2026/09/19 17:25:23 dav_response id=522 status=200 request_bytes=0 response_bytes=0
webdav-1  | 2026/09/19 17:25:28 dav_request id=523 method=OPTIONS path_sha256=8a5edab282632443219e051e4ade2d1d5bbc671c781051bf1437897cbdfea0f1 content_length=0 has_if=false
webdav-1  | 2026/09/19 17:25:28 dav_response id=523 status=200 request_bytes=0 response_bytes=0
webdav-1  | 2026/09/19 17:25:33 dav_request id=524 method=OPTIONS path_sha256=8a5edab282632443219e051e4ade2d1d5bbc671c781051bf1437897cbdfea0f1 content_length=0 has_if=false
webdav-1  | 2026/09/19 17:25:33 dav_response id=524 status=200 request_bytes=0 response_bytes=0
webdav-1  | 2026/09/19 17:25:39 dav_request id=525 method=OPTIONS path_sha256=8a5edab282632443219e051e4ade2d1d5bbc671c781051bf1437897cbdfea0f1 content_length=0 has_if=false
webdav-1  | 2026/09/19 17:25:39 dav_response id=525 status=200 request_bytes=0 response_bytes=0
webdav-1  | 2026/09/19 17:25:44 dav_request id=526 method=OPTIONS path_sha256=8a5edab282632443219e051e4ade2d1d5bbc671c781051bf1437897cbdfea0f1 content_length=0 has_if=false
webdav-1  | 2026/09/19 17:25:44 dav_response id=526 status=200 request_bytes=0 response_bytes=0
webdav-1  | 2026/09/19 17:25:49 dav_request id=527 method=OPTIONS path_sha256=8a5edab282632443219e051e4ade2d1d5bbc671c781051bf1437897cbdfea0f1 content_length=0 has_if=false
webdav-1  | 2026/09/19 17:25:49 dav_response id=527 status=200 request_bytes=0 response_bytes=0
webdav-1  | 2026/09/19 17:25:54 dav_request id=528 method=OPTIONS path_sha256=8a5edab282632443219e051e4ade2d1d5bbc671c781051bf1437897cbdfea0f1 content_length=0 has_if=false
webdav-1  | 2026/09/19 17:25:54 dav_response id=528 status=200 request_bytes=0 response_bytes=0
webdav-1  | 2026/09/19 17:25:57 dav_request id=529 method=PROPFIND path_sha256=8a5edab282632443219e051e4ade2d1d5bbc671c781051bf1437897cbdfea0f1 content_length=179 has_if=false
webdav-1  | 2026/09/19 17:25:57 dav_response id=529 status=207 request_bytes=179 response_bytes=495
webdav-1  | 2026/09/19 17:25:59 dav_request id=530 method=OPTIONS path_sha256=8a5edab282632443219e051e4ade2d1d5bbc671c781051bf1437897cbdfea0f1 content_length=0 has_if=false
webdav-1  | 2026/09/19 17:25:59 dav_response id=530 status=200 request_bytes=0 response_bytes=0
webdav-1  | 2026/09/19 17:26:04 dav_request id=531 method=OPTIONS path_sha256=8a5edab282632443219e051e4ade2d1d5bbc671c781051bf1437897cbdfea0f1 content_length=0 has_if=false
webdav-1  | 2026/09/19 17:26:04 dav_response id=531 status=200 request_bytes=0 response_bytes=0
webdav-1  | 2026/09/19 17:26:09 dav_request id=532 method=OPTIONS path_sha256=8a5edab282632443219e051e4ade2d1d5bbc671c781051bf1437897cbdfea0f1 content_length=0 has_if=false
webdav-1  | 2026/09/19 17:26:09 dav_response id=532 status=200 request_bytes=0 response_bytes=0
webdav-1  | 2026/09/19 17:26:14 dav_request id=533 method=OPTIONS path_sha256=8a5edab282632443219e051e4ade2d1d5bbc671c781051bf1437897cbdfea0f1 content_length=0 has_if=false
webdav-1  | 2026/09/19 17:26:14 dav_response id=533 status=200 request_bytes=0 response_bytes=0
webdav-1  | 2026/09/19 17:26:19 dav_request id=534 method=OPTIONS path_sha256=8a5edab282632443219e051e4ade2d1d5bbc671c781051bf1437897cbdfea0f1 content_length=0 has_if=false
webdav-1  | 2026/09/19 17:26:19 dav_response id=534 status=200 request_bytes=0 response_bytes=0
webdav-1  | 2026/09/19 17:26:24 dav_request id=535 method=OPTIONS path_sha256=8a5edab282632443219e051e4ade2d1d5bbc671c781051bf1437897cbdfea0f1 content_length=0 has_if=false
webdav-1  | 2026/09/19 17:26:24 dav_response id=535 status=200 request_bytes=0 response_bytes=0
webdav-1  | 2026/09/19 17:26:29 dav_request id=536 method=OPTIONS path_sha256=8a5edab282632443219e051e4ade2d1d5bbc671c781051bf1437897cbdfea0f1 content_length=0 has_if=false
webdav-1  | 2026/09/19 17:26:29 dav_response id=536 status=200 request_bytes=0 response_bytes=0
webdav-1  | 2026/09/19 17:26:34 dav_request id=537 method=OPTIONS path_sha256=8a5edab282632443219e051e4ade2d1d5bbc671c781051bf1437897cbdfea0f1 content_length=0 has_if=false
webdav-1  | 2026/09/19 17:26:34 dav_response id=537 status=200 request_bytes=0 response_bytes=0
webdav-1  | 2026/09/19 17:26:39 dav_request id=538 method=OPTIONS path_sha256=8a5edab282632443219e051e4ade2d1d5bbc671c781051bf1437897cbdfea0f1 content_length=0 has_if=false
webdav-1  | 2026/09/19 17:26:39 dav_response id=538 status=200 request_bytes=0 response_bytes=0
webdav-1  | 2026/09/19 17:26:44 dav_request id=539 method=OPTIONS path_sha256=8a5edab282632443219e051e4ade2d1d5bbc671c781051bf1437897cbdfea0f1 content_length=0 has_if=false
webdav-1  | 2026/09/19 17:26:44 dav_response id=539 status=200 request_bytes=0 response_bytes=0
webdav-1  | 2026/09/19 17:26:49 dav_request id=540 method=OPTIONS path_sha256=8a5edab282632443219e051e4ade2d1d5bbc671c781051bf1437897cbdfea0f1 content_length=0 has_if=false
webdav-1  | 2026/09/19 17:26:49 dav_response id=540 status=200 request_bytes=0 response_bytes=0
webdav-1  | 2026/09/19 17:26:54 dav_request id=541 method=OPTIONS path_sha256=8a5edab282632443219e051e4ade2d1d5bbc671c781051bf1437897cbdfea0f1 content_length=0 has_if=false
webdav-1  | 2026/09/19 17:26:54 dav_response id=541 status=200 request_bytes=0 response_bytes=0
webdav-1  | 2026/09/19 17:26:57 dav_request id=542 method=PROPFIND path_sha256=8a5edab282632443219e051e4ade2d1d5bbc671c781051bf1437897cbdfea0f1 content_length=179 has_if=false
webdav-1  | 2026/09/19 17:26:57 dav_response id=542 status=207 request_bytes=179 response_bytes=495
webdav-1  | 2026/09/19 17:26:59 dav_request id=543 method=OPTIONS path_sha256=8a5edab282632443219e051e4ade2d1d5bbc671c781051bf1437897cbdfea0f1 content_length=0 has_if=false
webdav-1  | 2026/09/19 17:26:59 dav_response id=543 status=200 request_bytes=0 response_bytes=0
webdav-1  | 2026/09/19 17:27:05 dav_request id=544 method=OPTIONS path_sha256=8a5edab282632443219e051e4ade2d1d5bbc671c781051bf1437897cbdfea0f1 content_length=0 has_if=false
webdav-1  | 2026/09/19 17:27:05 dav_response id=544 status=200 request_bytes=0 response_bytes=0
webdav-1  | 2026/09/19 17:27:10 dav_request id=545 method=OPTIONS path_sha256=8a5edab282632443219e051e4ade2d1d5bbc671c781051bf1437897cbdfea0f1 content_length=0 has_if=false
webdav-1  | 2026/09/19 17:27:10 dav_response id=545 status=200 request_bytes=0 response_bytes=0
webdav-1  | 2026/09/19 17:27:15 dav_request id=546 method=OPTIONS path_sha256=8a5edab282632443219e051e4ade2d1d5bbc671c781051bf1437897cbdfea0f1 content_length=0 has_if=false
webdav-1  | 2026/09/19 17:27:15 dav_response id=546 status=200 request_bytes=0 response_bytes=0
webdav-1  | 2026/09/19 17:27:20 dav_request id=547 method=OPTIONS path_sha256=8a5edab282632443219e051e4ade2d1d5bbc671c781051bf1437897cbdfea0f1 content_length=0 has_if=false
webdav-1  | 2026/09/19 17:27:20 dav_response id=547 status=200 request_bytes=0 response_bytes=0
webdav-1  | 2026/09/19 17:27:25 dav_request id=548 method=OPTIONS path_sha256=8a5edab282632443219e051e4ade2d1d5bbc671c781051bf1437897cbdfea0f1 content_length=0 has_if=false
webdav-1  | 2026/09/19 17:27:25 dav_response id=548 status=200 request_bytes=0 response_bytes=0
webdav-1  | 2026/09/19 17:27:30 dav_request id=549 method=OPTIONS path_sha256=8a5edab282632443219e051e4ade2d1d5bbc671c781051bf1437897cbdfea0f1 content_length=0 has_if=false
webdav-1  | 2026/09/19 17:27:30 dav_response id=549 status=200 request_bytes=0 response_bytes=0
webdav-1  | 2026/09/19 17:27:35 dav_request id=550 method=OPTIONS path_sha256=8a5edab282632443219e051e4ade2d1d5bbc671c781051bf1437897cbdfea0f1 content_length=0 has_if=false
webdav-1  | 2026/09/19 17:27:35 dav_response id=550 status=200 request_bytes=0 response_bytes=0
webdav-1  | 2026/09/19 17:27:40 dav_request id=551 method=OPTIONS path_sha256=8a5edab282632443219e051e4ade2d1d5bbc671c781051bf1437897cbdfea0f1 content_length=0 has_if=false
webdav-1  | 2026/09/19 17:27:40 dav_response id=551 status=200 request_bytes=0 response_bytes=0
webdav-1  | 2026/09/19 17:27:45 dav_request id=552 method=OPTIONS path_sha256=8a5edab282632443219e051e4ade2d1d5bbc671c781051bf1437897cbdfea0f1 content_length=0 has_if=false
webdav-1  | 2026/09/19 17:27:45 dav_response id=552 status=200 request_bytes=0 response_bytes=0
webdav-1  | 2026/09/19 17:27:50 dav_request id=553 method=OPTIONS path_sha256=8a5edab282632443219e051e4ade2d1d5bbc671c781051bf1437897cbdfea0f1 content_length=0 has_if=false
webdav-1  | 2026/09/19 17:27:50 dav_response id=553 status=200 request_bytes=0 response_bytes=0
webdav-1  | 2026/09/19 17:27:55 dav_request id=554 method=OPTIONS path_sha256=8a5edab282632443219e051e4ade2d1d5bbc671c781051bf1437897cbdfea0f1 content_length=0 has_if=false
webdav-1  | 2026/09/19 17:27:55 dav_response id=554 status=200 request_bytes=0 response_bytes=0
webdav-1  | 2026/09/19 17:27:57 dav_request id=555 method=PROPFIND path_sha256=8a5edab282632443219e051e4ade2d1d5bbc671c781051bf1437897cbdfea0f1 content_length=179 has_if=false
webdav-1  | 2026/09/19 17:27:57 dav_response id=555 status=207 request_bytes=179 response_bytes=495
webdav-1  | 2026/09/19 17:28:00 dav_request id=556 method=OPTIONS path_sha256=8a5edab282632443219e051e4ade2d1d5bbc671c781051bf1437897cbdfea0f1 content_length=0 has_if=false
webdav-1  | 2026/09/19 17:28:00 dav_response id=556 status=200 request_bytes=0 response_bytes=0
webdav-1  | 2026/09/19 17:28:05 dav_request id=557 method=OPTIONS path_sha256=8a5edab282632443219e051e4ade2d1d5bbc671c781051bf1437897cbdfea0f1 content_length=0 has_if=false
webdav-1  | 2026/09/19 17:28:05 dav_response id=557 status=200 request_bytes=0 response_bytes=0
webdav-1  | 2026/09/19 17:28:10 dav_request id=558 method=OPTIONS path_sha256=8a5edab282632443219e051e4ade2d1d5bbc671c781051bf1437897cbdfea0f1 content_length=0 has_if=false
webdav-1  | 2026/09/19 17:28:10 dav_response id=558 status=200 request_bytes=0 response_bytes=0
webdav-1  | 2026/09/19 17:28:15 dav_request id=559 method=OPTIONS path_sha256=8a5edab282632443219e051e4ade2d1d5bbc671c781051bf1437897cbdfea0f1 content_length=0 has_if=false
webdav-1  | 2026/09/19 17:28:15 dav_response id=559 status=200 request_bytes=0 response_bytes=0
webdav-1  | 2026/09/19 17:28:20 dav_request id=560 method=OPTIONS path_sha256=8a5edab282632443219e051e4ade2d1d5bbc671c781051bf1437897cbdfea0f1 content_length=0 has_if=false
webdav-1  | 2026/09/19 17:28:20 dav_response id=560 status=200 request_bytes=0 response_bytes=0
webdav-1  | 2026/09/19 17:28:25 dav_request id=561 method=OPTIONS path_sha256=8a5edab282632443219e051e4ade2d1d5bbc671c781051bf1437897cbdfea0f1 content_length=0 has_if=false
webdav-1  | 2026/09/19 17:28:25 dav_response id=561 status=200 request_bytes=0 response_bytes=0
webdav-1  | 2026/09/19 17:28:32 dav_request id=1 method=GET path_sha256=8a5edab282632443219e051e4ade2d1d5bbc671c781051bf1437897cbdfea0f1 content_length=0 has_if=false
webdav-1  | 2026/09/19 17:28:33 dav_request id=2 method=OPTIONS path_sha256=8a5edab282632443219e051e4ade2d1d5bbc671c781051bf1437897cbdfea0f1 content_length=0 has_if=false
webdav-1  | 2026/09/19 17:28:33 dav_response id=2 status=200 request_bytes=0 response_bytes=0
webdav-1  | 2026/09/19 17:28:33 dav_response id=1 status=200 request_bytes=0 response_bytes=18209
webdav-1  | 2026/09/19 17:28:38 dav_request id=3 method=OPTIONS path_sha256=8a5edab282632443219e051e4ade2d1d5bbc671c781051bf1437897cbdfea0f1 content_length=0 has_if=false
webdav-1  | 2026/09/19 17:28:38 dav_response id=3 status=200 request_bytes=0 response_bytes=0
webdav-1  | 2026/09/19 17:28:42 dav_request id=4 method=OPTIONS path_sha256=8a5edab282632443219e051e4ade2d1d5bbc671c781051bf1437897cbdfea0f1 content_length=0 has_if=false
webdav-1  | 2026/09/19 17:28:42 dav_response id=4 status=200 request_bytes=0 response_bytes=0
webdav-1  | 2026/09/19 17:28:42 dav_request id=5 method=PROPFIND path_sha256=8a5edab282632443219e051e4ade2d1d5bbc671c781051bf1437897cbdfea0f1 content_length=179 has_if=false
webdav-1  | 2026/09/19 17:28:42 dav_response id=5 status=207 request_bytes=179 response_bytes=495
webdav-1  | 2026/09/19 17:28:43 dav_request id=6 method=PROPFIND path_sha256=8a5edab282632443219e051e4ade2d1d5bbc671c781051bf1437897cbdfea0f1 content_length=179 has_if=false
webdav-1  | 2026/09/19 17:28:43 dav_response id=6 status=207 request_bytes=179 response_bytes=495
webdav-1  | 2026/09/19 17:28:43 dav_request id=7 method=PROPFIND path_sha256=8a5edab282632443219e051e4ade2d1d5bbc671c781051bf1437897cbdfea0f1 content_length=179 has_if=false
webdav-1  | 2026/09/19 17:28:43 dav_request id=8 method=PROPFIND path_sha256=8a5edab282632443219e051e4ade2d1d5bbc671c781051bf1437897cbdfea0f1 content_length=179 has_if=false
webdav-1  | 2026/09/19 17:28:43 dav_request id=9 method=PROPFIND path_sha256=8a5edab282632443219e051e4ade2d1d5bbc671c781051bf1437897cbdfea0f1 content_length=179 has_if=false
webdav-1  | 2026/09/19 17:28:43 dav_request id=10 method=PROPFIND path_sha256=8a5edab282632443219e051e4ade2d1d5bbc671c781051bf1437897cbdfea0f1 content_length=179 has_if=false
webdav-1  | 2026/09/19 17:28:43 dav_response id=7 status=207 request_bytes=179 response_bytes=495
webdav-1  | 2026/09/19 17:28:43 dav_response id=8 status=207 request_bytes=179 response_bytes=495
webdav-1  | 2026/09/19 17:28:43 dav_response id=9 status=207 request_bytes=179 response_bytes=495
webdav-1  | 2026/09/19 17:28:43 dav_response id=10 status=207 request_bytes=179 response_bytes=495
webdav-1  | 2026/09/19 17:28:43 dav_request id=11 method=PROPFIND path_sha256=50268925779664c69316d17407f569c14b141a5bc72b5871c7ffc5218c5217f2 content_length=179 has_if=false
webdav-1  | 2026/09/19 17:28:43 dav_response id=11 status=404 request_bytes=179 response_bytes=9
webdav-1  | 2026/09/19 17:28:43 dav_request id=12 method=PROPFIND path_sha256=8a5edab282632443219e051e4ade2d1d5bbc671c781051bf1437897cbdfea0f1 content_length=179 has_if=false
webdav-1  | 2026/09/19 17:28:43 dav_response id=12 status=207 request_bytes=179 response_bytes=495
webdav-1  | 2026/09/19 17:28:43 dav_request id=13 method=PROPFIND path_sha256=50268925779664c69316d17407f569c14b141a5bc72b5871c7ffc5218c5217f2 content_length=179 has_if=false
webdav-1  | 2026/09/19 17:28:43 dav_response id=13 status=404 request_bytes=179 response_bytes=9
webdav-1  | 2026/09/19 17:28:43 dav_request id=14 method=PROPFIND path_sha256=05c9d354092988df3e15ddab23d86bd1e5faf395292bad0775f576608a80aa1d content_length=179 has_if=false
webdav-1  | 2026/09/19 17:28:43 dav_response id=14 status=404 request_bytes=179 response_bytes=9
webdav-1  | 2026/09/19 17:28:43 dav_request id=15 method=PROPFIND path_sha256=54036edd4d95e69d868274f49ce0bc0182845d6fe423c0489d81947211cd7689 content_length=179 has_if=false
webdav-1  | 2026/09/19 17:28:43 dav_response id=15 status=404 request_bytes=179 response_bytes=9
webdav-1  | 2026/09/19 17:28:43 dav_request id=16 method=PROPFIND path_sha256=67eb5bdd71bc89b598981f4464f303ba1c69ddac920faef36f0747abff4541e6 content_length=179 has_if=false
webdav-1  | 2026/09/19 17:28:43 dav_response id=16 status=404 request_bytes=179 response_bytes=9
webdav-1  | 2026/09/19 17:28:43 dav_request id=17 method=PROPFIND path_sha256=9bca109affcc5044e821e9f01878128750507eed15908ab4232d538413a4ce76 content_length=179 has_if=false
webdav-1  | 2026/09/19 17:28:43 dav_response id=17 status=404 request_bytes=179 response_bytes=9
webdav-1  | 2026/09/19 17:28:43 dav_request id=18 method=PROPFIND path_sha256=15e9cacd6c10143ca9a9d4a95477a948a3888b8e3a5c3503b6ef02f01fc3a624 content_length=179 has_if=false
webdav-1  | 2026/09/19 17:28:43 dav_response id=18 status=404 request_bytes=179 response_bytes=9
webdav-1  | 2026/09/19 17:28:43 dav_request id=19 method=PROPFIND path_sha256=b0f72d8e03f4e2415c124c3d09a23c73db322ef23cf0a2b9291cc30038ac2928 content_length=179 has_if=false
webdav-1  | 2026/09/19 17:28:43 dav_response id=19 status=207 request_bytes=179 response_bytes=510
webdav-1  | 2026/09/19 17:28:43 dav_request id=20 method=PROPFIND path_sha256=2ef920d5534b2e331e860955689f01c924ca9c14c6a87368413bbacb3d9f559a content_length=179 has_if=false
webdav-1  | 2026/09/19 17:28:43 dav_response id=20 status=404 request_bytes=179 response_bytes=9
webdav-1  | 2026/09/19 17:28:43 dav_request id=21 method=GET path_sha256=b0f72d8e03f4e2415c124c3d09a23c73db322ef23cf0a2b9291cc30038ac2928 content_length=0 has_if=false
webdav-1  | 2026/09/19 17:28:43 dav_response id=21 status=200 request_bytes=0 response_bytes=0
webdav-1  | 2026/09/19 17:28:43 dav_request id=22 method=PROPFIND path_sha256=5ebb86560e8364edec7de3705e925c59615b2acaa6cff121d08cc29a632c8c78 content_length=179 has_if=false
webdav-1  | 2026/09/19 17:28:43 dav_response id=22 status=404 request_bytes=179 response_bytes=9
webdav-1  | 2026/09/19 17:28:43 dav_request id=23 method=OPTIONS path_sha256=8a5edab282632443219e051e4ade2d1d5bbc671c781051bf1437897cbdfea0f1 content_length=0 has_if=false
webdav-1  | 2026/09/19 17:28:43 dav_response id=23 status=200 request_bytes=0 response_bytes=0
webdav-1  | 2026/09/19 17:28:48 dav_request id=24 method=OPTIONS path_sha256=8a5edab282632443219e051e4ade2d1d5bbc671c781051bf1437897cbdfea0f1 content_length=0 has_if=false
webdav-1  | 2026/09/19 17:28:48 dav_response id=24 status=200 request_bytes=0 response_bytes=0
webdav-1  | 2026/09/19 17:28:53 dav_request id=25 method=OPTIONS path_sha256=8a5edab282632443219e051e4ade2d1d5bbc671c781051bf1437897cbdfea0f1 content_length=0 has_if=false
webdav-1  | 2026/09/19 17:28:53 dav_response id=25 status=200 request_bytes=0 response_bytes=0
webdav-1  | 2026/09/19 17:28:58 dav_request id=26 method=OPTIONS path_sha256=8a5edab282632443219e051e4ade2d1d5bbc671c781051bf1437897cbdfea0f1 content_length=0 has_if=false
webdav-1  | 2026/09/19 17:28:58 dav_response id=26 status=200 request_bytes=0 response_bytes=0
webdav-1  | 2026/09/19 17:29:00 dav_request id=27 method=MKCOL path_sha256=7e1c0a2483921bab98348d1bb1478a6308b57866a5f7d266d2b4f3059bb54074 content_length=0 has_if=false
webdav-1  | 2026/09/19 17:29:03 dav_response id=27 status=201 request_bytes=0 response_bytes=7
webdav-1  | 2026/09/19 17:29:03 dav_request id=28 method=PROPFIND path_sha256=7e1c0a2483921bab98348d1bb1478a6308b57866a5f7d266d2b4f3059bb54074 content_length=179 has_if=false
webdav-1  | 2026/09/19 17:29:03 dav_response id=28 status=207 request_bytes=179 response_bytes=532
webdav-1  | 2026/09/19 17:29:03 dav_request id=29 method=PROPFIND path_sha256=51a06eb8a0907397551f6d34a370aef5ef6b2b6d82a48b6b829c2da8020d10de content_length=179 has_if=false
webdav-1  | 2026/09/19 17:29:03 dav_response id=29 status=207 request_bytes=179 response_bytes=532
webdav-1  | 2026/09/19 17:29:03 dav_request id=30 method=PROPFIND path_sha256=1b8897a12d843df378e685392527bbf77bb2e8f4f12a14b1509d0ba489c0e8e2 content_length=179 has_if=false
webdav-1  | 2026/09/19 17:29:03 dav_response id=30 status=404 request_bytes=179 response_bytes=9
webdav-1  | 2026/09/19 17:29:03 dav_request id=31 method=OPTIONS path_sha256=8a5edab282632443219e051e4ade2d1d5bbc671c781051bf1437897cbdfea0f1 content_length=0 has_if=false
webdav-1  | 2026/09/19 17:29:03 dav_response id=31 status=200 request_bytes=0 response_bytes=0
webdav-1  | 2026/09/19 17:29:08 dav_request id=32 method=OPTIONS path_sha256=8a5edab282632443219e051e4ade2d1d5bbc671c781051bf1437897cbdfea0f1 content_length=0 has_if=false
webdav-1  | 2026/09/19 17:29:08 dav_response id=32 status=200 request_bytes=0 response_bytes=0
webdav-1  | 2026/09/19 17:29:13 dav_request id=33 method=PROPFIND path_sha256=c78eb0c40769179ecb2d249cc9d973e23ba97d71a975e877ae6164a438c40caa content_length=179 has_if=false
webdav-1  | 2026/09/19 17:29:13 dav_response id=33 status=404 request_bytes=179 response_bytes=9
webdav-1  | 2026/09/19 17:29:13 dav_request id=34 method=OPTIONS path_sha256=8a5edab282632443219e051e4ade2d1d5bbc671c781051bf1437897cbdfea0f1 content_length=0 has_if=false
webdav-1  | 2026/09/19 17:29:13 dav_response id=34 status=200 request_bytes=0 response_bytes=0
webdav-1  | 2026/09/19 17:29:18 dav_request id=35 method=LOCK path_sha256=b0f72d8e03f4e2415c124c3d09a23c73db322ef23cf0a2b9291cc30038ac2928 content_length=229 has_if=false
webdav-1  | 2026/09/19 17:29:18 dav_response id=35 status=423 request_bytes=229 response_bytes=38
webdav-1  | 2026/09/19 17:29:18 dav_request id=36 method=PROPFIND path_sha256=51a06eb8a0907397551f6d34a370aef5ef6b2b6d82a48b6b829c2da8020d10de content_length=179 has_if=false
webdav-1  | 2026/09/19 17:29:18 dav_response id=36 status=207 request_bytes=179 response_bytes=532
webdav-1  | 2026/09/19 17:29:18 dav_request id=37 method=PROPFIND path_sha256=666acdc9ef0836687beaa2e87e507a9c76109e16edcd791dcc5cc0233ed05ce7 content_length=179 has_if=false
webdav-1  | 2026/09/19 17:29:18 dav_response id=37 status=404 request_bytes=179 response_bytes=9
webdav-1  | 2026/09/19 17:29:18 dav_request id=38 method=PROPFIND path_sha256=51a06eb8a0907397551f6d34a370aef5ef6b2b6d82a48b6b829c2da8020d10de content_length=179 has_if=false
webdav-1  | 2026/09/19 17:29:18 dav_response id=38 status=207 request_bytes=179 response_bytes=532
webdav-1  | 2026/09/19 17:29:18 dav_request id=39 method=OPTIONS path_sha256=8a5edab282632443219e051e4ade2d1d5bbc671c781051bf1437897cbdfea0f1 content_length=0 has_if=false
webdav-1  | 2026/09/19 17:29:18 dav_response id=39 status=200 request_bytes=0 response_bytes=0
webdav-1  | 2026/09/19 17:29:18 dav_request id=40 method=PROPFIND path_sha256=51a06eb8a0907397551f6d34a370aef5ef6b2b6d82a48b6b829c2da8020d10de content_length=179 has_if=false
webdav-1  | 2026/09/19 17:29:18 dav_response id=40 status=207 request_bytes=179 response_bytes=532
webdav-1  | 2026/09/19 17:29:22 dav_request id=41 method=PROPFIND path_sha256=51a06eb8a0907397551f6d34a370aef5ef6b2b6d82a48b6b829c2da8020d10de content_length=179 has_if=false
webdav-1  | 2026/09/19 17:29:22 dav_response id=41 status=207 request_bytes=179 response_bytes=532
webdav-1  | 2026/09/19 17:29:22 dav_request id=42 method=PROPFIND path_sha256=1b8897a12d843df378e685392527bbf77bb2e8f4f12a14b1509d0ba489c0e8e2 content_length=179 has_if=false
webdav-1  | 2026/09/19 17:29:22 dav_response id=42 status=404 request_bytes=179 response_bytes=9
webdav-1  | 2026/09/19 17:29:22 dav_request id=43 method=PUT path_sha256=1b8897a12d843df378e685392527bbf77bb2e8f4f12a14b1509d0ba489c0e8e2 content_length=0 has_if=false
webdav-1  | 2026/09/19 17:29:22 dav_response id=43 status=201 request_bytes=0 response_bytes=0
webdav-1  | 2026/09/19 17:29:22 dav_request id=44 method=PROPFIND path_sha256=7ba961f6f28aa38598cb46d973d6da43b995d0de27576931ba3228229702077f content_length=179 has_if=false
webdav-1  | 2026/09/19 17:29:22 dav_response id=44 status=404 request_bytes=179 response_bytes=9
webdav-1  | 2026/09/19 17:29:22 dav_request id=45 method=LOCK path_sha256=1b8897a12d843df378e685392527bbf77bb2e8f4f12a14b1509d0ba489c0e8e2 content_length=229 has_if=false
webdav-1  | 2026/09/19 17:29:22 dav_response id=45 status=200 request_bytes=229 response_bytes=500
webdav-1  | 2026/09/19 17:29:22 dav_request id=46 method=UNLOCK path_sha256=1b8897a12d843df378e685392527bbf77bb2e8f4f12a14b1509d0ba489c0e8e2 content_length=0 has_if=false
webdav-1  | 2026/09/19 17:29:22 dav_response id=46 status=204 request_bytes=0 response_bytes=0
webdav-1  | 2026/09/19 17:29:22 dav_request id=47 method=PROPFIND path_sha256=1b8897a12d843df378e685392527bbf77bb2e8f4f12a14b1509d0ba489c0e8e2 content_length=179 has_if=false
webdav-1  | 2026/09/19 17:29:22 dav_response id=47 status=207 request_bytes=179 response_bytes=571
webdav-1  | 2026/09/19 17:29:22 dav_request id=48 method=LOCK path_sha256=1b8897a12d843df378e685392527bbf77bb2e8f4f12a14b1509d0ba489c0e8e2 content_length=229 has_if=false
webdav-1  | 2026/09/19 17:29:22 dav_response id=48 status=200 request_bytes=229 response_bytes=500
webdav-1  | 2026/09/19 17:29:22 dav_request id=49 method=UNLOCK path_sha256=1b8897a12d843df378e685392527bbf77bb2e8f4f12a14b1509d0ba489c0e8e2 content_length=0 has_if=false
webdav-1  | 2026/09/19 17:29:22 dav_response id=49 status=204 request_bytes=0 response_bytes=0
webdav-1  | 2026/09/19 17:29:22 dav_request id=50 method=PROPFIND path_sha256=7ba961f6f28aa38598cb46d973d6da43b995d0de27576931ba3228229702077f content_length=179 has_if=false
webdav-1  | 2026/09/19 17:29:22 dav_response id=50 status=404 request_bytes=179 response_bytes=9
webdav-1  | 2026/09/19 17:29:22 dav_request id=51 method=PUT path_sha256=7ba961f6f28aa38598cb46d973d6da43b995d0de27576931ba3228229702077f content_length=0 has_if=false
webdav-1  | 2026/09/19 17:29:22 dav_response id=51 status=201 request_bytes=0 response_bytes=0
webdav-1  | 2026/09/19 17:29:22 dav_request id=52 method=LOCK path_sha256=7ba961f6f28aa38598cb46d973d6da43b995d0de27576931ba3228229702077f content_length=229 has_if=false
webdav-1  | 2026/09/19 17:29:22 dav_response id=52 status=200 request_bytes=229 response_bytes=502
webdav-1  | 2026/09/19 17:29:22 dav_request id=53 method=PUT path_sha256=7ba961f6f28aa38598cb46d973d6da43b995d0de27576931ba3228229702077f content_length=4096 has_if=true
webdav-1  | 2026/09/19 17:29:23 dav_request id=54 method=OPTIONS path_sha256=8a5edab282632443219e051e4ade2d1d5bbc671c781051bf1437897cbdfea0f1 content_length=0 has_if=false
webdav-1  | 2026/09/19 17:29:23 dav_response id=54 status=200 request_bytes=0 response_bytes=0
webdav-1  | 2026/09/19 17:29:26 dav_response id=53 status=201 request_bytes=4096 response_bytes=7
webdav-1  | 2026/09/19 17:29:26 dav_request id=55 method=UNLOCK path_sha256=7ba961f6f28aa38598cb46d973d6da43b995d0de27576931ba3228229702077f content_length=0 has_if=false
webdav-1  | 2026/09/19 17:29:26 dav_response id=55 status=204 request_bytes=0 response_bytes=0
webdav-1  | 2026/09/19 17:29:26 dav_request id=56 method=LOCK path_sha256=1b8897a12d843df378e685392527bbf77bb2e8f4f12a14b1509d0ba489c0e8e2 content_length=229 has_if=false
webdav-1  | 2026/09/19 17:29:26 dav_response id=56 status=200 request_bytes=229 response_bytes=500
webdav-1  | 2026/09/19 17:29:26 dav_request id=57 method=GET path_sha256=1b8897a12d843df378e685392527bbf77bb2e8f4f12a14b1509d0ba489c0e8e2 content_length=0 has_if=false
webdav-1  | 2026/09/19 17:29:26 dav_response id=57 status=200 request_bytes=0 response_bytes=0
webdav-1  | 2026/09/19 17:29:26 dav_request id=58 method=UNLOCK path_sha256=1b8897a12d843df378e685392527bbf77bb2e8f4f12a14b1509d0ba489c0e8e2 content_length=0 has_if=false
webdav-1  | 2026/09/19 17:29:26 dav_response id=58 status=204 request_bytes=0 response_bytes=0
webdav-1  | 2026/09/19 17:29:26 dav_request id=59 method=LOCK path_sha256=1b8897a12d843df378e685392527bbf77bb2e8f4f12a14b1509d0ba489c0e8e2 content_length=229 has_if=false
webdav-1  | 2026/09/19 17:29:26 dav_response id=59 status=200 request_bytes=229 response_bytes=500
webdav-1  | 2026/09/19 17:29:26 dav_request id=60 method=PROPFIND path_sha256=51a06eb8a0907397551f6d34a370aef5ef6b2b6d82a48b6b829c2da8020d10de content_length=179 has_if=false
webdav-1  | 2026/09/19 17:29:26 dav_request id=61 method=GET path_sha256=1b8897a12d843df378e685392527bbf77bb2e8f4f12a14b1509d0ba489c0e8e2 content_length=0 has_if=false
webdav-1  | 2026/09/19 17:29:26 dav_response id=61 status=200 request_bytes=0 response_bytes=0
webdav-1  | 2026/09/19 17:29:26 dav_response id=60 status=207 request_bytes=179 response_bytes=989
webdav-1  | 2026/09/19 17:29:26 dav_request id=62 method=PUT path_sha256=1b8897a12d843df378e685392527bbf77bb2e8f4f12a14b1509d0ba489c0e8e2 content_length=-1 has_if=true
webdav-1  | 2026/09/19 17:29:26 dav_request id=63 method=LOCK path_sha256=7ba961f6f28aa38598cb46d973d6da43b995d0de27576931ba3228229702077f content_length=229 has_if=false
webdav-1  | 2026/09/19 17:29:26 dav_response id=63 status=200 request_bytes=229 response_bytes=517
webdav-1  | 2026/09/19 17:29:26 dav_request id=64 method=GET path_sha256=7ba961f6f28aa38598cb46d973d6da43b995d0de27576931ba3228229702077f content_length=0 has_if=false
webdav-1  | 2026/09/19 17:29:26 dav_response id=64 status=200 request_bytes=0 response_bytes=4096
webdav-1  | 2026/09/19 17:29:26 dav_request id=65 method=PUT path_sha256=7ba961f6f28aa38598cb46d973d6da43b995d0de27576931ba3228229702077f content_length=4096 has_if=true
webdav-1  | 2026/09/19 17:29:26 dav_request id=66 method=PROPFIND path_sha256=51a06eb8a0907397551f6d34a370aef5ef6b2b6d82a48b6b829c2da8020d10de content_length=179 has_if=false
webdav-1  | 2026/09/19 17:29:27 dav_response id=65 status=405 request_bytes=4096 response_bytes=18
webdav-1  | 2026/09/19 17:29:27 dav_request id=67 method=UNLOCK path_sha256=7ba961f6f28aa38598cb46d973d6da43b995d0de27576931ba3228229702077f content_length=0 has_if=false
webdav-1  | 2026/09/19 17:29:27 dav_response id=67 status=204 request_bytes=0 response_bytes=0
webdav-1  | 2026/09/19 17:29:28 dav_request id=68 method=OPTIONS path_sha256=8a5edab282632443219e051e4ade2d1d5bbc671c781051bf1437897cbdfea0f1 content_length=0 has_if=false
webdav-1  | 2026/09/19 17:29:28 dav_response id=68 status=200 request_bytes=0 response_bytes=0
webdav-1  | 2026/09/19 17:29:31 dav_response id=66 status=207 request_bytes=179 response_bytes=1010
webdav-1  | 2026/09/19 17:29:31 dav_request id=69 method=DELETE path_sha256=7ba961f6f28aa38598cb46d973d6da43b995d0de27576931ba3228229702077f content_length=0 has_if=false
webdav-1  | 2026/09/19 17:29:31 dav_response id=69 status=405 request_bytes=0 response_bytes=18
webdav-1  | 2026/09/19 17:29:31 dav_request id=70 method=PROPFIND path_sha256=51a06eb8a0907397551f6d34a370aef5ef6b2b6d82a48b6b829c2da8020d10de content_length=179 has_if=false
webdav-1  | 2026/09/19 17:29:33 dav_request id=71 method=OPTIONS path_sha256=8a5edab282632443219e051e4ade2d1d5bbc671c781051bf1437897cbdfea0f1 content_length=0 has_if=false
webdav-1  | 2026/09/19 17:29:33 dav_response id=71 status=200 request_bytes=0 response_bytes=0
webdav-1  | 2026/09/19 17:29:37 dav_response id=70 status=207 request_bytes=179 response_bytes=1010
webdav-1  | 2026/09/19 17:29:37 dav_request id=72 method=PROPFIND path_sha256=7ba961f6f28aa38598cb46d973d6da43b995d0de27576931ba3228229702077f content_length=179 has_if=false
webdav-1  | 2026/09/19 17:29:37 dav_response id=72 status=207 request_bytes=179 response_bytes=541
webdav-1  | 2026/09/19 17:29:37 dav_request id=73 method=PROPFIND path_sha256=51a06eb8a0907397551f6d34a370aef5ef6b2b6d82a48b6b829c2da8020d10de content_length=179 has_if=false
webdav-1  | 2026/09/19 17:29:38 dav_request id=74 method=OPTIONS path_sha256=8a5edab282632443219e051e4ade2d1d5bbc671c781051bf1437897cbdfea0f1 content_length=0 has_if=false
webdav-1  | 2026/09/19 17:29:38 dav_response id=74 status=200 request_bytes=0 response_bytes=0
webdav-1  | 2026/09/19 17:29:42 dav_response id=73 status=207 request_bytes=179 response_bytes=1010
webdav-1  | 2026/09/19 17:29:42 dav_request id=75 method=LOCK path_sha256=7ba961f6f28aa38598cb46d973d6da43b995d0de27576931ba3228229702077f content_length=229 has_if=false
webdav-1  | 2026/09/19 17:29:42 dav_response id=75 status=200 request_bytes=229 response_bytes=517
webdav-1  | 2026/09/19 17:29:42 dav_request id=76 method=GET path_sha256=7ba961f6f28aa38598cb46d973d6da43b995d0de27576931ba3228229702077f content_length=0 has_if=false
webdav-1  | 2026/09/19 17:29:42 dav_response id=76 status=304 request_bytes=0 response_bytes=0
webdav-1  | 2026/09/19 17:29:42 dav_request id=77 method=PROPFIND path_sha256=51a06eb8a0907397551f6d34a370aef5ef6b2b6d82a48b6b829c2da8020d10de content_length=179 has_if=false
webdav-1  | 2026/09/19 17:29:42 dav_request id=78 method=PUT path_sha256=7ba961f6f28aa38598cb46d973d6da43b995d0de27576931ba3228229702077f content_length=4096 has_if=true
webdav-1  | 2026/09/19 17:29:42 dav_response id=78 status=405 request_bytes=4096 response_bytes=18
webdav-1  | 2026/09/19 17:29:42 dav_request id=79 method=UNLOCK path_sha256=7ba961f6f28aa38598cb46d973d6da43b995d0de27576931ba3228229702077f content_length=0 has_if=false
webdav-1  | 2026/09/19 17:29:42 dav_response id=79 status=204 request_bytes=0 response_bytes=0
webdav-1  | 2026/09/19 17:29:43 dav_request id=80 method=OPTIONS path_sha256=8a5edab282632443219e051e4ade2d1d5bbc671c781051bf1437897cbdfea0f1 content_length=0 has_if=false
webdav-1  | 2026/09/19 17:29:43 dav_response id=80 status=200 request_bytes=0 response_bytes=0
webdav-1  | 2026/09/19 17:29:45 dav_response id=62 status=201 request_bytes=65536 response_bytes=7
webdav-1  | 2026/09/19 17:29:45 dav_response id=77 status=207 request_bytes=179 response_bytes=1445
webdav-1  | 2026/09/19 17:29:45 dav_request id=81 method=PROPFIND path_sha256=1b8897a12d843df378e685392527bbf77bb2e8f4f12a14b1509d0ba489c0e8e2 content_length=179 has_if=false
webdav-1  | 2026/09/19 17:29:45 dav_response id=81 status=207 request_bytes=179 response_bytes=540
webdav-1  | 2026/09/19 17:29:45 dav_request id=82 method=LOCK path_sha256=1b8897a12d843df378e685392527bbf77bb2e8f4f12a14b1509d0ba489c0e8e2 content_length=229 has_if=false
webdav-1  | 2026/09/19 17:29:45 dav_response id=82 status=200 request_bytes=229 response_bytes=515
webdav-1  | 2026/09/19 17:29:45 dav_request id=83 method=GET path_sha256=1b8897a12d843df378e685392527bbf77bb2e8f4f12a14b1509d0ba489c0e8e2 content_length=0 has_if=false
webdav-1  | 2026/09/19 17:29:46 dav_response id=83 status=200 request_bytes=0 response_bytes=65536
webdav-1  | 2026/09/19 17:29:46 dav_request id=84 method=UNLOCK path_sha256=1b8897a12d843df378e685392527bbf77bb2e8f4f12a14b1509d0ba489c0e8e2 content_length=0 has_if=false
webdav-1  | 2026/09/19 17:29:46 dav_response id=84 status=409 request_bytes=0 response_bytes=20
webdav-1  | 2026/09/19 17:29:46 dav_request id=85 method=PROPFIND path_sha256=1b8897a12d843df378e685392527bbf77bb2e8f4f12a14b1509d0ba489c0e8e2 content_length=179 has_if=false
webdav-1  | 2026/09/19 17:29:46 dav_response id=85 status=207 request_bytes=179 response_bytes=540
webdav-1  | 2026/09/19 17:29:46 dav_request id=86 method=LOCK path_sha256=7ba961f6f28aa38598cb46d973d6da43b995d0de27576931ba3228229702077f content_length=229 has_if=false
webdav-1  | 2026/09/19 17:29:46 dav_response id=86 status=200 request_bytes=229 response_bytes=517
webdav-1  | 2026/09/19 17:29:46 dav_request id=87 method=GET path_sha256=7ba961f6f28aa38598cb46d973d6da43b995d0de27576931ba3228229702077f content_length=0 has_if=false
webdav-1  | 2026/09/19 17:29:46 dav_response id=87 status=304 request_bytes=0 response_bytes=0
webdav-1  | 2026/09/19 17:29:46 dav_request id=88 method=UNLOCK path_sha256=7ba961f6f28aa38598cb46d973d6da43b995d0de27576931ba3228229702077f content_length=0 has_if=false
webdav-1  | 2026/09/19 17:29:46 dav_request id=89 method=PROPFIND path_sha256=8a5edab282632443219e051e4ade2d1d5bbc671c781051bf1437897cbdfea0f1 content_length=179 has_if=false
webdav-1  | 2026/09/19 17:29:46 dav_response id=88 status=204 request_bytes=0 response_bytes=0
webdav-1  | 2026/09/19 17:29:46 dav_response id=89 status=207 request_bytes=179 response_bytes=495
webdav-1  | 2026/09/19 17:29:46 dav_request id=90 method=GET path_sha256=1b8897a12d843df378e685392527bbf77bb2e8f4f12a14b1509d0ba489c0e8e2 content_length=0 has_if=false
webdav-1  | 2026/09/19 17:29:47 dav_request id=91 method=PROPFIND path_sha256=c78eb0c40769179ecb2d249cc9d973e23ba97d71a975e877ae6164a438c40caa content_length=179 has_if=false
webdav-1  | 2026/09/19 17:29:47 dav_response id=91 status=404 request_bytes=179 response_bytes=9
webdav-1  | 2026/09/19 17:29:47 dav_request id=92 method=PROPFIND path_sha256=51a06eb8a0907397551f6d34a370aef5ef6b2b6d82a48b6b829c2da8020d10de content_length=179 has_if=false
webdav-1  | 2026/09/19 17:29:47 dav_response id=92 status=207 request_bytes=179 response_bytes=1445
webdav-1  | 2026/09/19 17:29:47 dav_request id=93 method=PROPFIND path_sha256=1b8897a12d843df378e685392527bbf77bb2e8f4f12a14b1509d0ba489c0e8e2 content_length=179 has_if=false
webdav-1  | 2026/09/19 17:29:47 dav_response id=93 status=207 request_bytes=179 response_bytes=540
webdav-1  | 2026/09/19 17:29:47 dav_response id=90 status=200 request_bytes=0 response_bytes=65536
webdav-1  | 2026/09/19 17:29:47 dav_request id=94 method=PROPFIND path_sha256=b0f72d8e03f4e2415c124c3d09a23c73db322ef23cf0a2b9291cc30038ac2928 content_length=179 has_if=false
webdav-1  | 2026/09/19 17:29:47 dav_response id=94 status=207 request_bytes=179 response_bytes=510
webdav-1  | 2026/09/19 17:29:47 dav_request id=95 method=PROPFIND path_sha256=2ef920d5534b2e331e860955689f01c924ca9c14c6a87368413bbacb3d9f559a content_length=179 has_if=false
webdav-1  | 2026/09/19 17:29:47 dav_response id=95 status=404 request_bytes=179 response_bytes=9
webdav-1  | 2026/09/19 17:29:47 dav_request id=96 method=LOCK path_sha256=b0f72d8e03f4e2415c124c3d09a23c73db322ef23cf0a2b9291cc30038ac2928 content_length=229 has_if=false
webdav-1  | 2026/09/19 17:29:47 dav_response id=96 status=423 request_bytes=229 response_bytes=38
webdav-1  | 2026/09/19 17:29:47 dav_request id=97 method=PROPFIND path_sha256=0edbebb3989dde4f7ea19ca958fe60ae5c788a73733f15b4e1341f6ac8063bb5 content_length=179 has_if=false
webdav-1  | 2026/09/19 17:29:47 dav_response id=97 status=404 request_bytes=179 response_bytes=9
webdav-1  | 2026/09/19 17:29:48 dav_request id=98 method=PROPFIND path_sha256=51a06eb8a0907397551f6d34a370aef5ef6b2b6d82a48b6b829c2da8020d10de content_length=179 has_if=false
webdav-1  | 2026/09/19 17:29:48 dav_response id=98 status=207 request_bytes=179 response_bytes=1445
webdav-1  | 2026/09/19 17:29:48 dav_request id=99 method=OPTIONS path_sha256=8a5edab282632443219e051e4ade2d1d5bbc671c781051bf1437897cbdfea0f1 content_length=0 has_if=false
webdav-1  | 2026/09/19 17:29:48 dav_response id=99 status=200 request_bytes=0 response_bytes=0
webdav-1  | 2026/09/19 17:29:53 dav_request id=100 method=OPTIONS path_sha256=8a5edab282632443219e051e4ade2d1d5bbc671c781051bf1437897cbdfea0f1 content_length=0 has_if=false
webdav-1  | 2026/09/19 17:29:53 dav_response id=100 status=200 request_bytes=0 response_bytes=0
webdav-1  | 2026/09/19 17:29:59 dav_request id=101 method=OPTIONS path_sha256=8a5edab282632443219e051e4ade2d1d5bbc671c781051bf1437897cbdfea0f1 content_length=0 has_if=false
webdav-1  | 2026/09/19 17:29:59 dav_response id=101 status=200 request_bytes=0 response_bytes=0
webdav-1  | 2026/09/19 17:30:04 dav_request id=102 method=OPTIONS path_sha256=8a5edab282632443219e051e4ade2d1d5bbc671c781051bf1437897cbdfea0f1 content_length=0 has_if=false
webdav-1  | 2026/09/19 17:30:04 dav_response id=102 status=200 request_bytes=0 response_bytes=0
webdav-1  | 2026/09/19 17:30:09 dav_request id=103 method=OPTIONS path_sha256=8a5edab282632443219e051e4ade2d1d5bbc671c781051bf1437897cbdfea0f1 content_length=0 has_if=false
webdav-1  | 2026/09/19 17:30:09 dav_response id=103 status=200 request_bytes=0 response_bytes=0
