webdav-1  | 2026/09/19 17:21:26 dav_request id=186 method=OPTIONS path_sha256=8a5edab282632443219e051e4ade2d1d5bbc671c781051bf1437897cbdfea0f1 content_length=0 has_if=false
webdav-1  | 2026/09/19 17:21:26 dav_response id=186 status=200 request_bytes=0 response_bytes=0
webdav-1  | 2026/09/19 17:21:31 dav_request id=187 method=OPTIONS path_sha256=8a5edab282632443219e051e4ade2d1d5bbc671c781051bf1437897cbdfea0f1 content_length=0 has_if=false
webdav-1  | 2026/09/19 17:21:31 dav_response id=187 status=200 request_bytes=0 response_bytes=0
webdav-1  | 2026/09/19 17:21:36 dav_request id=188 method=OPTIONS path_sha256=8a5edab282632443219e051e4ade2d1d5bbc671c781051bf1437897cbdfea0f1 content_length=0 has_if=false
webdav-1  | 2026/09/19 17:21:36 dav_response id=188 status=200 request_bytes=0 response_bytes=0
webdav-1  | 2026/09/19 17:21:41 dav_request id=189 method=OPTIONS path_sha256=8a5edab282632443219e051e4ade2d1d5bbc671c781051bf1437897cbdfea0f1 content_length=0 has_if=false
webdav-1  | 2026/09/19 17:21:41 dav_response id=189 status=200 request_bytes=0 response_bytes=0
webdav-1  | 2026/09/19 17:21:41 dav_request id=190 method=PROPFIND path_sha256=90f57233f72a77dcc197b06098b9999205e5c75f9d14df2f1f291c075e3a73ee content_length=179 has_if=false
webdav-1  | 2026/09/19 17:21:41 dav_response id=190 status=207 request_bytes=179 response_bytes=531
webdav-1  | 2026/09/19 17:21:41 dav_request id=191 method=PROPFIND path_sha256=8a5edab282632443219e051e4ade2d1d5bbc671c781051bf1437897cbdfea0f1 content_length=179 has_if=false
webdav-1  | 2026/09/19 17:21:41 dav_response id=191 status=207 request_bytes=179 response_bytes=2301
webdav-1  | 2026/09/19 17:21:41 dav_request id=192 method=PROPFIND path_sha256=7c628694ddcec7c7de0fa6f8914589a7cb96a604b1d7bb2167ee6cebb5f9795f content_length=179 has_if=false
webdav-1  | 2026/09/19 17:21:41 dav_response id=192 status=404 request_bytes=179 response_bytes=9
webdav-1  | 2026/09/19 17:21:41 dav_request id=193 method=PROPFIND path_sha256=559e0b2ab7870dd8ec88f0e749d2b1eb675303412fdef99e3a440853723cd82b content_length=179 has_if=false
webdav-1  | 2026/09/19 17:21:41 dav_response id=193 status=404 request_bytes=0 response_bytes=19
webdav-1  | 2026/09/19 17:21:41 dav_request id=194 method=PROPFIND path_sha256=fc29a6cec75de6629201759510a19c9bcd460147867973782e3cb4d9dc4639e4 content_length=179 has_if=false
webdav-1  | 2026/09/19 17:21:41 dav_response id=194 status=404 request_bytes=0 response_bytes=19
webdav-1  | 2026/09/19 17:21:41 dav_request id=195 method=PROPFIND path_sha256=7c628694ddcec7c7de0fa6f8914589a7cb96a604b1d7bb2167ee6cebb5f9795f content_length=179 has_if=false
webdav-1  | 2026/09/19 17:21:41 dav_response id=195 status=404 request_bytes=179 response_bytes=9
webdav-1  | 2026/09/19 17:21:41 dav_request id=196 method=PROPFIND path_sha256=50268925779664c69316d17407f569c14b141a5bc72b5871c7ffc5218c5217f2 content_length=179 has_if=false
webdav-1  | 2026/09/19 17:21:41 dav_response id=196 status=404 request_bytes=179 response_bytes=9
webdav-1  | 2026/09/19 17:21:41 dav_request id=197 method=PROPFIND path_sha256=8a5edab282632443219e051e4ade2d1d5bbc671c781051bf1437897cbdfea0f1 content_length=179 has_if=false
webdav-1  | 2026/09/19 17:21:41 dav_response id=197 status=207 request_bytes=179 response_bytes=2301
webdav-1  | 2026/09/19 17:21:41 dav_request id=198 method=PROPFIND path_sha256=3af09932ad6ca3ebff0cdb18d737c750d6f17fad806dbe870f4d0aa8aa41527d content_length=179 has_if=false
webdav-1  | 2026/09/19 17:21:41 dav_response id=198 status=404 request_bytes=179 response_bytes=9
webdav-1  | 2026/09/19 17:21:41 dav_request id=199 method=PROPFIND path_sha256=8a5edab282632443219e051e4ade2d1d5bbc671c781051bf1437897cbdfea0f1 content_length=179 has_if=false
webdav-1  | 2026/09/19 17:21:41 dav_response id=199 status=207 request_bytes=179 response_bytes=2301
webdav-1  | 2026/09/19 17:21:41 dav_request id=200 method=PROPFIND path_sha256=8a5edab282632443219e051e4ade2d1d5bbc671c781051bf1437897cbdfea0f1 content_length=179 has_if=false
webdav-1  | 2026/09/19 17:21:41 dav_response id=200 status=207 request_bytes=179 response_bytes=2301
webdav-1  | 2026/09/19 17:21:41 dav_request id=201 method=PROPFIND path_sha256=8a5edab282632443219e051e4ade2d1d5bbc671c781051bf1437897cbdfea0f1 content_length=179 has_if=false
webdav-1  | 2026/09/19 17:21:41 dav_response id=201 status=207 request_bytes=179 response_bytes=2301
webdav-1  | 2026/09/19 17:21:42 dav_request id=202 method=PROPFIND path_sha256=8a5edab282632443219e051e4ade2d1d5bbc671c781051bf1437897cbdfea0f1 content_length=179 has_if=false
webdav-1  | 2026/09/19 17:21:42 dav_response id=202 status=207 request_bytes=179 response_bytes=2301
webdav-1  | 2026/09/19 17:21:42 dav_request id=203 method=PROPFIND path_sha256=8a5edab282632443219e051e4ade2d1d5bbc671c781051bf1437897cbdfea0f1 content_length=179 has_if=false
webdav-1  | 2026/09/19 17:21:42 dav_response id=203 status=207 request_bytes=179 response_bytes=2301
webdav-1  | 2026/09/19 17:21:42 dav_request id=204 method=PROPFIND path_sha256=8a5edab282632443219e051e4ade2d1d5bbc671c781051bf1437897cbdfea0f1 content_length=179 has_if=false
webdav-1  | 2026/09/19 17:21:42 dav_response id=204 status=207 request_bytes=179 response_bytes=2301
webdav-1  | 2026/09/19 17:21:42 dav_request id=205 method=PROPFIND path_sha256=8a5edab282632443219e051e4ade2d1d5bbc671c781051bf1437897cbdfea0f1 content_length=179 has_if=false
webdav-1  | 2026/09/19 17:21:42 dav_response id=205 status=207 request_bytes=179 response_bytes=2301
webdav-1  | 2026/09/19 17:21:42 dav_request id=206 method=PROPFIND path_sha256=8a5edab282632443219e051e4ade2d1d5bbc671c781051bf1437897cbdfea0f1 content_length=179 has_if=false
webdav-1  | 2026/09/19 17:21:42 dav_response id=206 status=207 request_bytes=179 response_bytes=2301
webdav-1  | 2026/09/19 17:21:45 dav_request id=207 method=PROPFIND path_sha256=b0f72d8e03f4e2415c124c3d09a23c73db322ef23cf0a2b9291cc30038ac2928 content_length=179 has_if=false
webdav-1  | 2026/09/19 17:21:45 dav_response id=207 status=404 request_bytes=0 response_bytes=19
webdav-1  | 2026/09/19 17:21:45 dav_request id=208 method=PROPFIND path_sha256=b0f72d8e03f4e2415c124c3d09a23c73db322ef23cf0a2b9291cc30038ac2928 content_length=179 has_if=false
webdav-1  | 2026/09/19 17:21:45 dav_response id=208 status=404 request_bytes=0 response_bytes=19
webdav-1  | 2026/09/19 17:21:45 dav_request id=209 method=PUT path_sha256=b0f72d8e03f4e2415c124c3d09a23c73db322ef23cf0a2b9291cc30038ac2928 content_length=0 has_if=false
webdav-1  | 2026/09/19 17:21:45 dav_response id=209 status=423 request_bytes=0 response_bytes=7
webdav-1  | 2026/09/19 17:21:45 dav_request id=210 method=PROPFIND path_sha256=b0f72d8e03f4e2415c124c3d09a23c73db322ef23cf0a2b9291cc30038ac2928 content_length=179 has_if=false
webdav-1  | 2026/09/19 17:21:45 dav_response id=210 status=404 request_bytes=0 response_bytes=19
webdav-1  | 2026/09/19 17:21:45 dav_request id=211 method=PROPFIND path_sha256=8a5edab282632443219e051e4ade2d1d5bbc671c781051bf1437897cbdfea0f1 content_length=179 has_if=false
webdav-1  | 2026/09/19 17:21:45 dav_response id=211 status=207 request_bytes=179 response_bytes=2301
webdav-1  | 2026/09/19 17:21:45 dav_request id=212 method=PROPFIND path_sha256=8a5edab282632443219e051e4ade2d1d5bbc671c781051bf1437897cbdfea0f1 content_length=179 has_if=false
webdav-1  | 2026/09/19 17:21:45 dav_response id=212 status=207 request_bytes=179 response_bytes=2301
webdav-1  | 2026/09/19 17:21:45 dav_request id=213 method=PROPFIND path_sha256=8a5edab282632443219e051e4ade2d1d5bbc671c781051bf1437897cbdfea0f1 content_length=179 has_if=false
webdav-1  | 2026/09/19 17:21:45 dav_response id=213 status=207 request_bytes=179 response_bytes=2301
webdav-1  | 2026/09/19 17:21:45 dav_request id=214 method=PROPFIND path_sha256=8a5edab282632443219e051e4ade2d1d5bbc671c781051bf1437897cbdfea0f1 content_length=179 has_if=false
webdav-1  | 2026/09/19 17:21:45 dav_response id=214 status=207 request_bytes=179 response_bytes=2301
webdav-1  | 2026/09/19 17:21:46 dav_request id=215 method=PROPFIND path_sha256=8a5edab282632443219e051e4ade2d1d5bbc671c781051bf1437897cbdfea0f1 content_length=179 has_if=false
webdav-1  | 2026/09/19 17:21:46 dav_response id=215 status=207 request_bytes=179 response_bytes=2301
webdav-1  | 2026/09/19 17:21:46 dav_request id=216 method=PROPFIND path_sha256=8a5edab282632443219e051e4ade2d1d5bbc671c781051bf1437897cbdfea0f1 content_length=179 has_if=false
webdav-1  | 2026/09/19 17:21:46 dav_response id=216 status=207 request_bytes=179 response_bytes=2301
webdav-1  | 2026/09/19 17:21:46 dav_request id=217 method=PROPFIND path_sha256=8a5edab282632443219e051e4ade2d1d5bbc671c781051bf1437897cbdfea0f1 content_length=179 has_if=false
webdav-1  | 2026/09/19 17:21:46 dav_response id=217 status=207 request_bytes=179 response_bytes=2301
webdav-1  | 2026/09/19 17:21:46 dav_request id=218 method=PROPFIND path_sha256=8a5edab282632443219e051e4ade2d1d5bbc671c781051bf1437897cbdfea0f1 content_length=179 has_if=false
webdav-1  | 2026/09/19 17:21:46 dav_response id=218 status=207 request_bytes=179 response_bytes=2301
webdav-1  | 2026/09/19 17:21:46 dav_request id=219 method=PROPFIND path_sha256=8a5edab282632443219e051e4ade2d1d5bbc671c781051bf1437897cbdfea0f1 content_length=179 has_if=false
webdav-1  | 2026/09/19 17:21:46 dav_response id=219 status=207 request_bytes=179 response_bytes=2301
webdav-1  | 2026/09/19 17:21:46 dav_request id=220 method=PROPFIND path_sha256=8a5edab282632443219e051e4ade2d1d5bbc671c781051bf1437897cbdfea0f1 content_length=179 has_if=false
webdav-1  | 2026/09/19 17:21:46 dav_response id=220 status=207 request_bytes=179 response_bytes=2301
webdav-1  | 2026/09/19 17:21:46 dav_request id=221 method=OPTIONS path_sha256=8a5edab282632443219e051e4ade2d1d5bbc671c781051bf1437897cbdfea0f1 content_length=0 has_if=false
webdav-1  | 2026/09/19 17:21:46 dav_response id=221 status=200 request_bytes=0 response_bytes=0
webdav-1  | 2026/09/19 17:21:49 dav_request id=222 method=PROPFIND path_sha256=33e1fb332e24f1895ab96e7abbfc3758e9375cd0576ec67f53921e283b5b5bbd content_length=179 has_if=false
webdav-1  | 2026/09/19 17:21:49 dav_response id=222 status=207 request_bytes=179 response_bytes=531
webdav-1  | 2026/09/19 17:21:49 dav_request id=223 method=PROPFIND path_sha256=aed17bcb94b9a3a26814fbd608e09c9734ffa6dcc5faed5ceb8fd0ab2b2159e2 content_length=179 has_if=false
webdav-1  | 2026/09/19 17:21:49 dav_response id=223 status=404 request_bytes=179 response_bytes=9
webdav-1  | 2026/09/19 17:21:49 dav_request id=224 method=PROPFIND path_sha256=33e1fb332e24f1895ab96e7abbfc3758e9375cd0576ec67f53921e283b5b5bbd content_length=179 has_if=false
webdav-1  | 2026/09/19 17:21:49 dav_response id=224 status=207 request_bytes=179 response_bytes=531
webdav-1  | 2026/09/19 17:21:50 dav_request id=225 method=PROPFIND path_sha256=33e1fb332e24f1895ab96e7abbfc3758e9375cd0576ec67f53921e283b5b5bbd content_length=179 has_if=false
webdav-1  | 2026/09/19 17:21:50 dav_response id=225 status=207 request_bytes=179 response_bytes=531
webdav-1  | 2026/09/19 17:21:51 dav_request id=226 method=OPTIONS path_sha256=8a5edab282632443219e051e4ade2d1d5bbc671c781051bf1437897cbdfea0f1 content_length=0 has_if=false
webdav-1  | 2026/09/19 17:21:51 dav_response id=226 status=200 request_bytes=0 response_bytes=0
webdav-1  | 2026/09/19 17:21:56 dav_request id=227 method=OPTIONS path_sha256=8a5edab282632443219e051e4ade2d1d5bbc671c781051bf1437897cbdfea0f1 content_length=0 has_if=false
webdav-1  | 2026/09/19 17:21:56 dav_response id=227 status=200 request_bytes=0 response_bytes=0
webdav-1  | 2026/09/19 17:22:01 dav_request id=228 method=OPTIONS path_sha256=8a5edab282632443219e051e4ade2d1d5bbc671c781051bf1437897cbdfea0f1 content_length=0 has_if=false
webdav-1  | 2026/09/19 17:22:01 dav_response id=228 status=200 request_bytes=0 response_bytes=0
webdav-1  | 2026/09/19 17:22:06 dav_request id=229 method=OPTIONS path_sha256=8a5edab282632443219e051e4ade2d1d5bbc671c781051bf1437897cbdfea0f1 content_length=0 has_if=false
webdav-1  | 2026/09/19 17:22:06 dav_response id=229 status=200 request_bytes=0 response_bytes=0
webdav-1  | 2026/09/19 17:22:11 dav_request id=230 method=OPTIONS path_sha256=8a5edab282632443219e051e4ade2d1d5bbc671c781051bf1437897cbdfea0f1 content_length=0 has_if=false
webdav-1  | 2026/09/19 17:22:11 dav_response id=230 status=200 request_bytes=0 response_bytes=0
webdav-1  | 2026/09/19 17:22:16 dav_request id=231 method=OPTIONS path_sha256=8a5edab282632443219e051e4ade2d1d5bbc671c781051bf1437897cbdfea0f1 content_length=0 has_if=false
webdav-1  | 2026/09/19 17:22:16 dav_response id=231 status=200 request_bytes=0 response_bytes=0
webdav-1  | 2026/09/19 17:22:21 dav_request id=232 method=OPTIONS path_sha256=8a5edab282632443219e051e4ade2d1d5bbc671c781051bf1437897cbdfea0f1 content_length=0 has_if=false
webdav-1  | 2026/09/19 17:22:21 dav_response id=232 status=200 request_bytes=0 response_bytes=0
webdav-1  | 2026/09/19 17:22:26 dav_request id=233 method=OPTIONS path_sha256=8a5edab282632443219e051e4ade2d1d5bbc671c781051bf1437897cbdfea0f1 content_length=0 has_if=false
webdav-1  | 2026/09/19 17:22:26 dav_response id=233 status=200 request_bytes=0 response_bytes=0
webdav-1  | 2026/09/19 17:22:31 dav_request id=234 method=OPTIONS path_sha256=8a5edab282632443219e051e4ade2d1d5bbc671c781051bf1437897cbdfea0f1 content_length=0 has_if=false
webdav-1  | 2026/09/19 17:22:31 dav_response id=234 status=200 request_bytes=0 response_bytes=0
webdav-1  | 2026/09/19 17:22:36 dav_request id=235 method=OPTIONS path_sha256=8a5edab282632443219e051e4ade2d1d5bbc671c781051bf1437897cbdfea0f1 content_length=0 has_if=false
webdav-1  | 2026/09/19 17:22:36 dav_response id=235 status=200 request_bytes=0 response_bytes=0
webdav-1  | 2026/09/19 17:22:37 dav_request id=236 method=PROPFIND path_sha256=33e1fb332e24f1895ab96e7abbfc3758e9375cd0576ec67f53921e283b5b5bbd content_length=179 has_if=false
webdav-1  | 2026/09/19 17:22:37 dav_response id=236 status=207 request_bytes=179 response_bytes=531
webdav-1  | 2026/09/19 17:22:37 dav_request id=237 method=PROPFIND path_sha256=ca3e0cc9ba77af604d969f5134c1ffdc9d049e7456f1e4e7863079d6cd90a13c content_length=179 has_if=false
webdav-1  | 2026/09/19 17:22:37 dav_response id=237 status=404 request_bytes=179 response_bytes=9
webdav-1  | 2026/09/19 17:22:41 dav_request id=238 method=OPTIONS path_sha256=8a5edab282632443219e051e4ade2d1d5bbc671c781051bf1437897cbdfea0f1 content_length=0 has_if=false
webdav-1  | 2026/09/19 17:22:41 dav_response id=238 status=200 request_bytes=0 response_bytes=0
webdav-1  | 2026/09/19 17:22:42 dav_request id=239 method=PROPFIND path_sha256=33e1fb332e24f1895ab96e7abbfc3758e9375cd0576ec67f53921e283b5b5bbd content_length=179 has_if=false
webdav-1  | 2026/09/19 17:22:42 dav_response id=239 status=207 request_bytes=179 response_bytes=531
webdav-1  | 2026/09/19 17:22:42 dav_request id=240 method=PROPFIND path_sha256=33e1fb332e24f1895ab96e7abbfc3758e9375cd0576ec67f53921e283b5b5bbd content_length=179 has_if=false
webdav-1  | 2026/09/19 17:22:42 dav_response id=240 status=207 request_bytes=179 response_bytes=531
webdav-1  | 2026/09/19 17:22:42 dav_request id=241 method=PROPFIND path_sha256=8a5edab282632443219e051e4ade2d1d5bbc671c781051bf1437897cbdfea0f1 content_length=179 has_if=false
webdav-1  | 2026/09/19 17:22:42 dav_response id=241 status=207 request_bytes=179 response_bytes=2301
webdav-1  | 2026/09/19 17:22:42 dav_request id=242 method=PROPFIND path_sha256=8a5edab282632443219e051e4ade2d1d5bbc671c781051bf1437897cbdfea0f1 content_length=179 has_if=false
webdav-1  | 2026/09/19 17:22:42 dav_response id=242 status=207 request_bytes=179 response_bytes=2301
webdav-1  | 2026/09/19 17:22:42 dav_request id=243 method=PROPFIND path_sha256=33e1fb332e24f1895ab96e7abbfc3758e9375cd0576ec67f53921e283b5b5bbd content_length=179 has_if=false
webdav-1  | 2026/09/19 17:22:42 dav_response id=243 status=207 request_bytes=179 response_bytes=531
webdav-1  | 2026/09/19 17:22:42 dav_request id=244 method=PROPFIND path_sha256=33e1fb332e24f1895ab96e7abbfc3758e9375cd0576ec67f53921e283b5b5bbd content_length=179 has_if=false
webdav-1  | 2026/09/19 17:22:42 dav_response id=244 status=207 request_bytes=179 response_bytes=531
webdav-1  | 2026/09/19 17:22:42 dav_request id=245 method=PROPFIND path_sha256=33e1fb332e24f1895ab96e7abbfc3758e9375cd0576ec67f53921e283b5b5bbd content_length=179 has_if=false
webdav-1  | 2026/09/19 17:22:42 dav_response id=245 status=207 request_bytes=179 response_bytes=531
webdav-1  | 2026/09/19 17:22:42 dav_request id=246 method=PROPFIND path_sha256=33e1fb332e24f1895ab96e7abbfc3758e9375cd0576ec67f53921e283b5b5bbd content_length=179 has_if=false
webdav-1  | 2026/09/19 17:22:42 dav_response id=246 status=207 request_bytes=179 response_bytes=531
webdav-1  | 2026/09/19 17:22:42 dav_request id=247 method=PROPFIND path_sha256=33e1fb332e24f1895ab96e7abbfc3758e9375cd0576ec67f53921e283b5b5bbd content_length=179 has_if=false
webdav-1  | 2026/09/19 17:22:42 dav_response id=247 status=207 request_bytes=179 response_bytes=531
webdav-1  | 2026/09/19 17:22:42 dav_request id=248 method=PROPFIND path_sha256=33e1fb332e24f1895ab96e7abbfc3758e9375cd0576ec67f53921e283b5b5bbd content_length=179 has_if=false
webdav-1  | 2026/09/19 17:22:42 dav_response id=248 status=207 request_bytes=179 response_bytes=531
webdav-1  | 2026/09/19 17:22:42 dav_request id=249 method=PROPFIND path_sha256=33e1fb332e24f1895ab96e7abbfc3758e9375cd0576ec67f53921e283b5b5bbd content_length=179 has_if=false
webdav-1  | 2026/09/19 17:22:42 dav_response id=249 status=207 request_bytes=179 response_bytes=531
webdav-1  | 2026/09/19 17:22:42 dav_request id=250 method=PROPFIND path_sha256=33e1fb332e24f1895ab96e7abbfc3758e9375cd0576ec67f53921e283b5b5bbd content_length=179 has_if=false
webdav-1  | 2026/09/19 17:22:42 dav_response id=250 status=207 request_bytes=179 response_bytes=531
webdav-1  | 2026/09/19 17:22:42 dav_request id=251 method=PROPFIND path_sha256=33e1fb332e24f1895ab96e7abbfc3758e9375cd0576ec67f53921e283b5b5bbd content_length=179 has_if=false
webdav-1  | 2026/09/19 17:22:42 dav_response id=251 status=207 request_bytes=179 response_bytes=531
webdav-1  | 2026/09/19 17:22:43 dav_request id=252 method=PROPFIND path_sha256=33e1fb332e24f1895ab96e7abbfc3758e9375cd0576ec67f53921e283b5b5bbd content_length=179 has_if=false
webdav-1  | 2026/09/19 17:22:43 dav_response id=252 status=207 request_bytes=179 response_bytes=531
webdav-1  | 2026/09/19 17:22:43 dav_request id=253 method=PROPFIND path_sha256=33e1fb332e24f1895ab96e7abbfc3758e9375cd0576ec67f53921e283b5b5bbd content_length=179 has_if=false
webdav-1  | 2026/09/19 17:22:43 dav_response id=253 status=207 request_bytes=179 response_bytes=531
webdav-1  | 2026/09/19 17:22:43 dav_request id=254 method=PROPFIND path_sha256=33e1fb332e24f1895ab96e7abbfc3758e9375cd0576ec67f53921e283b5b5bbd content_length=179 has_if=false
webdav-1  | 2026/09/19 17:22:43 dav_response id=254 status=207 request_bytes=179 response_bytes=531
webdav-1  | 2026/09/19 17:22:43 dav_request id=255 method=PROPFIND path_sha256=33e1fb332e24f1895ab96e7abbfc3758e9375cd0576ec67f53921e283b5b5bbd content_length=179 has_if=false
webdav-1  | 2026/09/19 17:22:43 dav_response id=255 status=207 request_bytes=179 response_bytes=531
webdav-1  | 2026/09/19 17:22:43 dav_request id=256 method=PROPFIND path_sha256=33e1fb332e24f1895ab96e7abbfc3758e9375cd0576ec67f53921e283b5b5bbd content_length=179 has_if=false
webdav-1  | 2026/09/19 17:22:43 dav_response id=256 status=207 request_bytes=179 response_bytes=531
webdav-1  | 2026/09/19 17:22:43 dav_request id=257 method=PROPFIND path_sha256=33e1fb332e24f1895ab96e7abbfc3758e9375cd0576ec67f53921e283b5b5bbd content_length=179 has_if=false
webdav-1  | 2026/09/19 17:22:43 dav_response id=257 status=207 request_bytes=179 response_bytes=531
webdav-1  | 2026/09/19 17:22:43 dav_request id=258 method=PROPFIND path_sha256=33e1fb332e24f1895ab96e7abbfc3758e9375cd0576ec67f53921e283b5b5bbd content_length=179 has_if=false
webdav-1  | 2026/09/19 17:22:43 dav_response id=258 status=207 request_bytes=179 response_bytes=531
webdav-1  | 2026/09/19 17:22:43 dav_request id=259 method=PROPFIND path_sha256=33e1fb332e24f1895ab96e7abbfc3758e9375cd0576ec67f53921e283b5b5bbd content_length=179 has_if=false
webdav-1  | 2026/09/19 17:22:43 dav_response id=259 status=207 request_bytes=179 response_bytes=531
webdav-1  | 2026/09/19 17:22:43 dav_request id=260 method=PROPFIND path_sha256=33e1fb332e24f1895ab96e7abbfc3758e9375cd0576ec67f53921e283b5b5bbd content_length=179 has_if=false
webdav-1  | 2026/09/19 17:22:43 dav_response id=260 status=207 request_bytes=179 response_bytes=531
webdav-1  | 2026/09/19 17:22:43 dav_request id=261 method=PROPFIND path_sha256=33e1fb332e24f1895ab96e7abbfc3758e9375cd0576ec67f53921e283b5b5bbd content_length=179 has_if=false
webdav-1  | 2026/09/19 17:22:43 dav_response id=261 status=207 request_bytes=179 response_bytes=531
webdav-1  | 2026/09/19 17:22:43 dav_request id=262 method=PROPFIND path_sha256=33e1fb332e24f1895ab96e7abbfc3758e9375cd0576ec67f53921e283b5b5bbd content_length=179 has_if=false
webdav-1  | 2026/09/19 17:22:43 dav_response id=262 status=207 request_bytes=179 response_bytes=531
webdav-1  | 2026/09/19 17:22:43 dav_request id=263 method=PROPFIND path_sha256=33e1fb332e24f1895ab96e7abbfc3758e9375cd0576ec67f53921e283b5b5bbd content_length=179 has_if=false
webdav-1  | 2026/09/19 17:22:43 dav_response id=263 status=207 request_bytes=179 response_bytes=531
webdav-1  | 2026/09/19 17:22:43 dav_request id=264 method=PROPFIND path_sha256=33e1fb332e24f1895ab96e7abbfc3758e9375cd0576ec67f53921e283b5b5bbd content_length=179 has_if=false
webdav-1  | 2026/09/19 17:22:43 dav_response id=264 status=207 request_bytes=179 response_bytes=531
webdav-1  | 2026/09/19 17:22:43 dav_request id=265 method=PROPFIND path_sha256=33e1fb332e24f1895ab96e7abbfc3758e9375cd0576ec67f53921e283b5b5bbd content_length=179 has_if=false
webdav-1  | 2026/09/19 17:22:43 dav_response id=265 status=207 request_bytes=179 response_bytes=531
webdav-1  | 2026/09/19 17:22:43 dav_request id=266 method=PROPFIND path_sha256=33e1fb332e24f1895ab96e7abbfc3758e9375cd0576ec67f53921e283b5b5bbd content_length=179 has_if=false
webdav-1  | 2026/09/19 17:22:43 dav_response id=266 status=207 request_bytes=179 response_bytes=531
webdav-1  | 2026/09/19 17:22:43 dav_request id=267 method=PROPFIND path_sha256=33e1fb332e24f1895ab96e7abbfc3758e9375cd0576ec67f53921e283b5b5bbd content_length=179 has_if=false
webdav-1  | 2026/09/19 17:22:43 dav_response id=267 status=207 request_bytes=179 response_bytes=531
webdav-1  | 2026/09/19 17:22:43 dav_request id=268 method=PROPFIND path_sha256=33e1fb332e24f1895ab96e7abbfc3758e9375cd0576ec67f53921e283b5b5bbd content_length=179 has_if=false
webdav-1  | 2026/09/19 17:22:43 dav_response id=268 status=207 request_bytes=179 response_bytes=531
webdav-1  | 2026/09/19 17:22:43 dav_request id=269 method=PROPFIND path_sha256=33e1fb332e24f1895ab96e7abbfc3758e9375cd0576ec67f53921e283b5b5bbd content_length=179 has_if=false
webdav-1  | 2026/09/19 17:22:43 dav_response id=269 status=207 request_bytes=179 response_bytes=531
webdav-1  | 2026/09/19 17:22:43 dav_request id=270 method=PROPFIND path_sha256=33e1fb332e24f1895ab96e7abbfc3758e9375cd0576ec67f53921e283b5b5bbd content_length=179 has_if=false
webdav-1  | 2026/09/19 17:22:43 dav_response id=270 status=207 request_bytes=179 response_bytes=531
webdav-1  | 2026/09/19 17:22:43 dav_request id=271 method=PROPFIND path_sha256=33e1fb332e24f1895ab96e7abbfc3758e9375cd0576ec67f53921e283b5b5bbd content_length=179 has_if=false
webdav-1  | 2026/09/19 17:22:43 dav_response id=271 status=207 request_bytes=179 response_bytes=531
webdav-1  | 2026/09/19 17:22:43 dav_request id=272 method=PROPFIND path_sha256=33e1fb332e24f1895ab96e7abbfc3758e9375cd0576ec67f53921e283b5b5bbd content_length=179 has_if=false
webdav-1  | 2026/09/19 17:22:43 dav_response id=272 status=207 request_bytes=179 response_bytes=531
webdav-1  | 2026/09/19 17:22:43 dav_request id=273 method=PROPFIND path_sha256=33e1fb332e24f1895ab96e7abbfc3758e9375cd0576ec67f53921e283b5b5bbd content_length=179 has_if=false
webdav-1  | 2026/09/19 17:22:43 dav_response id=273 status=207 request_bytes=179 response_bytes=531
webdav-1  | 2026/09/19 17:22:43 dav_request id=274 method=PROPFIND path_sha256=33e1fb332e24f1895ab96e7abbfc3758e9375cd0576ec67f53921e283b5b5bbd content_length=179 has_if=false
webdav-1  | 2026/09/19 17:22:43 dav_response id=274 status=207 request_bytes=179 response_bytes=531
webdav-1  | 2026/09/19 17:22:43 dav_request id=275 method=PROPFIND path_sha256=33e1fb332e24f1895ab96e7abbfc3758e9375cd0576ec67f53921e283b5b5bbd content_length=179 has_if=false
webdav-1  | 2026/09/19 17:22:43 dav_response id=275 status=207 request_bytes=179 response_bytes=531
webdav-1  | 2026/09/19 17:22:43 dav_request id=276 method=PROPFIND path_sha256=33e1fb332e24f1895ab96e7abbfc3758e9375cd0576ec67f53921e283b5b5bbd content_length=179 has_if=false
webdav-1  | 2026/09/19 17:22:43 dav_response id=276 status=207 request_bytes=179 response_bytes=531
webdav-1  | 2026/09/19 17:22:43 dav_request id=277 method=PROPFIND path_sha256=33e1fb332e24f1895ab96e7abbfc3758e9375cd0576ec67f53921e283b5b5bbd content_length=179 has_if=false
webdav-1  | 2026/09/19 17:22:43 dav_response id=277 status=207 request_bytes=179 response_bytes=531
webdav-1  | 2026/09/19 17:22:43 dav_request id=278 method=PROPFIND path_sha256=33e1fb332e24f1895ab96e7abbfc3758e9375cd0576ec67f53921e283b5b5bbd content_length=179 has_if=false
webdav-1  | 2026/09/19 17:22:43 dav_response id=278 status=207 request_bytes=179 response_bytes=531
webdav-1  | 2026/09/19 17:22:43 dav_request id=279 method=PROPFIND path_sha256=33e1fb332e24f1895ab96e7abbfc3758e9375cd0576ec67f53921e283b5b5bbd content_length=179 has_if=false
webdav-1  | 2026/09/19 17:22:43 dav_response id=279 status=207 request_bytes=179 response_bytes=531
webdav-1  | 2026/09/19 17:22:43 dav_request id=280 method=PROPFIND path_sha256=33e1fb332e24f1895ab96e7abbfc3758e9375cd0576ec67f53921e283b5b5bbd content_length=179 has_if=false
webdav-1  | 2026/09/19 17:22:43 dav_response id=280 status=207 request_bytes=179 response_bytes=531
webdav-1  | 2026/09/19 17:22:43 dav_request id=281 method=PROPFIND path_sha256=33e1fb332e24f1895ab96e7abbfc3758e9375cd0576ec67f53921e283b5b5bbd content_length=179 has_if=false
webdav-1  | 2026/09/19 17:22:43 dav_response id=281 status=207 request_bytes=179 response_bytes=531
webdav-1  | 2026/09/19 17:22:43 dav_request id=282 method=PROPFIND path_sha256=33e1fb332e24f1895ab96e7abbfc3758e9375cd0576ec67f53921e283b5b5bbd content_length=179 has_if=false
webdav-1  | 2026/09/19 17:22:43 dav_response id=282 status=207 request_bytes=179 response_bytes=531
webdav-1  | 2026/09/19 17:22:43 dav_request id=283 method=PROPFIND path_sha256=33e1fb332e24f1895ab96e7abbfc3758e9375cd0576ec67f53921e283b5b5bbd content_length=179 has_if=false
webdav-1  | 2026/09/19 17:22:43 dav_response id=283 status=207 request_bytes=179 response_bytes=531
webdav-1  | 2026/09/19 17:22:43 dav_request id=284 method=PROPFIND path_sha256=33e1fb332e24f1895ab96e7abbfc3758e9375cd0576ec67f53921e283b5b5bbd content_length=179 has_if=false
webdav-1  | 2026/09/19 17:22:43 dav_response id=284 status=207 request_bytes=179 response_bytes=531
webdav-1  | 2026/09/19 17:22:43 dav_request id=285 method=PROPFIND path_sha256=33e1fb332e24f1895ab96e7abbfc3758e9375cd0576ec67f53921e283b5b5bbd content_length=179 has_if=false
webdav-1  | 2026/09/19 17:22:43 dav_response id=285 status=207 request_bytes=179 response_bytes=531
webdav-1  | 2026/09/19 17:22:43 dav_request id=286 method=PROPFIND path_sha256=33e1fb332e24f1895ab96e7abbfc3758e9375cd0576ec67f53921e283b5b5bbd content_length=179 has_if=false
webdav-1  | 2026/09/19 17:22:43 dav_response id=286 status=207 request_bytes=179 response_bytes=531
webdav-1  | 2026/09/19 17:22:43 dav_request id=287 method=PROPFIND path_sha256=33e1fb332e24f1895ab96e7abbfc3758e9375cd0576ec67f53921e283b5b5bbd content_length=179 has_if=false
webdav-1  | 2026/09/19 17:22:43 dav_response id=287 status=207 request_bytes=179 response_bytes=531
webdav-1  | 2026/09/19 17:22:43 dav_request id=288 method=PROPFIND path_sha256=33e1fb332e24f1895ab96e7abbfc3758e9375cd0576ec67f53921e283b5b5bbd content_length=179 has_if=false
webdav-1  | 2026/09/19 17:22:43 dav_response id=288 status=207 request_bytes=179 response_bytes=531
webdav-1  | 2026/09/19 17:22:43 dav_request id=289 method=PROPFIND path_sha256=33e1fb332e24f1895ab96e7abbfc3758e9375cd0576ec67f53921e283b5b5bbd content_length=179 has_if=false
webdav-1  | 2026/09/19 17:22:43 dav_response id=289 status=207 request_bytes=179 response_bytes=531
webdav-1  | 2026/09/19 17:22:43 dav_request id=290 method=PROPFIND path_sha256=33e1fb332e24f1895ab96e7abbfc3758e9375cd0576ec67f53921e283b5b5bbd content_length=179 has_if=false
webdav-1  | 2026/09/19 17:22:43 dav_response id=290 status=207 request_bytes=179 response_bytes=531
webdav-1  | 2026/09/19 17:22:43 dav_request id=291 method=PROPFIND path_sha256=33e1fb332e24f1895ab96e7abbfc3758e9375cd0576ec67f53921e283b5b5bbd content_length=179 has_if=false
webdav-1  | 2026/09/19 17:22:43 dav_response id=291 status=207 request_bytes=179 response_bytes=531
webdav-1  | 2026/09/19 17:22:43 dav_request id=292 method=PROPFIND path_sha256=33e1fb332e24f1895ab96e7abbfc3758e9375cd0576ec67f53921e283b5b5bbd content_length=179 has_if=false
webdav-1  | 2026/09/19 17:22:43 dav_response id=292 status=207 request_bytes=179 response_bytes=531
webdav-1  | 2026/09/19 17:22:43 dav_request id=293 method=PROPFIND path_sha256=33e1fb332e24f1895ab96e7abbfc3758e9375cd0576ec67f53921e283b5b5bbd content_length=179 has_if=false
webdav-1  | 2026/09/19 17:22:43 dav_response id=293 status=207 request_bytes=179 response_bytes=531
webdav-1  | 2026/09/19 17:22:43 dav_request id=294 method=PROPFIND path_sha256=33e1fb332e24f1895ab96e7abbfc3758e9375cd0576ec67f53921e283b5b5bbd content_length=179 has_if=false
webdav-1  | 2026/09/19 17:22:43 dav_response id=294 status=207 request_bytes=179 response_bytes=531
webdav-1  | 2026/09/19 17:22:43 dav_request id=295 method=PROPFIND path_sha256=33e1fb332e24f1895ab96e7abbfc3758e9375cd0576ec67f53921e283b5b5bbd content_length=179 has_if=false
webdav-1  | 2026/09/19 17:22:43 dav_response id=295 status=207 request_bytes=179 response_bytes=531
webdav-1  | 2026/09/19 17:22:43 dav_request id=296 method=PROPFIND path_sha256=33e1fb332e24f1895ab96e7abbfc3758e9375cd0576ec67f53921e283b5b5bbd content_length=179 has_if=false
webdav-1  | 2026/09/19 17:22:43 dav_response id=296 status=207 request_bytes=179 response_bytes=531
webdav-1  | 2026/09/19 17:22:43 dav_request id=297 method=PROPFIND path_sha256=33e1fb332e24f1895ab96e7abbfc3758e9375cd0576ec67f53921e283b5b5bbd content_length=179 has_if=false
webdav-1  | 2026/09/19 17:22:43 dav_response id=297 status=207 request_bytes=179 response_bytes=531
webdav-1  | 2026/09/19 17:22:43 dav_request id=298 method=PROPFIND path_sha256=33e1fb332e24f1895ab96e7abbfc3758e9375cd0576ec67f53921e283b5b5bbd content_length=179 has_if=false
webdav-1  | 2026/09/19 17:22:43 dav_response id=298 status=207 request_bytes=179 response_bytes=531
webdav-1  | 2026/09/19 17:22:43 dav_request id=299 method=PROPFIND path_sha256=33e1fb332e24f1895ab96e7abbfc3758e9375cd0576ec67f53921e283b5b5bbd content_length=179 has_if=false
webdav-1  | 2026/09/19 17:22:43 dav_response id=299 status=207 request_bytes=179 response_bytes=531
webdav-1  | 2026/09/19 17:22:43 dav_request id=300 method=PROPFIND path_sha256=33e1fb332e24f1895ab96e7abbfc3758e9375cd0576ec67f53921e283b5b5bbd content_length=179 has_if=false
webdav-1  | 2026/09/19 17:22:43 dav_response id=300 status=207 request_bytes=179 response_bytes=531
webdav-1  | 2026/09/19 17:22:43 dav_request id=301 method=PROPFIND path_sha256=33e1fb332e24f1895ab96e7abbfc3758e9375cd0576ec67f53921e283b5b5bbd content_length=179 has_if=false
webdav-1  | 2026/09/19 17:22:43 dav_response id=301 status=207 request_bytes=179 response_bytes=531
webdav-1  | 2026/09/19 17:22:43 dav_request id=302 method=PROPFIND path_sha256=33e1fb332e24f1895ab96e7abbfc3758e9375cd0576ec67f53921e283b5b5bbd content_length=179 has_if=false
webdav-1  | 2026/09/19 17:22:43 dav_response id=302 status=207 request_bytes=179 response_bytes=531
webdav-1  | 2026/09/19 17:22:43 dav_request id=303 method=PROPFIND path_sha256=33e1fb332e24f1895ab96e7abbfc3758e9375cd0576ec67f53921e283b5b5bbd content_length=179 has_if=false
webdav-1  | 2026/09/19 17:22:43 dav_response id=303 status=207 request_bytes=179 response_bytes=531
webdav-1  | 2026/09/19 17:22:43 dav_request id=304 method=PROPFIND path_sha256=33e1fb332e24f1895ab96e7abbfc3758e9375cd0576ec67f53921e283b5b5bbd content_length=179 has_if=false
webdav-1  | 2026/09/19 17:22:43 dav_response id=304 status=207 request_bytes=179 response_bytes=531
webdav-1  | 2026/09/19 17:22:43 dav_request id=305 method=PROPFIND path_sha256=33e1fb332e24f1895ab96e7abbfc3758e9375cd0576ec67f53921e283b5b5bbd content_length=179 has_if=false
webdav-1  | 2026/09/19 17:22:43 dav_response id=305 status=207 request_bytes=179 response_bytes=531
webdav-1  | 2026/09/19 17:22:43 dav_request id=306 method=PROPFIND path_sha256=33e1fb332e24f1895ab96e7abbfc3758e9375cd0576ec67f53921e283b5b5bbd content_length=179 has_if=false
webdav-1  | 2026/09/19 17:22:43 dav_response id=306 status=207 request_bytes=179 response_bytes=531
webdav-1  | 2026/09/19 17:22:43 dav_request id=307 method=PROPFIND path_sha256=33e1fb332e24f1895ab96e7abbfc3758e9375cd0576ec67f53921e283b5b5bbd content_length=179 has_if=false
webdav-1  | 2026/09/19 17:22:43 dav_response id=307 status=207 request_bytes=179 response_bytes=531
webdav-1  | 2026/09/19 17:22:43 dav_request id=308 method=PROPFIND path_sha256=33e1fb332e24f1895ab96e7abbfc3758e9375cd0576ec67f53921e283b5b5bbd content_length=179 has_if=false
webdav-1  | 2026/09/19 17:22:43 dav_response id=308 status=207 request_bytes=179 response_bytes=531
webdav-1  | 2026/09/19 17:22:43 dav_request id=309 method=PROPFIND path_sha256=33e1fb332e24f1895ab96e7abbfc3758e9375cd0576ec67f53921e283b5b5bbd content_length=179 has_if=false
webdav-1  | 2026/09/19 17:22:44 dav_response id=309 status=207 request_bytes=179 response_bytes=531
webdav-1  | 2026/09/19 17:22:44 dav_request id=310 method=PROPFIND path_sha256=33e1fb332e24f1895ab96e7abbfc3758e9375cd0576ec67f53921e283b5b5bbd content_length=179 has_if=false
webdav-1  | 2026/09/19 17:22:44 dav_response id=310 status=207 request_bytes=179 response_bytes=531
webdav-1  | 2026/09/19 17:22:44 dav_request id=311 method=PROPFIND path_sha256=33e1fb332e24f1895ab96e7abbfc3758e9375cd0576ec67f53921e283b5b5bbd content_length=179 has_if=false
webdav-1  | 2026/09/19 17:22:44 dav_response id=311 status=207 request_bytes=179 response_bytes=531
webdav-1  | 2026/09/19 17:22:44 dav_request id=312 method=PROPFIND path_sha256=33e1fb332e24f1895ab96e7abbfc3758e9375cd0576ec67f53921e283b5b5bbd content_length=179 has_if=false
webdav-1  | 2026/09/19 17:22:44 dav_response id=312 status=207 request_bytes=179 response_bytes=531
webdav-1  | 2026/09/19 17:22:44 dav_request id=313 method=PROPFIND path_sha256=33e1fb332e24f1895ab96e7abbfc3758e9375cd0576ec67f53921e283b5b5bbd content_length=179 has_if=false
webdav-1  | 2026/09/19 17:22:44 dav_response id=313 status=207 request_bytes=179 response_bytes=531
webdav-1  | 2026/09/19 17:22:44 dav_request id=314 method=PROPFIND path_sha256=33e1fb332e24f1895ab96e7abbfc3758e9375cd0576ec67f53921e283b5b5bbd content_length=179 has_if=false
webdav-1  | 2026/09/19 17:22:44 dav_response id=314 status=207 request_bytes=179 response_bytes=531
webdav-1  | 2026/09/19 17:22:44 dav_request id=315 method=PROPFIND path_sha256=33e1fb332e24f1895ab96e7abbfc3758e9375cd0576ec67f53921e283b5b5bbd content_length=179 has_if=false
webdav-1  | 2026/09/19 17:22:44 dav_response id=315 status=207 request_bytes=179 response_bytes=531
webdav-1  | 2026/09/19 17:22:44 dav_request id=316 method=PROPFIND path_sha256=33e1fb332e24f1895ab96e7abbfc3758e9375cd0576ec67f53921e283b5b5bbd content_length=179 has_if=false
webdav-1  | 2026/09/19 17:22:44 dav_response id=316 status=207 request_bytes=179 response_bytes=531
webdav-1  | 2026/09/19 17:22:44 dav_request id=317 method=PROPFIND path_sha256=33e1fb332e24f1895ab96e7abbfc3758e9375cd0576ec67f53921e283b5b5bbd content_length=179 has_if=false
webdav-1  | 2026/09/19 17:22:44 dav_response id=317 status=207 request_bytes=179 response_bytes=531
webdav-1  | 2026/09/19 17:22:44 dav_request id=318 method=PROPFIND path_sha256=33e1fb332e24f1895ab96e7abbfc3758e9375cd0576ec67f53921e283b5b5bbd content_length=179 has_if=false
webdav-1  | 2026/09/19 17:22:44 dav_response id=318 status=207 request_bytes=179 response_bytes=531
webdav-1  | 2026/09/19 17:22:44 dav_request id=319 method=PROPFIND path_sha256=33e1fb332e24f1895ab96e7abbfc3758e9375cd0576ec67f53921e283b5b5bbd content_length=179 has_if=false
webdav-1  | 2026/09/19 17:22:44 dav_response id=319 status=207 request_bytes=179 response_bytes=531
webdav-1  | 2026/09/19 17:22:44 dav_request id=320 method=PROPFIND path_sha256=33e1fb332e24f1895ab96e7abbfc3758e9375cd0576ec67f53921e283b5b5bbd content_length=179 has_if=false
webdav-1  | 2026/09/19 17:22:44 dav_response id=320 status=207 request_bytes=179 response_bytes=531
webdav-1  | 2026/09/19 17:22:44 dav_request id=321 method=PROPFIND path_sha256=33e1fb332e24f1895ab96e7abbfc3758e9375cd0576ec67f53921e283b5b5bbd content_length=179 has_if=false
webdav-1  | 2026/09/19 17:22:44 dav_response id=321 status=207 request_bytes=179 response_bytes=531
webdav-1  | 2026/09/19 17:22:44 dav_request id=322 method=PROPFIND path_sha256=33e1fb332e24f1895ab96e7abbfc3758e9375cd0576ec67f53921e283b5b5bbd content_length=179 has_if=false
webdav-1  | 2026/09/19 17:22:44 dav_response id=322 status=207 request_bytes=179 response_bytes=531
webdav-1  | 2026/09/19 17:22:44 dav_request id=323 method=PROPFIND path_sha256=33e1fb332e24f1895ab96e7abbfc3758e9375cd0576ec67f53921e283b5b5bbd content_length=179 has_if=false
webdav-1  | 2026/09/19 17:22:44 dav_response id=323 status=207 request_bytes=179 response_bytes=531
webdav-1  | 2026/09/19 17:22:44 dav_request id=324 method=PROPFIND path_sha256=33e1fb332e24f1895ab96e7abbfc3758e9375cd0576ec67f53921e283b5b5bbd content_length=179 has_if=false
webdav-1  | 2026/09/19 17:22:44 dav_response id=324 status=207 request_bytes=179 response_bytes=531
webdav-1  | 2026/09/19 17:22:44 dav_request id=325 method=PROPFIND path_sha256=33e1fb332e24f1895ab96e7abbfc3758e9375cd0576ec67f53921e283b5b5bbd content_length=179 has_if=false
webdav-1  | 2026/09/19 17:22:44 dav_response id=325 status=207 request_bytes=179 response_bytes=531
webdav-1  | 2026/09/19 17:22:44 dav_request id=326 method=PROPFIND path_sha256=33e1fb332e24f1895ab96e7abbfc3758e9375cd0576ec67f53921e283b5b5bbd content_length=179 has_if=false
webdav-1  | 2026/09/19 17:22:44 dav_response id=326 status=207 request_bytes=179 response_bytes=531
webdav-1  | 2026/09/19 17:22:44 dav_request id=327 method=PROPFIND path_sha256=33e1fb332e24f1895ab96e7abbfc3758e9375cd0576ec67f53921e283b5b5bbd content_length=179 has_if=false
webdav-1  | 2026/09/19 17:22:44 dav_response id=327 status=207 request_bytes=179 response_bytes=531
webdav-1  | 2026/09/19 17:22:44 dav_request id=328 method=PROPFIND path_sha256=33e1fb332e24f1895ab96e7abbfc3758e9375cd0576ec67f53921e283b5b5bbd content_length=179 has_if=false
webdav-1  | 2026/09/19 17:22:44 dav_response id=328 status=207 request_bytes=179 response_bytes=531
webdav-1  | 2026/09/19 17:22:44 dav_request id=329 method=PROPFIND path_sha256=33e1fb332e24f1895ab96e7abbfc3758e9375cd0576ec67f53921e283b5b5bbd content_length=179 has_if=false
webdav-1  | 2026/09/19 17:22:44 dav_response id=329 status=207 request_bytes=179 response_bytes=531
webdav-1  | 2026/09/19 17:22:44 dav_request id=330 method=PROPFIND path_sha256=33e1fb332e24f1895ab96e7abbfc3758e9375cd0576ec67f53921e283b5b5bbd content_length=179 has_if=false
webdav-1  | 2026/09/19 17:22:44 dav_response id=330 status=207 request_bytes=179 response_bytes=531
webdav-1  | 2026/09/19 17:22:44 dav_request id=331 method=PROPFIND path_sha256=33e1fb332e24f1895ab96e7abbfc3758e9375cd0576ec67f53921e283b5b5bbd content_length=179 has_if=false
webdav-1  | 2026/09/19 17:22:44 dav_response id=331 status=207 request_bytes=179 response_bytes=531
webdav-1  | 2026/09/19 17:22:44 dav_request id=332 method=PROPFIND path_sha256=33e1fb332e24f1895ab96e7abbfc3758e9375cd0576ec67f53921e283b5b5bbd content_length=179 has_if=false
webdav-1  | 2026/09/19 17:22:44 dav_response id=332 status=207 request_bytes=179 response_bytes=531
webdav-1  | 2026/09/19 17:22:44 dav_request id=333 method=PROPFIND path_sha256=33e1fb332e24f1895ab96e7abbfc3758e9375cd0576ec67f53921e283b5b5bbd content_length=179 has_if=false
webdav-1  | 2026/09/19 17:22:44 dav_response id=333 status=207 request_bytes=179 response_bytes=531
webdav-1  | 2026/09/19 17:22:44 dav_request id=334 method=PROPFIND path_sha256=33e1fb332e24f1895ab96e7abbfc3758e9375cd0576ec67f53921e283b5b5bbd content_length=179 has_if=false
webdav-1  | 2026/09/19 17:22:44 dav_response id=334 status=207 request_bytes=179 response_bytes=531
webdav-1  | 2026/09/19 17:22:44 dav_request id=335 method=PROPFIND path_sha256=33e1fb332e24f1895ab96e7abbfc3758e9375cd0576ec67f53921e283b5b5bbd content_length=179 has_if=false
webdav-1  | 2026/09/19 17:22:44 dav_response id=335 status=207 request_bytes=179 response_bytes=531
webdav-1  | 2026/09/19 17:22:44 dav_request id=336 method=PROPFIND path_sha256=33e1fb332e24f1895ab96e7abbfc3758e9375cd0576ec67f53921e283b5b5bbd content_length=179 has_if=false
webdav-1  | 2026/09/19 17:22:44 dav_response id=336 status=207 request_bytes=179 response_bytes=531
webdav-1  | 2026/09/19 17:22:44 dav_request id=337 method=PROPFIND path_sha256=33e1fb332e24f1895ab96e7abbfc3758e9375cd0576ec67f53921e283b5b5bbd content_length=179 has_if=false
webdav-1  | 2026/09/19 17:22:44 dav_response id=337 status=207 request_bytes=179 response_bytes=531
webdav-1  | 2026/09/19 17:22:44 dav_request id=338 method=PROPFIND path_sha256=33e1fb332e24f1895ab96e7abbfc3758e9375cd0576ec67f53921e283b5b5bbd content_length=179 has_if=false
webdav-1  | 2026/09/19 17:22:44 dav_response id=338 status=207 request_bytes=179 response_bytes=531
webdav-1  | 2026/09/19 17:22:44 dav_request id=339 method=PROPFIND path_sha256=33e1fb332e24f1895ab96e7abbfc3758e9375cd0576ec67f53921e283b5b5bbd content_length=179 has_if=false
webdav-1  | 2026/09/19 17:22:44 dav_response id=339 status=207 request_bytes=179 response_bytes=531
webdav-1  | 2026/09/19 17:22:44 dav_request id=340 method=PROPFIND path_sha256=33e1fb332e24f1895ab96e7abbfc3758e9375cd0576ec67f53921e283b5b5bbd content_length=179 has_if=false
webdav-1  | 2026/09/19 17:22:44 dav_response id=340 status=207 request_bytes=179 response_bytes=531
webdav-1  | 2026/09/19 17:22:44 dav_request id=341 method=PROPFIND path_sha256=33e1fb332e24f1895ab96e7abbfc3758e9375cd0576ec67f53921e283b5b5bbd content_length=179 has_if=false
webdav-1  | 2026/09/19 17:22:44 dav_response id=341 status=207 request_bytes=179 response_bytes=531
webdav-1  | 2026/09/19 17:22:44 dav_request id=342 method=PROPFIND path_sha256=33e1fb332e24f1895ab96e7abbfc3758e9375cd0576ec67f53921e283b5b5bbd content_length=179 has_if=false
webdav-1  | 2026/09/19 17:22:44 dav_response id=342 status=207 request_bytes=179 response_bytes=531
webdav-1  | 2026/09/19 17:22:44 dav_request id=343 method=PROPFIND path_sha256=33e1fb332e24f1895ab96e7abbfc3758e9375cd0576ec67f53921e283b5b5bbd content_length=179 has_if=false
webdav-1  | 2026/09/19 17:22:44 dav_response id=343 status=207 request_bytes=179 response_bytes=531
webdav-1  | 2026/09/19 17:22:44 dav_request id=344 method=PROPFIND path_sha256=33e1fb332e24f1895ab96e7abbfc3758e9375cd0576ec67f53921e283b5b5bbd content_length=179 has_if=false
webdav-1  | 2026/09/19 17:22:44 dav_response id=344 status=207 request_bytes=179 response_bytes=531
webdav-1  | 2026/09/19 17:22:44 dav_request id=345 method=PROPFIND path_sha256=33e1fb332e24f1895ab96e7abbfc3758e9375cd0576ec67f53921e283b5b5bbd content_length=179 has_if=false
webdav-1  | 2026/09/19 17:22:44 dav_response id=345 status=207 request_bytes=179 response_bytes=531
webdav-1  | 2026/09/19 17:22:44 dav_request id=346 method=PROPFIND path_sha256=33e1fb332e24f1895ab96e7abbfc3758e9375cd0576ec67f53921e283b5b5bbd content_length=179 has_if=false
webdav-1  | 2026/09/19 17:22:44 dav_response id=346 status=207 request_bytes=179 response_bytes=531
webdav-1  | 2026/09/19 17:22:44 dav_request id=347 method=PROPFIND path_sha256=33e1fb332e24f1895ab96e7abbfc3758e9375cd0576ec67f53921e283b5b5bbd content_length=179 has_if=false
webdav-1  | 2026/09/19 17:22:44 dav_response id=347 status=207 request_bytes=179 response_bytes=531
webdav-1  | 2026/09/19 17:22:44 dav_request id=348 method=PROPFIND path_sha256=33e1fb332e24f1895ab96e7abbfc3758e9375cd0576ec67f53921e283b5b5bbd content_length=179 has_if=false
webdav-1  | 2026/09/19 17:22:44 dav_response id=348 status=207 request_bytes=179 response_bytes=531
webdav-1  | 2026/09/19 17:22:44 dav_request id=349 method=PROPFIND path_sha256=33e1fb332e24f1895ab96e7abbfc3758e9375cd0576ec67f53921e283b5b5bbd content_length=179 has_if=false
webdav-1  | 2026/09/19 17:22:44 dav_response id=349 status=207 request_bytes=179 response_bytes=531
webdav-1  | 2026/09/19 17:22:44 dav_request id=350 method=PROPFIND path_sha256=33e1fb332e24f1895ab96e7abbfc3758e9375cd0576ec67f53921e283b5b5bbd content_length=179 has_if=false
webdav-1  | 2026/09/19 17:22:44 dav_response id=350 status=207 request_bytes=179 response_bytes=531
webdav-1  | 2026/09/19 17:22:44 dav_request id=351 method=PROPFIND path_sha256=33e1fb332e24f1895ab96e7abbfc3758e9375cd0576ec67f53921e283b5b5bbd content_length=179 has_if=false
webdav-1  | 2026/09/19 17:22:44 dav_response id=351 status=207 request_bytes=179 response_bytes=531
webdav-1  | 2026/09/19 17:22:44 dav_request id=352 method=PROPFIND path_sha256=33e1fb332e24f1895ab96e7abbfc3758e9375cd0576ec67f53921e283b5b5bbd content_length=179 has_if=false
webdav-1  | 2026/09/19 17:22:44 dav_response id=352 status=207 request_bytes=179 response_bytes=531
webdav-1  | 2026/09/19 17:22:44 dav_request id=353 method=PROPFIND path_sha256=33e1fb332e24f1895ab96e7abbfc3758e9375cd0576ec67f53921e283b5b5bbd content_length=179 has_if=false
webdav-1  | 2026/09/19 17:22:44 dav_response id=353 status=207 request_bytes=179 response_bytes=531
webdav-1  | 2026/09/19 17:22:44 dav_request id=354 method=PROPFIND path_sha256=33e1fb332e24f1895ab96e7abbfc3758e9375cd0576ec67f53921e283b5b5bbd content_length=179 has_if=false
webdav-1  | 2026/09/19 17:22:44 dav_response id=354 status=207 request_bytes=179 response_bytes=531
webdav-1  | 2026/09/19 17:22:44 dav_request id=355 method=PROPFIND path_sha256=33e1fb332e24f1895ab96e7abbfc3758e9375cd0576ec67f53921e283b5b5bbd content_length=179 has_if=false
webdav-1  | 2026/09/19 17:22:44 dav_response id=355 status=207 request_bytes=179 response_bytes=531
webdav-1  | 2026/09/19 17:22:44 dav_request id=356 method=PROPFIND path_sha256=33e1fb332e24f1895ab96e7abbfc3758e9375cd0576ec67f53921e283b5b5bbd content_length=179 has_if=false
webdav-1  | 2026/09/19 17:22:44 dav_response id=356 status=207 request_bytes=179 response_bytes=531
webdav-1  | 2026/09/19 17:22:44 dav_request id=357 method=PROPFIND path_sha256=33e1fb332e24f1895ab96e7abbfc3758e9375cd0576ec67f53921e283b5b5bbd content_length=179 has_if=false
webdav-1  | 2026/09/19 17:22:44 dav_response id=357 status=207 request_bytes=179 response_bytes=531
webdav-1  | 2026/09/19 17:22:44 dav_request id=358 method=PROPFIND path_sha256=33e1fb332e24f1895ab96e7abbfc3758e9375cd0576ec67f53921e283b5b5bbd content_length=179 has_if=false
webdav-1  | 2026/09/19 17:22:44 dav_response id=358 status=207 request_bytes=179 response_bytes=531
webdav-1  | 2026/09/19 17:22:44 dav_request id=359 method=PROPFIND path_sha256=33e1fb332e24f1895ab96e7abbfc3758e9375cd0576ec67f53921e283b5b5bbd content_length=179 has_if=false
webdav-1  | 2026/09/19 17:22:44 dav_response id=359 status=207 request_bytes=179 response_bytes=531
webdav-1  | 2026/09/19 17:22:44 dav_request id=360 method=PROPFIND path_sha256=33e1fb332e24f1895ab96e7abbfc3758e9375cd0576ec67f53921e283b5b5bbd content_length=179 has_if=false
webdav-1  | 2026/09/19 17:22:44 dav_response id=360 status=207 request_bytes=179 response_bytes=531
webdav-1  | 2026/09/19 17:22:44 dav_request id=361 method=PROPFIND path_sha256=33e1fb332e24f1895ab96e7abbfc3758e9375cd0576ec67f53921e283b5b5bbd content_length=179 has_if=false
webdav-1  | 2026/09/19 17:22:44 dav_response id=361 status=207 request_bytes=179 response_bytes=531
webdav-1  | 2026/09/19 17:22:44 dav_request id=362 method=PROPFIND path_sha256=33e1fb332e24f1895ab96e7abbfc3758e9375cd0576ec67f53921e283b5b5bbd content_length=179 has_if=false
webdav-1  | 2026/09/19 17:22:44 dav_response id=362 status=207 request_bytes=179 response_bytes=531
webdav-1  | 2026/09/19 17:22:44 dav_request id=363 method=PROPFIND path_sha256=33e1fb332e24f1895ab96e7abbfc3758e9375cd0576ec67f53921e283b5b5bbd content_length=179 has_if=false
webdav-1  | 2026/09/19 17:22:44 dav_response id=363 status=207 request_bytes=179 response_bytes=531
webdav-1  | 2026/09/19 17:22:44 dav_request id=364 method=PROPFIND path_sha256=33e1fb332e24f1895ab96e7abbfc3758e9375cd0576ec67f53921e283b5b5bbd content_length=179 has_if=false
webdav-1  | 2026/09/19 17:22:44 dav_response id=364 status=207 request_bytes=179 response_bytes=531
webdav-1  | 2026/09/19 17:22:44 dav_request id=365 method=PROPFIND path_sha256=33e1fb332e24f1895ab96e7abbfc3758e9375cd0576ec67f53921e283b5b5bbd content_length=179 has_if=false
webdav-1  | 2026/09/19 17:22:44 dav_response id=365 status=207 request_bytes=179 response_bytes=531
webdav-1  | 2026/09/19 17:22:44 dav_request id=366 method=PROPFIND path_sha256=33e1fb332e24f1895ab96e7abbfc3758e9375cd0576ec67f53921e283b5b5bbd content_length=179 has_if=false
webdav-1  | 2026/09/19 17:22:44 dav_response id=366 status=207 request_bytes=179 response_bytes=531
webdav-1  | 2026/09/19 17:22:44 dav_request id=367 method=PROPFIND path_sha256=33e1fb332e24f1895ab96e7abbfc3758e9375cd0576ec67f53921e283b5b5bbd content_length=179 has_if=false
webdav-1  | 2026/09/19 17:22:44 dav_response id=367 status=207 request_bytes=179 response_bytes=531
webdav-1  | 2026/09/19 17:22:44 dav_request id=368 method=PROPFIND path_sha256=33e1fb332e24f1895ab96e7abbfc3758e9375cd0576ec67f53921e283b5b5bbd content_length=179 has_if=false
webdav-1  | 2026/09/19 17:22:44 dav_response id=368 status=207 request_bytes=179 response_bytes=531
webdav-1  | 2026/09/19 17:22:45 dav_request id=369 method=PROPFIND path_sha256=33e1fb332e24f1895ab96e7abbfc3758e9375cd0576ec67f53921e283b5b5bbd content_length=179 has_if=false
webdav-1  | 2026/09/19 17:22:45 dav_response id=369 status=207 request_bytes=179 response_bytes=531
webdav-1  | 2026/09/19 17:22:45 dav_request id=370 method=PROPFIND path_sha256=33e1fb332e24f1895ab96e7abbfc3758e9375cd0576ec67f53921e283b5b5bbd content_length=179 has_if=false
webdav-1  | 2026/09/19 17:22:45 dav_response id=370 status=207 request_bytes=179 response_bytes=531
webdav-1  | 2026/09/19 17:22:45 dav_request id=371 method=PROPFIND path_sha256=33e1fb332e24f1895ab96e7abbfc3758e9375cd0576ec67f53921e283b5b5bbd content_length=179 has_if=false
webdav-1  | 2026/09/19 17:22:45 dav_response id=371 status=207 request_bytes=179 response_bytes=531
webdav-1  | 2026/09/19 17:22:45 dav_request id=372 method=PROPFIND path_sha256=33e1fb332e24f1895ab96e7abbfc3758e9375cd0576ec67f53921e283b5b5bbd content_length=179 has_if=false
webdav-1  | 2026/09/19 17:22:45 dav_response id=372 status=207 request_bytes=179 response_bytes=531
webdav-1  | 2026/09/19 17:22:45 dav_request id=373 method=PROPFIND path_sha256=33e1fb332e24f1895ab96e7abbfc3758e9375cd0576ec67f53921e283b5b5bbd content_length=179 has_if=false
webdav-1  | 2026/09/19 17:22:45 dav_response id=373 status=207 request_bytes=179 response_bytes=531
webdav-1  | 2026/09/19 17:22:45 dav_request id=374 method=PROPFIND path_sha256=33e1fb332e24f1895ab96e7abbfc3758e9375cd0576ec67f53921e283b5b5bbd content_length=179 has_if=false
webdav-1  | 2026/09/19 17:22:45 dav_response id=374 status=207 request_bytes=179 response_bytes=531
webdav-1  | 2026/09/19 17:22:45 dav_request id=375 method=PROPFIND path_sha256=33e1fb332e24f1895ab96e7abbfc3758e9375cd0576ec67f53921e283b5b5bbd content_length=179 has_if=false
webdav-1  | 2026/09/19 17:22:45 dav_response id=375 status=207 request_bytes=179 response_bytes=531
webdav-1  | 2026/09/19 17:22:45 dav_request id=376 method=PROPFIND path_sha256=33e1fb332e24f1895ab96e7abbfc3758e9375cd0576ec67f53921e283b5b5bbd content_length=179 has_if=false
webdav-1  | 2026/09/19 17:22:45 dav_response id=376 status=207 request_bytes=179 response_bytes=531
webdav-1  | 2026/09/19 17:22:45 dav_request id=377 method=PROPFIND path_sha256=33e1fb332e24f1895ab96e7abbfc3758e9375cd0576ec67f53921e283b5b5bbd content_length=179 has_if=false
webdav-1  | 2026/09/19 17:22:45 dav_response id=377 status=207 request_bytes=179 response_bytes=531
webdav-1  | 2026/09/19 17:22:45 dav_request id=378 method=PROPFIND path_sha256=33e1fb332e24f1895ab96e7abbfc3758e9375cd0576ec67f53921e283b5b5bbd content_length=179 has_if=false
webdav-1  | 2026/09/19 17:22:45 dav_response id=378 status=207 request_bytes=179 response_bytes=531
webdav-1  | 2026/09/19 17:22:45 dav_request id=379 method=PROPFIND path_sha256=33e1fb332e24f1895ab96e7abbfc3758e9375cd0576ec67f53921e283b5b5bbd content_length=179 has_if=false
webdav-1  | 2026/09/19 17:22:45 dav_response id=379 status=207 request_bytes=179 response_bytes=531
webdav-1  | 2026/09/19 17:22:45 dav_request id=380 method=PROPFIND path_sha256=33e1fb332e24f1895ab96e7abbfc3758e9375cd0576ec67f53921e283b5b5bbd content_length=179 has_if=false
webdav-1  | 2026/09/19 17:22:45 dav_response id=380 status=207 request_bytes=179 response_bytes=531
webdav-1  | 2026/09/19 17:22:45 dav_request id=381 method=PROPFIND path_sha256=33e1fb332e24f1895ab96e7abbfc3758e9375cd0576ec67f53921e283b5b5bbd content_length=179 has_if=false
webdav-1  | 2026/09/19 17:22:45 dav_response id=381 status=207 request_bytes=179 response_bytes=531
webdav-1  | 2026/09/19 17:22:45 dav_request id=382 method=PROPFIND path_sha256=33e1fb332e24f1895ab96e7abbfc3758e9375cd0576ec67f53921e283b5b5bbd content_length=179 has_if=false
webdav-1  | 2026/09/19 17:22:45 dav_response id=382 status=207 request_bytes=179 response_bytes=531
webdav-1  | 2026/09/19 17:22:45 dav_request id=383 method=PROPFIND path_sha256=33e1fb332e24f1895ab96e7abbfc3758e9375cd0576ec67f53921e283b5b5bbd content_length=179 has_if=false
webdav-1  | 2026/09/19 17:22:45 dav_response id=383 status=207 request_bytes=179 response_bytes=531
webdav-1  | 2026/09/19 17:22:45 dav_request id=384 method=PROPFIND path_sha256=33e1fb332e24f1895ab96e7abbfc3758e9375cd0576ec67f53921e283b5b5bbd content_length=179 has_if=false
webdav-1  | 2026/09/19 17:22:45 dav_response id=384 status=207 request_bytes=179 response_bytes=531
webdav-1  | 2026/09/19 17:22:45 dav_request id=385 method=PROPFIND path_sha256=33e1fb332e24f1895ab96e7abbfc3758e9375cd0576ec67f53921e283b5b5bbd content_length=179 has_if=false
webdav-1  | 2026/09/19 17:22:45 dav_response id=385 status=207 request_bytes=179 response_bytes=531
webdav-1  | 2026/09/19 17:22:45 dav_request id=386 method=PROPFIND path_sha256=33e1fb332e24f1895ab96e7abbfc3758e9375cd0576ec67f53921e283b5b5bbd content_length=179 has_if=false
webdav-1  | 2026/09/19 17:22:45 dav_response id=386 status=207 request_bytes=179 response_bytes=531
webdav-1  | 2026/09/19 17:22:45 dav_request id=387 method=PROPFIND path_sha256=33e1fb332e24f1895ab96e7abbfc3758e9375cd0576ec67f53921e283b5b5bbd content_length=179 has_if=false
webdav-1  | 2026/09/19 17:22:45 dav_response id=387 status=207 request_bytes=179 response_bytes=531
webdav-1  | 2026/09/19 17:22:45 dav_request id=388 method=PROPFIND path_sha256=33e1fb332e24f1895ab96e7abbfc3758e9375cd0576ec67f53921e283b5b5bbd content_length=179 has_if=false
webdav-1  | 2026/09/19 17:22:45 dav_response id=388 status=207 request_bytes=179 response_bytes=531
webdav-1  | 2026/09/19 17:22:45 dav_request id=389 method=PROPFIND path_sha256=33e1fb332e24f1895ab96e7abbfc3758e9375cd0576ec67f53921e283b5b5bbd content_length=179 has_if=false
webdav-1  | 2026/09/19 17:22:45 dav_response id=389 status=207 request_bytes=179 response_bytes=531
webdav-1  | 2026/09/19 17:22:45 dav_request id=390 method=PROPFIND path_sha256=33e1fb332e24f1895ab96e7abbfc3758e9375cd0576ec67f53921e283b5b5bbd content_length=179 has_if=false
webdav-1  | 2026/09/19 17:22:45 dav_response id=390 status=207 request_bytes=179 response_bytes=531
webdav-1  | 2026/09/19 17:22:45 dav_request id=391 method=PROPFIND path_sha256=33e1fb332e24f1895ab96e7abbfc3758e9375cd0576ec67f53921e283b5b5bbd content_length=179 has_if=false
webdav-1  | 2026/09/19 17:22:45 dav_response id=391 status=207 request_bytes=179 response_bytes=531
webdav-1  | 2026/09/19 17:22:45 dav_request id=392 method=PROPFIND path_sha256=33e1fb332e24f1895ab96e7abbfc3758e9375cd0576ec67f53921e283b5b5bbd content_length=179 has_if=false
webdav-1  | 2026/09/19 17:22:45 dav_response id=392 status=207 request_bytes=179 response_bytes=531
webdav-1  | 2026/09/19 17:22:45 dav_request id=393 method=PROPFIND path_sha256=33e1fb332e24f1895ab96e7abbfc3758e9375cd0576ec67f53921e283b5b5bbd content_length=179 has_if=false
webdav-1  | 2026/09/19 17:22:45 dav_response id=393 status=207 request_bytes=179 response_bytes=531
webdav-1  | 2026/09/19 17:22:45 dav_request id=394 method=PROPFIND path_sha256=33e1fb332e24f1895ab96e7abbfc3758e9375cd0576ec67f53921e283b5b5bbd content_length=179 has_if=false
webdav-1  | 2026/09/19 17:22:45 dav_response id=394 status=207 request_bytes=179 response_bytes=531
webdav-1  | 2026/09/19 17:22:45 dav_request id=395 method=PROPFIND path_sha256=33e1fb332e24f1895ab96e7abbfc3758e9375cd0576ec67f53921e283b5b5bbd content_length=179 has_if=false
webdav-1  | 2026/09/19 17:22:45 dav_response id=395 status=207 request_bytes=179 response_bytes=531
webdav-1  | 2026/09/19 17:22:45 dav_request id=396 method=PROPFIND path_sha256=33e1fb332e24f1895ab96e7abbfc3758e9375cd0576ec67f53921e283b5b5bbd content_length=179 has_if=false
webdav-1  | 2026/09/19 17:22:45 dav_response id=396 status=207 request_bytes=179 response_bytes=531
webdav-1  | 2026/09/19 17:22:45 dav_request id=397 method=PROPFIND path_sha256=33e1fb332e24f1895ab96e7abbfc3758e9375cd0576ec67f53921e283b5b5bbd content_length=179 has_if=false
webdav-1  | 2026/09/19 17:22:45 dav_response id=397 status=207 request_bytes=179 response_bytes=531
webdav-1  | 2026/09/19 17:22:45 dav_request id=398 method=PROPFIND path_sha256=33e1fb332e24f1895ab96e7abbfc3758e9375cd0576ec67f53921e283b5b5bbd content_length=179 has_if=false
webdav-1  | 2026/09/19 17:22:45 dav_response id=398 status=207 request_bytes=179 response_bytes=531
webdav-1  | 2026/09/19 17:22:45 dav_request id=399 method=PROPFIND path_sha256=33e1fb332e24f1895ab96e7abbfc3758e9375cd0576ec67f53921e283b5b5bbd content_length=179 has_if=false
webdav-1  | 2026/09/19 17:22:45 dav_response id=399 status=207 request_bytes=179 response_bytes=531
webdav-1  | 2026/09/19 17:22:45 dav_request id=400 method=PROPFIND path_sha256=33e1fb332e24f1895ab96e7abbfc3758e9375cd0576ec67f53921e283b5b5bbd content_length=179 has_if=false
webdav-1  | 2026/09/19 17:22:45 dav_response id=400 status=207 request_bytes=179 response_bytes=531
webdav-1  | 2026/09/19 17:22:45 dav_request id=401 method=PROPFIND path_sha256=33e1fb332e24f1895ab96e7abbfc3758e9375cd0576ec67f53921e283b5b5bbd content_length=179 has_if=false
webdav-1  | 2026/09/19 17:22:45 dav_response id=401 status=207 request_bytes=179 response_bytes=531
webdav-1  | 2026/09/19 17:22:45 dav_request id=402 method=PROPFIND path_sha256=33e1fb332e24f1895ab96e7abbfc3758e9375cd0576ec67f53921e283b5b5bbd content_length=179 has_if=false
webdav-1  | 2026/09/19 17:22:45 dav_response id=402 status=207 request_bytes=179 response_bytes=531
webdav-1  | 2026/09/19 17:22:45 dav_request id=403 method=PROPFIND path_sha256=33e1fb332e24f1895ab96e7abbfc3758e9375cd0576ec67f53921e283b5b5bbd content_length=179 has_if=false
webdav-1  | 2026/09/19 17:22:45 dav_response id=403 status=207 request_bytes=179 response_bytes=531
webdav-1  | 2026/09/19 17:22:45 dav_request id=404 method=PROPFIND path_sha256=33e1fb332e24f1895ab96e7abbfc3758e9375cd0576ec67f53921e283b5b5bbd content_length=179 has_if=false
webdav-1  | 2026/09/19 17:22:45 dav_response id=404 status=207 request_bytes=179 response_bytes=531
webdav-1  | 2026/09/19 17:22:45 dav_request id=405 method=PROPFIND path_sha256=33e1fb332e24f1895ab96e7abbfc3758e9375cd0576ec67f53921e283b5b5bbd content_length=179 has_if=false
webdav-1  | 2026/09/19 17:22:45 dav_response id=405 status=207 request_bytes=179 response_bytes=531
webdav-1  | 2026/09/19 17:22:45 dav_request id=406 method=PROPFIND path_sha256=33e1fb332e24f1895ab96e7abbfc3758e9375cd0576ec67f53921e283b5b5bbd content_length=179 has_if=false
webdav-1  | 2026/09/19 17:22:45 dav_response id=406 status=207 request_bytes=179 response_bytes=531
webdav-1  | 2026/09/19 17:22:45 dav_request id=407 method=PROPFIND path_sha256=33e1fb332e24f1895ab96e7abbfc3758e9375cd0576ec67f53921e283b5b5bbd content_length=179 has_if=false
webdav-1  | 2026/09/19 17:22:45 dav_response id=407 status=207 request_bytes=179 response_bytes=531
webdav-1  | 2026/09/19 17:22:45 dav_request id=408 method=PROPFIND path_sha256=33e1fb332e24f1895ab96e7abbfc3758e9375cd0576ec67f53921e283b5b5bbd content_length=179 has_if=false
webdav-1  | 2026/09/19 17:22:45 dav_response id=408 status=207 request_bytes=179 response_bytes=531
webdav-1  | 2026/09/19 17:22:45 dav_request id=409 method=PROPFIND path_sha256=33e1fb332e24f1895ab96e7abbfc3758e9375cd0576ec67f53921e283b5b5bbd content_length=179 has_if=false
webdav-1  | 2026/09/19 17:22:45 dav_response id=409 status=207 request_bytes=179 response_bytes=531
webdav-1  | 2026/09/19 17:22:45 dav_request id=410 method=PROPFIND path_sha256=33e1fb332e24f1895ab96e7abbfc3758e9375cd0576ec67f53921e283b5b5bbd content_length=179 has_if=false
webdav-1  | 2026/09/19 17:22:45 dav_response id=410 status=207 request_bytes=179 response_bytes=531
webdav-1  | 2026/09/19 17:22:45 dav_request id=411 method=PROPFIND path_sha256=33e1fb332e24f1895ab96e7abbfc3758e9375cd0576ec67f53921e283b5b5bbd content_length=179 has_if=false
webdav-1  | 2026/09/19 17:22:45 dav_response id=411 status=207 request_bytes=179 response_bytes=531
webdav-1  | 2026/09/19 17:22:45 dav_request id=412 method=PROPFIND path_sha256=33e1fb332e24f1895ab96e7abbfc3758e9375cd0576ec67f53921e283b5b5bbd content_length=179 has_if=false
webdav-1  | 2026/09/19 17:22:45 dav_response id=412 status=207 request_bytes=179 response_bytes=531
webdav-1  | 2026/09/19 17:22:45 dav_request id=413 method=PROPFIND path_sha256=33e1fb332e24f1895ab96e7abbfc3758e9375cd0576ec67f53921e283b5b5bbd content_length=179 has_if=false
webdav-1  | 2026/09/19 17:22:45 dav_response id=413 status=207 request_bytes=179 response_bytes=531
webdav-1  | 2026/09/19 17:22:45 dav_request id=414 method=PROPFIND path_sha256=33e1fb332e24f1895ab96e7abbfc3758e9375cd0576ec67f53921e283b5b5bbd content_length=179 has_if=false
webdav-1  | 2026/09/19 17:22:45 dav_response id=414 status=207 request_bytes=179 response_bytes=531
webdav-1  | 2026/09/19 17:22:45 dav_request id=415 method=PROPFIND path_sha256=33e1fb332e24f1895ab96e7abbfc3758e9375cd0576ec67f53921e283b5b5bbd content_length=179 has_if=false
webdav-1  | 2026/09/19 17:22:45 dav_response id=415 status=207 request_bytes=179 response_bytes=531
webdav-1  | 2026/09/19 17:22:45 dav_request id=416 method=PROPFIND path_sha256=33e1fb332e24f1895ab96e7abbfc3758e9375cd0576ec67f53921e283b5b5bbd content_length=179 has_if=false
webdav-1  | 2026/09/19 17:22:45 dav_response id=416 status=207 request_bytes=179 response_bytes=531
webdav-1  | 2026/09/19 17:22:45 dav_request id=417 method=PROPFIND path_sha256=33e1fb332e24f1895ab96e7abbfc3758e9375cd0576ec67f53921e283b5b5bbd content_length=179 has_if=false
webdav-1  | 2026/09/19 17:22:45 dav_response id=417 status=207 request_bytes=179 response_bytes=531
webdav-1  | 2026/09/19 17:22:45 dav_request id=418 method=PROPFIND path_sha256=33e1fb332e24f1895ab96e7abbfc3758e9375cd0576ec67f53921e283b5b5bbd content_length=179 has_if=false
webdav-1  | 2026/09/19 17:22:45 dav_response id=418 status=207 request_bytes=179 response_bytes=531
webdav-1  | 2026/09/19 17:22:45 dav_request id=419 method=PROPFIND path_sha256=33e1fb332e24f1895ab96e7abbfc3758e9375cd0576ec67f53921e283b5b5bbd content_length=179 has_if=false
webdav-1  | 2026/09/19 17:22:45 dav_response id=419 status=207 request_bytes=179 response_bytes=531
webdav-1  | 2026/09/19 17:22:45 dav_request id=420 method=PROPFIND path_sha256=33e1fb332e24f1895ab96e7abbfc3758e9375cd0576ec67f53921e283b5b5bbd content_length=179 has_if=false
webdav-1  | 2026/09/19 17:22:45 dav_response id=420 status=207 request_bytes=179 response_bytes=531
webdav-1  | 2026/09/19 17:22:45 dav_request id=421 method=PROPFIND path_sha256=33e1fb332e24f1895ab96e7abbfc3758e9375cd0576ec67f53921e283b5b5bbd content_length=179 has_if=false
webdav-1  | 2026/09/19 17:22:45 dav_response id=421 status=207 request_bytes=179 response_bytes=531
webdav-1  | 2026/09/19 17:22:45 dav_request id=422 method=PROPFIND path_sha256=33e1fb332e24f1895ab96e7abbfc3758e9375cd0576ec67f53921e283b5b5bbd content_length=179 has_if=false
webdav-1  | 2026/09/19 17:22:45 dav_response id=422 status=207 request_bytes=179 response_bytes=531
webdav-1  | 2026/09/19 17:22:45 dav_request id=423 method=PROPFIND path_sha256=33e1fb332e24f1895ab96e7abbfc3758e9375cd0576ec67f53921e283b5b5bbd content_length=179 has_if=false
webdav-1  | 2026/09/19 17:22:45 dav_response id=423 status=207 request_bytes=179 response_bytes=531
webdav-1  | 2026/09/19 17:22:45 dav_request id=424 method=PROPFIND path_sha256=33e1fb332e24f1895ab96e7abbfc3758e9375cd0576ec67f53921e283b5b5bbd content_length=179 has_if=false
webdav-1  | 2026/09/19 17:22:45 dav_response id=424 status=207 request_bytes=179 response_bytes=531
webdav-1  | 2026/09/19 17:22:45 dav_request id=425 method=PROPFIND path_sha256=33e1fb332e24f1895ab96e7abbfc3758e9375cd0576ec67f53921e283b5b5bbd content_length=179 has_if=false
webdav-1  | 2026/09/19 17:22:45 dav_response id=425 status=207 request_bytes=179 response_bytes=531
webdav-1  | 2026/09/19 17:22:45 dav_request id=426 method=PROPFIND path_sha256=33e1fb332e24f1895ab96e7abbfc3758e9375cd0576ec67f53921e283b5b5bbd content_length=179 has_if=false
webdav-1  | 2026/09/19 17:22:45 dav_response id=426 status=207 request_bytes=179 response_bytes=531
webdav-1  | 2026/09/19 17:22:45 dav_request id=427 method=PROPFIND path_sha256=33e1fb332e24f1895ab96e7abbfc3758e9375cd0576ec67f53921e283b5b5bbd content_length=179 has_if=false
webdav-1  | 2026/09/19 17:22:45 dav_response id=427 status=207 request_bytes=179 response_bytes=531
webdav-1  | 2026/09/19 17:22:45 dav_request id=428 method=PROPFIND path_sha256=33e1fb332e24f1895ab96e7abbfc3758e9375cd0576ec67f53921e283b5b5bbd content_length=179 has_if=false
webdav-1  | 2026/09/19 17:22:45 dav_response id=428 status=207 request_bytes=179 response_bytes=531
webdav-1  | 2026/09/19 17:22:45 dav_request id=429 method=PROPFIND path_sha256=33e1fb332e24f1895ab96e7abbfc3758e9375cd0576ec67f53921e283b5b5bbd content_length=179 has_if=false
webdav-1  | 2026/09/19 17:22:45 dav_response id=429 status=207 request_bytes=179 response_bytes=531
webdav-1  | 2026/09/19 17:22:46 dav_request id=430 method=PROPFIND path_sha256=33e1fb332e24f1895ab96e7abbfc3758e9375cd0576ec67f53921e283b5b5bbd content_length=179 has_if=false
webdav-1  | 2026/09/19 17:22:46 dav_response id=430 status=207 request_bytes=179 response_bytes=531
webdav-1  | 2026/09/19 17:22:46 dav_request id=431 method=PROPFIND path_sha256=33e1fb332e24f1895ab96e7abbfc3758e9375cd0576ec67f53921e283b5b5bbd content_length=179 has_if=false
webdav-1  | 2026/09/19 17:22:46 dav_response id=431 status=207 request_bytes=179 response_bytes=531
webdav-1  | 2026/09/19 17:22:46 dav_request id=432 method=PROPFIND path_sha256=33e1fb332e24f1895ab96e7abbfc3758e9375cd0576ec67f53921e283b5b5bbd content_length=179 has_if=false
webdav-1  | 2026/09/19 17:22:46 dav_response id=432 status=207 request_bytes=179 response_bytes=531
webdav-1  | 2026/09/19 17:22:46 dav_request id=433 method=PROPFIND path_sha256=33e1fb332e24f1895ab96e7abbfc3758e9375cd0576ec67f53921e283b5b5bbd content_length=179 has_if=false
webdav-1  | 2026/09/19 17:22:46 dav_response id=433 status=207 request_bytes=179 response_bytes=531
webdav-1  | 2026/09/19 17:22:46 dav_request id=434 method=PROPFIND path_sha256=33e1fb332e24f1895ab96e7abbfc3758e9375cd0576ec67f53921e283b5b5bbd content_length=179 has_if=false
webdav-1  | 2026/09/19 17:22:46 dav_response id=434 status=207 request_bytes=179 response_bytes=531
webdav-1  | 2026/09/19 17:22:46 dav_request id=435 method=PROPFIND path_sha256=33e1fb332e24f1895ab96e7abbfc3758e9375cd0576ec67f53921e283b5b5bbd content_length=179 has_if=false
webdav-1  | 2026/09/19 17:22:46 dav_response id=435 status=207 request_bytes=179 response_bytes=531
webdav-1  | 2026/09/19 17:22:46 dav_request id=436 method=PROPFIND path_sha256=33e1fb332e24f1895ab96e7abbfc3758e9375cd0576ec67f53921e283b5b5bbd content_length=179 has_if=false
webdav-1  | 2026/09/19 17:22:46 dav_response id=436 status=207 request_bytes=179 response_bytes=531
webdav-1  | 2026/09/19 17:22:46 dav_request id=437 method=PROPFIND path_sha256=33e1fb332e24f1895ab96e7abbfc3758e9375cd0576ec67f53921e283b5b5bbd content_length=179 has_if=false
webdav-1  | 2026/09/19 17:22:46 dav_response id=437 status=207 request_bytes=179 response_bytes=531
webdav-1  | 2026/09/19 17:22:46 dav_request id=438 method=PROPFIND path_sha256=33e1fb332e24f1895ab96e7abbfc3758e9375cd0576ec67f53921e283b5b5bbd content_length=179 has_if=false
webdav-1  | 2026/09/19 17:22:46 dav_response id=438 status=207 request_bytes=179 response_bytes=531
webdav-1  | 2026/09/19 17:22:46 dav_request id=439 method=PROPFIND path_sha256=33e1fb332e24f1895ab96e7abbfc3758e9375cd0576ec67f53921e283b5b5bbd content_length=179 has_if=false
webdav-1  | 2026/09/19 17:22:46 dav_response id=439 status=207 request_bytes=179 response_bytes=531
webdav-1  | 2026/09/19 17:22:46 dav_request id=440 method=PROPFIND path_sha256=33e1fb332e24f1895ab96e7abbfc3758e9375cd0576ec67f53921e283b5b5bbd content_length=179 has_if=false
webdav-1  | 2026/09/19 17:22:46 dav_response id=440 status=207 request_bytes=179 response_bytes=531
webdav-1  | 2026/09/19 17:22:46 dav_request id=441 method=PROPFIND path_sha256=33e1fb332e24f1895ab96e7abbfc3758e9375cd0576ec67f53921e283b5b5bbd content_length=179 has_if=false
webdav-1  | 2026/09/19 17:22:46 dav_response id=441 status=207 request_bytes=179 response_bytes=531
webdav-1  | 2026/09/19 17:22:46 dav_request id=442 method=PROPFIND path_sha256=33e1fb332e24f1895ab96e7abbfc3758e9375cd0576ec67f53921e283b5b5bbd content_length=179 has_if=false
webdav-1  | 2026/09/19 17:22:46 dav_response id=442 status=207 request_bytes=179 response_bytes=531
webdav-1  | 2026/09/19 17:22:46 dav_request id=443 method=PROPFIND path_sha256=33e1fb332e24f1895ab96e7abbfc3758e9375cd0576ec67f53921e283b5b5bbd content_length=179 has_if=false
webdav-1  | 2026/09/19 17:22:46 dav_response id=443 status=207 request_bytes=179 response_bytes=531
webdav-1  | 2026/09/19 17:22:46 dav_request id=444 method=PROPFIND path_sha256=33e1fb332e24f1895ab96e7abbfc3758e9375cd0576ec67f53921e283b5b5bbd content_length=179 has_if=false
webdav-1  | 2026/09/19 17:22:46 dav_response id=444 status=207 request_bytes=179 response_bytes=531
webdav-1  | 2026/09/19 17:22:46 dav_request id=445 method=PROPFIND path_sha256=33e1fb332e24f1895ab96e7abbfc3758e9375cd0576ec67f53921e283b5b5bbd content_length=179 has_if=false
webdav-1  | 2026/09/19 17:22:46 dav_response id=445 status=207 request_bytes=179 response_bytes=531
webdav-1  | 2026/09/19 17:22:46 dav_request id=446 method=PROPFIND path_sha256=33e1fb332e24f1895ab96e7abbfc3758e9375cd0576ec67f53921e283b5b5bbd content_length=179 has_if=false
webdav-1  | 2026/09/19 17:22:46 dav_response id=446 status=207 request_bytes=179 response_bytes=531
webdav-1  | 2026/09/19 17:22:46 dav_request id=447 method=PROPFIND path_sha256=33e1fb332e24f1895ab96e7abbfc3758e9375cd0576ec67f53921e283b5b5bbd content_length=179 has_if=false
webdav-1  | 2026/09/19 17:22:46 dav_response id=447 status=207 request_bytes=179 response_bytes=531
webdav-1  | 2026/09/19 17:22:46 dav_request id=448 method=PROPFIND path_sha256=33e1fb332e24f1895ab96e7abbfc3758e9375cd0576ec67f53921e283b5b5bbd content_length=179 has_if=false
webdav-1  | 2026/09/19 17:22:46 dav_response id=448 status=207 request_bytes=179 response_bytes=531
webdav-1  | 2026/09/19 17:22:46 dav_request id=449 method=PROPFIND path_sha256=33e1fb332e24f1895ab96e7abbfc3758e9375cd0576ec67f53921e283b5b5bbd content_length=179 has_if=false
webdav-1  | 2026/09/19 17:22:46 dav_response id=449 status=207 request_bytes=179 response_bytes=531
webdav-1  | 2026/09/19 17:22:46 dav_request id=450 method=PROPFIND path_sha256=33e1fb332e24f1895ab96e7abbfc3758e9375cd0576ec67f53921e283b5b5bbd content_length=179 has_if=false
webdav-1  | 2026/09/19 17:22:46 dav_response id=450 status=207 request_bytes=179 response_bytes=531
webdav-1  | 2026/09/19 17:22:46 dav_request id=451 method=PROPFIND path_sha256=33e1fb332e24f1895ab96e7abbfc3758e9375cd0576ec67f53921e283b5b5bbd content_length=179 has_if=false
webdav-1  | 2026/09/19 17:22:46 dav_response id=451 status=207 request_bytes=179 response_bytes=531
webdav-1  | 2026/09/19 17:22:46 dav_request id=452 method=PROPFIND path_sha256=33e1fb332e24f1895ab96e7abbfc3758e9375cd0576ec67f53921e283b5b5bbd content_length=179 has_if=false
webdav-1  | 2026/09/19 17:22:46 dav_response id=452 status=207 request_bytes=179 response_bytes=531
webdav-1  | 2026/09/19 17:22:46 dav_request id=453 method=PROPFIND path_sha256=33e1fb332e24f1895ab96e7abbfc3758e9375cd0576ec67f53921e283b5b5bbd content_length=179 has_if=false
webdav-1  | 2026/09/19 17:22:46 dav_response id=453 status=207 request_bytes=179 response_bytes=531
webdav-1  | 2026/09/19 17:22:46 dav_request id=454 method=PROPFIND path_sha256=33e1fb332e24f1895ab96e7abbfc3758e9375cd0576ec67f53921e283b5b5bbd content_length=179 has_if=false
webdav-1  | 2026/09/19 17:22:46 dav_response id=454 status=207 request_bytes=179 response_bytes=531
webdav-1  | 2026/09/19 17:22:46 dav_request id=455 method=PROPFIND path_sha256=33e1fb332e24f1895ab96e7abbfc3758e9375cd0576ec67f53921e283b5b5bbd content_length=179 has_if=false
webdav-1  | 2026/09/19 17:22:46 dav_response id=455 status=207 request_bytes=179 response_bytes=531
webdav-1  | 2026/09/19 17:22:46 dav_request id=456 method=PROPFIND path_sha256=33e1fb332e24f1895ab96e7abbfc3758e9375cd0576ec67f53921e283b5b5bbd content_length=179 has_if=false
webdav-1  | 2026/09/19 17:22:46 dav_response id=456 status=207 request_bytes=179 response_bytes=531
webdav-1  | 2026/09/19 17:22:46 dav_request id=457 method=PROPFIND path_sha256=8a5edab282632443219e051e4ade2d1d5bbc671c781051bf1437897cbdfea0f1 content_length=179 has_if=false
webdav-1  | 2026/09/19 17:22:46 dav_response id=457 status=207 request_bytes=179 response_bytes=2301
webdav-1  | 2026/09/19 17:22:46 dav_request id=458 method=PROPFIND path_sha256=8a5edab282632443219e051e4ade2d1d5bbc671c781051bf1437897cbdfea0f1 content_length=179 has_if=false
webdav-1  | 2026/09/19 17:22:46 dav_response id=458 status=207 request_bytes=179 response_bytes=2301
webdav-1  | 2026/09/19 17:22:46 dav_request id=459 method=PROPFIND path_sha256=33e1fb332e24f1895ab96e7abbfc3758e9375cd0576ec67f53921e283b5b5bbd content_length=179 has_if=false
webdav-1  | 2026/09/19 17:22:46 dav_response id=459 status=207 request_bytes=179 response_bytes=531
webdav-1  | 2026/09/19 17:22:46 dav_request id=460 method=PROPFIND path_sha256=33e1fb332e24f1895ab96e7abbfc3758e9375cd0576ec67f53921e283b5b5bbd content_length=179 has_if=false
webdav-1  | 2026/09/19 17:22:46 dav_response id=460 status=207 request_bytes=179 response_bytes=531
webdav-1  | 2026/09/19 17:22:46 dav_request id=461 method=PROPFIND path_sha256=33e1fb332e24f1895ab96e7abbfc3758e9375cd0576ec67f53921e283b5b5bbd content_length=179 has_if=false
webdav-1  | 2026/09/19 17:22:46 dav_response id=461 status=207 request_bytes=179 response_bytes=531
webdav-1  | 2026/09/19 17:22:46 dav_request id=462 method=PROPFIND path_sha256=33e1fb332e24f1895ab96e7abbfc3758e9375cd0576ec67f53921e283b5b5bbd content_length=179 has_if=false
webdav-1  | 2026/09/19 17:22:46 dav_response id=462 status=207 request_bytes=179 response_bytes=531
webdav-1  | 2026/09/19 17:22:46 dav_request id=463 method=OPTIONS path_sha256=8a5edab282632443219e051e4ade2d1d5bbc671c781051bf1437897cbdfea0f1 content_length=0 has_if=false
webdav-1  | 2026/09/19 17:22:46 dav_response id=463 status=200 request_bytes=0 response_bytes=0
webdav-1  | 2026/09/19 17:22:50 dav_request id=464 method=PROPFIND path_sha256=33e1fb332e24f1895ab96e7abbfc3758e9375cd0576ec67f53921e283b5b5bbd content_length=179 has_if=false
webdav-1  | 2026/09/19 17:22:50 dav_response id=464 status=207 request_bytes=179 response_bytes=531
webdav-1  | 2026/09/19 17:22:50 dav_request id=465 method=PROPFIND path_sha256=33e1fb332e24f1895ab96e7abbfc3758e9375cd0576ec67f53921e283b5b5bbd content_length=179 has_if=false
webdav-1  | 2026/09/19 17:22:50 dav_response id=465 status=207 request_bytes=179 response_bytes=531
webdav-1  | 2026/09/19 17:22:50 dav_request id=466 method=PROPFIND path_sha256=33e1fb332e24f1895ab96e7abbfc3758e9375cd0576ec67f53921e283b5b5bbd content_length=179 has_if=false
webdav-1  | 2026/09/19 17:22:50 dav_response id=466 status=207 request_bytes=179 response_bytes=531
webdav-1  | 2026/09/19 17:22:52 dav_request id=467 method=OPTIONS path_sha256=8a5edab282632443219e051e4ade2d1d5bbc671c781051bf1437897cbdfea0f1 content_length=0 has_if=false
webdav-1  | 2026/09/19 17:22:52 dav_response id=467 status=200 request_bytes=0 response_bytes=0
webdav-1  | 2026/09/19 17:22:54 dav_request id=468 method=PROPFIND path_sha256=8a5edab282632443219e051e4ade2d1d5bbc671c781051bf1437897cbdfea0f1 content_length=179 has_if=false
webdav-1  | 2026/09/19 17:22:54 dav_response id=468 status=207 request_bytes=179 response_bytes=495
webdav-1  | 2026/09/19 17:22:54 dav_request id=469 method=PROPFIND path_sha256=33e1fb332e24f1895ab96e7abbfc3758e9375cd0576ec67f53921e283b5b5bbd content_length=179 has_if=false
webdav-1  | 2026/09/19 17:22:54 dav_response id=469 status=207 request_bytes=179 response_bytes=531
webdav-1  | 2026/09/19 17:22:54 dav_request id=470 method=PROPFIND path_sha256=ca3e0cc9ba77af604d969f5134c1ffdc9d049e7456f1e4e7863079d6cd90a13c content_length=179 has_if=false
webdav-1  | 2026/09/19 17:22:54 dav_response id=470 status=404 request_bytes=179 response_bytes=9
webdav-1  | 2026/09/19 17:22:54 dav_request id=471 method=PUT path_sha256=ca3e0cc9ba77af604d969f5134c1ffdc9d049e7456f1e4e7863079d6cd90a13c content_length=0 has_if=false
webdav-1  | 2026/09/19 17:22:54 dav_response id=471 status=201 request_bytes=0 response_bytes=0
webdav-1  | 2026/09/19 17:22:54 dav_request id=472 method=PROPFIND path_sha256=23bd6e4590ccbd43eb688497a2b7306d5b0f9ea60e5f490a1d4aaeeace79489c content_length=179 has_if=false
webdav-1  | 2026/09/19 17:22:54 dav_response id=472 status=404 request_bytes=179 response_bytes=9
webdav-1  | 2026/09/19 17:22:54 dav_request id=473 method=LOCK path_sha256=ca3e0cc9ba77af604d969f5134c1ffdc9d049e7456f1e4e7863079d6cd90a13c content_length=229 has_if=false
webdav-1  | 2026/09/19 17:22:54 dav_response id=473 status=200 request_bytes=229 response_bytes=497
webdav-1  | 2026/09/19 17:22:54 dav_request id=474 method=UNLOCK path_sha256=ca3e0cc9ba77af604d969f5134c1ffdc9d049e7456f1e4e7863079d6cd90a13c content_length=0 has_if=false
webdav-1  | 2026/09/19 17:22:54 dav_response id=474 status=204 request_bytes=0 response_bytes=0
webdav-1  | 2026/09/19 17:22:54 dav_request id=475 method=PROPFIND path_sha256=ca3e0cc9ba77af604d969f5134c1ffdc9d049e7456f1e4e7863079d6cd90a13c content_length=179 has_if=false
webdav-1  | 2026/09/19 17:22:54 dav_response id=475 status=404 request_bytes=0 response_bytes=19
webdav-1  | 2026/09/19 17:22:54 dav_request id=476 method=LOCK path_sha256=ca3e0cc9ba77af604d969f5134c1ffdc9d049e7456f1e4e7863079d6cd90a13c content_length=229 has_if=false
webdav-1  | 2026/09/19 17:22:54 dav_response id=476 status=200 request_bytes=229 response_bytes=497
webdav-1  | 2026/09/19 17:22:54 dav_request id=477 method=UNLOCK path_sha256=ca3e0cc9ba77af604d969f5134c1ffdc9d049e7456f1e4e7863079d6cd90a13c content_length=0 has_if=false
webdav-1  | 2026/09/19 17:22:54 dav_response id=477 status=204 request_bytes=0 response_bytes=0
webdav-1  | 2026/09/19 17:22:54 dav_request id=478 method=PROPFIND path_sha256=23bd6e4590ccbd43eb688497a2b7306d5b0f9ea60e5f490a1d4aaeeace79489c content_length=179 has_if=false
webdav-1  | 2026/09/19 17:22:54 dav_response id=478 status=404 request_bytes=179 response_bytes=9
webdav-1  | 2026/09/19 17:22:54 dav_request id=479 method=PUT path_sha256=23bd6e4590ccbd43eb688497a2b7306d5b0f9ea60e5f490a1d4aaeeace79489c content_length=0 has_if=false
webdav-1  | 2026/09/19 17:22:54 dav_response id=479 status=201 request_bytes=0 response_bytes=0
webdav-1  | 2026/09/19 17:22:54 dav_request id=480 method=LOCK path_sha256=23bd6e4590ccbd43eb688497a2b7306d5b0f9ea60e5f490a1d4aaeeace79489c content_length=229 has_if=false
webdav-1  | 2026/09/19 17:22:54 dav_response id=480 status=200 request_bytes=229 response_bytes=499
webdav-1  | 2026/09/19 17:22:54 dav_request id=481 method=PUT path_sha256=23bd6e4590ccbd43eb688497a2b7306d5b0f9ea60e5f490a1d4aaeeace79489c content_length=4096 has_if=true
webdav-1  | 2026/09/19 17:22:54 dav_request id=482 method=PROPFIND path_sha256=ca3e0cc9ba77af604d969f5134c1ffdc9d049e7456f1e4e7863079d6cd90a13c content_length=179 has_if=false
webdav-1  | 2026/09/19 17:22:54 dav_response id=482 status=404 request_bytes=0 response_bytes=19
webdav-1  | 2026/09/19 17:22:57 dav_request id=483 method=OPTIONS path_sha256=8a5edab282632443219e051e4ade2d1d5bbc671c781051bf1437897cbdfea0f1 content_length=0 has_if=false
webdav-1  | 2026/09/19 17:22:57 dav_response id=483 status=200 request_bytes=0 response_bytes=0
webdav-1  | 2026/09/19 17:22:58 dav_response id=481 status=201 request_bytes=4096 response_bytes=7
webdav-1  | 2026/09/19 17:22:58 dav_request id=484 method=UNLOCK path_sha256=23bd6e4590ccbd43eb688497a2b7306d5b0f9ea60e5f490a1d4aaeeace79489c content_length=0 has_if=false
webdav-1  | 2026/09/19 17:22:58 dav_response id=484 status=204 request_bytes=0 response_bytes=0
webdav-1  | 2026/09/19 17:22:58 dav_request id=485 method=LOCK path_sha256=ca3e0cc9ba77af604d969f5134c1ffdc9d049e7456f1e4e7863079d6cd90a13c content_length=229 has_if=false
webdav-1  | 2026/09/19 17:22:58 dav_response id=485 status=200 request_bytes=229 response_bytes=497
webdav-1  | 2026/09/19 17:22:58 dav_request id=486 method=GET path_sha256=ca3e0cc9ba77af604d969f5134c1ffdc9d049e7456f1e4e7863079d6cd90a13c content_length=0 has_if=false
webdav-1  | 2026/09/19 17:22:58 dav_response id=486 status=404 request_bytes=0 response_bytes=19
webdav-1  | 2026/09/19 17:22:58 dav_request id=487 method=PROPFIND path_sha256=ca3e0cc9ba77af604d969f5134c1ffdc9d049e7456f1e4e7863079d6cd90a13c content_length=179 has_if=false
webdav-1  | 2026/09/19 17:22:58 dav_response id=487 status=404 request_bytes=0 response_bytes=19
webdav-1  | 2026/09/19 17:22:58 dav_request id=488 method=PROPFIND path_sha256=ca3e0cc9ba77af604d969f5134c1ffdc9d049e7456f1e4e7863079d6cd90a13c content_length=179 has_if=false
webdav-1  | 2026/09/19 17:22:58 dav_response id=488 status=404 request_bytes=0 response_bytes=19
webdav-1  | 2026/09/19 17:22:58 dav_request id=489 method=PROPFIND path_sha256=23bd6e4590ccbd43eb688497a2b7306d5b0f9ea60e5f490a1d4aaeeace79489c content_length=179 has_if=false
webdav-1  | 2026/09/19 17:22:58 dav_response id=489 status=207 request_bytes=179 response_bytes=538
webdav-1  | 2026/09/19 17:22:58 dav_request id=490 method=PROPFIND path_sha256=33e1fb332e24f1895ab96e7abbfc3758e9375cd0576ec67f53921e283b5b5bbd content_length=179 has_if=false
webdav-1  | 2026/09/19 17:22:58 dav_response id=490 status=207 request_bytes=179 response_bytes=985
webdav-1  | 2026/09/19 17:22:59 dav_request id=491 method=GET path_sha256=ca3e0cc9ba77af604d969f5134c1ffdc9d049e7456f1e4e7863079d6cd90a13c content_length=0 has_if=false
webdav-1  | 2026/09/19 17:22:59 dav_response id=491 status=404 request_bytes=0 response_bytes=19
webdav-1  | 2026/09/19 17:23:02 dav_request id=492 method=OPTIONS path_sha256=8a5edab282632443219e051e4ade2d1d5bbc671c781051bf1437897cbdfea0f1 content_length=0 has_if=false
webdav-1  | 2026/09/19 17:23:02 dav_response id=492 status=200 request_bytes=0 response_bytes=0
webdav-1  | 2026/09/19 17:23:07 dav_request id=493 method=OPTIONS path_sha256=8a5edab282632443219e051e4ade2d1d5bbc671c781051bf1437897cbdfea0f1 content_length=0 has_if=false
webdav-1  | 2026/09/19 17:23:07 dav_response id=493 status=200 request_bytes=0 response_bytes=0
webdav-1  | 2026/09/19 17:23:12 dav_request id=494 method=OPTIONS path_sha256=8a5edab282632443219e051e4ade2d1d5bbc671c781051bf1437897cbdfea0f1 content_length=0 has_if=false
webdav-1  | 2026/09/19 17:23:12 dav_response id=494 status=200 request_bytes=0 response_bytes=0
webdav-1  | 2026/09/19 17:23:17 dav_request id=495 method=OPTIONS path_sha256=8a5edab282632443219e051e4ade2d1d5bbc671c781051bf1437897cbdfea0f1 content_length=0 has_if=false
webdav-1  | 2026/09/19 17:23:17 dav_response id=495 status=200 request_bytes=0 response_bytes=0
